Component: ARM Compiler 5.06 update 6 (build 750) Tool: armlink [4d35ed]

==============================================================================

Section Cross References

    startup_stm32f429xx.o(RESET) refers to startup_stm32f429xx.o(STACK) for __initial_sp
    startup_stm32f429xx.o(RESET) refers to startup_stm32f429xx.o(.text) for Reset_Handler
    startup_stm32f429xx.o(RESET) refers to stm32f4xx_it.o(i.NMI_Handler) for NMI_Handler
    startup_stm32f429xx.o(RESET) refers to stm32f4xx_it.o(i.HardFault_Handler) for HardFault_Handler
    startup_stm32f429xx.o(RESET) refers to stm32f4xx_it.o(i.MemManage_Handler) for MemManage_Handler
    startup_stm32f429xx.o(RESET) refers to stm32f4xx_it.o(i.BusFault_Handler) for BusFault_Handler
    startup_stm32f429xx.o(RESET) refers to stm32f4xx_it.o(i.UsageFault_Handler) for UsageFault_Handler
    startup_stm32f429xx.o(RESET) refers to port.o(.emb_text) for SVC_Handler
    startup_stm32f429xx.o(RESET) refers to stm32f4xx_it.o(i.DebugMon_Handler) for DebugMon_Handler
    startup_stm32f429xx.o(RESET) refers to port.o(i.SysTick_Handler) for SysTick_Handler
    startup_stm32f429xx.o(RESET) refers to stm32f4xx_it.o(i.TIM1_UP_TIM10_IRQHandler) for TIM1_UP_TIM10_IRQHandler
    startup_stm32f429xx.o(RESET) refers to stm32f4xx_it.o(i.DMA2_Stream1_IRQHandler) for DMA2_Stream1_IRQHandler
    startup_stm32f429xx.o(RESET) refers to stm32f4xx_it.o(i.DMA2_Stream6_IRQHandler) for DMA2_Stream6_IRQHandler
    startup_stm32f429xx.o(RESET) refers to stm32f4xx_it.o(i.USART6_IRQHandler) for USART6_IRQHandler
    startup_stm32f429xx.o(.text) refers to system_stm32f4xx.o(i.SystemInit) for SystemInit
    startup_stm32f429xx.o(.text) refers to entry.o(.ARM.Collect$$$$00000000) for __main
    uart_driver.o(i.InitPeripherals) refers to cycle_queue.o(i.QueueInitiate) for QueueInitiate
    uart_driver.o(i.InitPeripherals) refers to uart_driver.o(.bss) for .bss
    uart_driver.o(i.MX_UART_Config) refers to stm32f4xx_hal_uart.o(i.HAL_UART_DeInit) for HAL_UART_DeInit
    uart_driver.o(i.MX_UART_Config) refers to stm32f4xx_hal_uart.o(i.HAL_UART_Init) for HAL_UART_Init
    uart_driver.o(i.MX_UART_Config) refers to cmsis_os.o(i.osDelay) for osDelay
    uart_driver.o(i.MX_UART_Config) refers to stm32f4xx_hal_uart.o(i.HAL_UART_Receive_DMA) for HAL_UART_Receive_DMA
    uart_driver.o(i.MX_UART_Config) refers to stm32f4xx_hal_cortex.o(i.HAL_NVIC_SetPriority) for HAL_NVIC_SetPriority
    uart_driver.o(i.MX_UART_Config) refers to stm32f4xx_hal_cortex.o(i.HAL_NVIC_EnableIRQ) for HAL_NVIC_EnableIRQ
    uart_driver.o(i.MX_UART_Config) refers to printf8.o(i.__0printf$8) for __2printf
    uart_driver.o(i.MX_UART_Config) refers to uart_driver.o(.bss) for .bss
    uart_driver.o(i.UartIdleReceiveData) refers to stm32f4xx_hal_uart.o(i.HAL_UART_DMAStop) for HAL_UART_DMAStop
    uart_driver.o(i.UartIdleReceiveData) refers to cycle_queue.o(i.QueueAppend) for QueueAppend
    uart_driver.o(i.UartIdleReceiveData) refers to stm32f4xx_hal_uart.o(i.HAL_UART_DMAResume) for HAL_UART_DMAResume
    uart_driver.o(i.UartIdleReceiveData) refers to stm32f4xx_hal_uart.o(i.HAL_UART_Receive_DMA) for HAL_UART_Receive_DMA
    uart_driver.o(i.UartIdleReceiveData) refers to main.o(.bss) for hdma_usart6_rx
    uart_driver.o(i.UartIdleReceiveData) refers to uart_driver.o(.data) for .data
    uart_driver.o(i.UartSendData) refers to stm32f4xx_hal_uart.o(i.HAL_UART_Transmit) for HAL_UART_Transmit
    uart_driver.o(i.UartSendData) refers to stm32f4xx_hal_uart.o(i.HAL_UART_DMAResume) for HAL_UART_DMAResume
    uart_driver.o(i.UartSendData) refers to stm32f4xx_hal_uart.o(i.HAL_UART_Receive_DMA) for HAL_UART_Receive_DMA
    uart_driver.o(i.UartSendData) refers to uart_driver.o(.bss) for .bss
    cycle_queue.o(i.QueueDelete) refers to port.o(i.vPortEnterCritical) for vPortEnterCritical
    cycle_queue.o(i.QueueDelete) refers to port.o(i.vPortExitCritical) for vPortExitCritical
    cycle_queue.o(i.QueueInitiate) refers to uart_driver.o(.bss) for UsartType
    cycle_queue.o(i.QueueNotEmpty) refers to port.o(i.vPortEnterCritical) for vPortEnterCritical
    cycle_queue.o(i.QueueNotEmpty) refers to port.o(i.vPortExitCritical) for vPortExitCritical
    lwip.o(i.sys_jiffies) refers to stm32f4xx_hal.o(i.HAL_GetTick) for HAL_GetTick
    lwip.o(i.sys_now) refers to stm32f4xx_hal.o(i.HAL_GetTick) for HAL_GetTick
    pppapp.o(i.PRINT) refers to printf8.o(i.__0printf$8) for __2printf
    pppapp.o(i.PppRead) refers to cycle_queue.o(i.QueueNotEmpty) for QueueNotEmpty
    pppapp.o(i.PppRead) refers to cycle_queue.o(i.QueueDelete) for QueueDelete
    pppapp.o(i.PppRead) refers to pppapp.o(i.PRINT) for PRINT
    pppapp.o(i.PppRead) refers to port.o(i.vPortEnterCritical) for vPortEnterCritical
    pppapp.o(i.PppRead) refers to pppos.o(i.pppos_input_tcpip) for pppos_input_tcpip
    pppapp.o(i.PppRead) refers to port.o(i.vPortExitCritical) for vPortExitCritical
    pppapp.o(i.PppRead) refers to cmsis_os.o(i.osDelay) for osDelay
[...]
    tcp_process_refused_data                 0x0800e2f1   Thumb Code   132  tcp.o(i.tcp_process_refused_data)
    tcp_recv                                 0x0800ecf9   Thumb Code    34  tcp.o(i.tcp_recv)
    tcp_recv_null                            0x0800ed9d   Thumb Code    60  tcp.o(i.tcp_recv_null)
    tcp_recved                               0x0800ee4d   Thumb Code   104  tcp.o(i.tcp_recved)
    tcp_rexmit                               0x0800efa5   Thumb Code   118  tcp_out.o(i.tcp_rexmit)
    tcp_rexmit_fast                          0x0800f091   Thumb Code   108  tcp_out.o(i.tcp_rexmit_fast)
    tcp_rexmit_rto                           0x0800f179   Thumb Code    42  tcp_out.o(i.tcp_rexmit_rto)
    tcp_rexmit_rto_commit                    0x0800f21d   Thumb Code    44  tcp_out.o(i.tcp_rexmit_rto_commit)
    tcp_rexmit_rto_prepare                   0x0800f2c9   Thumb Code   118  tcp_out.o(i.tcp_rexmit_rto_prepare)
    tcp_rst                                  0x0800f3d1   Thumb Code   128  tcp_out.o(i.tcp_rst)
    tcp_seg_copy                             0x0800f4e5   Thumb Code    56  tcp.o(i.tcp_seg_copy)
    tcp_seg_free                             0x0800f591   Thumb Code    28  tcp.o(i.tcp_seg_free)
    tcp_segs_free                            0x0800f5ad   Thumb Code    18  tcp.o(i.tcp_segs_free)
    tcp_send_empty_ack                       0x0800f5c1   Thumb Code   110  tcp_out.o(i.tcp_send_empty_ack)
    tcp_send_fin                             0x0800f6ad   Thumb Code    84  tcp_out.o(i.tcp_send_fin)
    tcp_slowtmr                              0x0800f779   Thumb Code  1360  tcp.o(i.tcp_slowtmr)
    tcp_split_unsent_seg                     0x0800fd49   Thumb Code   374  tcp_out.o(i.tcp_split_unsent_seg)
    tcp_timer_needed                         0x0800ff89   Thumb Code    36  timeouts.o(i.tcp_timer_needed)
    tcp_tmr                                  0x080100bd   Thumb Code    28  tcp.o(i.tcp_tmr)
    tcp_trigger_input_pcb_close              0x080100dd   Thumb Code    12  tcp_in.o(i.tcp_trigger_input_pcb_close)
    tcp_update_rcv_ann_wnd                   0x080100ed   Thumb Code    92  tcp.o(i.tcp_update_rcv_ann_wnd)
    tcp_write                                0x080101e1   Thumb Code  1698  tcp_out.o(i.tcp_write)
    tcp_zero_window_probe                    0x08010a29   Thumb Code   190  tcp_out.o(i.tcp_zero_window_probe)
    tcpip_init                               0x08010b69   Thumb Code    88  tcpip.o(i.tcpip_init)
    tcpip_inpkt                              0x08010c79   Thumb Code    82  tcpip.o(i.tcpip_inpkt)
    tcpip_try_callback                       0x08010f35   Thumb Code    78  tcpip.o(i.tcpip_try_callback)
    udp_init                                 0x08011079   Thumb Code    20  udp.o(i.udp_init)
    udp_input                                0x08011091   Thumb Code   380  udp.o(i.udp_input)
    udp_netif_ip_addr_changed                0x080113cd   Thumb Code    48  udp.o(i.udp_netif_ip_addr_changed)
    upper_layers_down                        0x08011401   Thumb Code    72  auth.o(i.upper_layers_down)
    uxListRemove                             0x08011459   Thumb Code    38  list.o(i.uxListRemove)
    vApplicationGetIdleTaskMemory            0x08011481   Thumb Code    16  freertos.o(i.vApplicationGetIdleTaskMemory)
    vListInitialise                          0x08011495   Thumb Code    22  list.o(i.vListInitialise)
    vListInitialiseItem                      0x080114ab   Thumb Code     6  list.o(i.vListInitialiseItem)
    vListInsert                              0x080114b1   Thumb Code    48  list.o(i.vListInsert)
    vListInsertEnd                           0x080114e1   Thumb Code    24  list.o(i.vListInsertEnd)
    vPortEnterCritical                       0x080114f9   Thumb Code    54  port.o(i.vPortEnterCritical)
    vPortExitCritical                        0x08011539   Thumb Code    34  port.o(i.vPortExitCritical)
    vPortFree                                0x08011561   Thumb Code    88  heap_4.o(i.vPortFree)
    vPortSetupTimerInterrupt                 0x080115bd   Thumb Code    32  port.o(i.vPortSetupTimerInterrupt)
    vPortValidateInterruptPriority           0x080115e1   Thumb Code    74  port.o(i.vPortValidateInterruptPriority)
    vTaskDelay                               0x08011635   Thumb Code    66  tasks.o(i.vTaskDelay)
    vTaskDelete                              0x08011681   Thumb Code   158  tasks.o(i.vTaskDelete)
    vTaskInternalSetTimeOutState             0x0801172d   Thumb Code    12  tasks.o(i.vTaskInternalSetTimeOutState)
    vTaskMissedYield                         0x0801173d   Thumb Code     8  tasks.o(i.vTaskMissedYield)
    vTaskPlaceOnEventList                    0x08011749   Thumb Code    44  tasks.o(i.vTaskPlaceOnEventList)
    vTaskPriorityDisinheritAfterTimeout      0x08011779   Thumb Code   160  tasks.o(i.vTaskPriorityDisinheritAfterTimeout)
    vTaskStartScheduler                      0x08011821   Thumb Code    90  tasks.o(i.vTaskStartScheduler)
    vTaskSuspendAll                          0x0801188d   Thumb Code    10  tasks.o(i.vTaskSuspendAll)
    vTaskSwitchContext                       0x0801189d   Thumb Code    82  tasks.o(i.vTaskSwitchContext)
    vj_compress_init                         0x080118f9   Thumb Code    62  vj.o(i.vj_compress_init)
    vj_compress_tcp                          0x08011939   Thumb Code  1050  vj.o(i.vj_compress_tcp)
    vj_uncompress_err                        0x08011dcd   Thumb Code    16  vj.o(i.vj_uncompress_err)
    vj_uncompress_tcp                        0x08011ddd   Thumb Code   838  vj.o(i.vj_uncompress_tcp)
    vj_uncompress_uncomp                     0x080121e9   Thumb Code   124  vj.o(i.vj_uncompress_uncomp)
    xPortStartScheduler                      0x08012265   Thumb Code   222  port.o(i.xPortStartScheduler)
    xQueueCreateMutex                        0x08012359   Thumb Code    22  queue.o(i.xQueueCreateMutex)
    xQueueCreateMutexStatic                  0x0801236f   Thumb Code    26  queue.o(i.xQueueCreateMutexStatic)
    xQueueGenericCreate                      0x08012389   Thumb Code    72  queue.o(i.xQueueGenericCreate)
    xQueueGenericCreateStatic                0x080123d1   Thumb Code   102  queue.o(i.xQueueGenericCreateStatic)
    xQueueGenericReset                       0x08012439   Thumb Code   132  queue.o(i.xQueueGenericReset)
    xQueueGenericSend                        0x080124c1   Thumb Code   346  queue.o(i.xQueueGenericSend)
    xQueueGenericSendFromISR                 0x08012621   Thumb Code   188  queue.o(i.xQueueGenericSendFromISR)
    xQueueGiveFromISR                        0x080126dd   Thumb Code   156  queue.o(i.xQueueGiveFromISR)
    xQueueReceive                            0x08012779   Thumb Code   308  queue.o(i.xQueueReceive)
    xQueueReceiveFromISR                     0x080128b1   Thumb Code   154  queue.o(i.xQueueReceiveFromISR)
    xQueueSemaphoreTake                      0x0801294d   Thumb Code   372  queue.o(i.xQueueSemaphoreTake)
    xTaskCheckForTimeOut                     0x08012ac5   Thumb Code   112  tasks.o(i.xTaskCheckForTimeOut)
    xTaskCreate                              0x08012b39   Thumb Code    90  tasks.o(i.xTaskCreate)
    xTaskCreateStatic                        0x08012b93   Thumb Code    86  tasks.o(i.xTaskCreateStatic)
    xTaskGetSchedulerState                   0x08012be9   Thumb Code    22  tasks.o(i.xTaskGetSchedulerState)
    xTaskGetTickCount                        0x08012c05   Thumb Code     6  tasks.o(i.xTaskGetTickCount)
    xTaskGetTickCountFromISR                 0x08012c11   Thumb Code    12  tasks.o(i.xTaskGetTickCountFromISR)
    xTaskIncrementTick                       0x08012c21   Thumb Code   192  tasks.o(i.xTaskIncrementTick)
    xTaskPriorityDisinherit                  0x08012ce9   Thumb Code   144  tasks.o(i.xTaskPriorityDisinherit)
    xTaskPriorityInherit                     0x08012d81   Thumb Code   138  tasks.o(i.xTaskPriorityInherit)
    xTaskRemoveFromEventList                 0x08012e15   Thumb Code   108  tasks.o(i.xTaskRemoveFromEventList)
    xTaskResumeAll                           0x08012e89   Thumb Code   182  tasks.o(i.xTaskResumeAll)
    AHBPrescTable                            0x08012fc4   Data          16  system_stm32f4xx.o(.constdata)
    APBPrescTable                            0x08012fd4   Data           8  system_stm32f4xx.o(.constdata)
    memp_UDP_PCB                             0x08012fdc   Data          16  memp.o(.constdata)
    memp_TCP_PCB                             0x08012fec   Data          16  memp.o(.constdata)
    memp_TCP_PCB_LISTEN                      0x08012ffc   Data          16  memp.o(.constdata)
    memp_TCP_SEG                             0x0801300c   Data          16  memp.o(.constdata)
    memp_REASSDATA                           0x0801301c   Data          16  memp.o(.constdata)
    memp_FRAG_PBUF                           0x0801302c   Data          16  memp.o(.constdata)
    memp_NETBUF                              0x0801303c   Data          16  memp.o(.constdata)
    memp_NETCONN                             0x0801304c   Data          16  memp.o(.constdata)
    memp_TCPIP_MSG_API                       0x0801305c   Data          16  memp.o(.constdata)
    memp_TCPIP_MSG_INPKT                     0x0801306c   Data          16  memp.o(.constdata)
    memp_SYS_TIMEOUT                         0x0801307c   Data          16  memp.o(.constdata)
    memp_PBUF                                0x0801308c   Data          16  memp.o(.constdata)
    memp_PBUF_POOL                           0x0801309c   Data          16  memp.o(.constdata)
    memp_pools                               0x080130ac   Data          52  memp.o(.constdata)
    tcp_pcb_lists                            0x08013124   Data          16  tcp.o(.constdata)
    lwip_cyclic_timers                       0x08013134   Data          16  timeouts.o(.constdata)
    ip_addr_any                              0x08013144   Data           4  ip4_addr.o(.constdata)
    ip_addr_broadcast                        0x08013148   Data           4  ip4_addr.o(.constdata)
    ipcp_protent                             0x08013188   Data          32  ipcp.o(.constdata)
    lcp_protent                              0x080131e4   Data          32  lcp.o(.constdata)
    memp_PPP_PCB                             0x08013204   Data          16  ppp.o(.constdata)
    protocols                                0x08013214   Data          12  ppp.o(.constdata)
    memp_PPPOS_PCB                           0x08013220   Data          16  pppos.o(.constdata)
    os_mutex_def_lwip_sys_mutex              0x0801344c   Data           8  sys_arch.o(.constdata)
    __ctype_table                            0x08013464   Data         129  ctype_o.o(.constdata)
    Region$$Table$$Base                      0x080136c4   Number         0  anon$$obj.o(Region$$Table)
    Region$$Table$$Limit                     0x080136e4   Number         0  anon$$obj.o(Region$$Table)
    cache                                    0x20000000   Data           8  uart_driver.o(.data)
    ppp_conn_success                         0x20000008   Data           1  pppapp.o(.data)
    ppp                                      0x2000000c   Data           4  pppapp.o(.data)
    PPP_SEND_TASK_HANDLE                     0x20000010   Data           4  pppapp.o(.data)
    TCP_CLIENT_TASK_HANDLE                   0x20000014   Data           4  pppapp.o(.data)
    pcb                                      0x20000018   Data           4  pppapp.o(.data)
    pData                                    0x2000001c   Data           1  main.o(.data)
    defaultTaskHandle                        0x20000020   Data           4  main.o(.data)
    myTask02Handle                           0x20000024   Data           4  main.o(.data)
    http_get_lens_flag                       0x20000028   Data           1  test_http.o(.data)
    All_Data_lens                            0x2000002a   Data           2  test_http.o(.data)
    start_bits_of_HTTP                       0x2000002c   Data           2  test_http.o(.data)
    stop_bits_of_HTTP                        0x2000002e   Data           2  test_http.o(.data)
    true_server_name                         0x20000030   Data           4  test_http.o(.data)
    tcp_client_pcb                           0x20000034   Data           4  test_http.o(.data)
    url                                      0x20000038   Data         100  test_http.o(.data)
    uwTickFreq                               0x2000009c   Data           1  stm32f4xx_hal.o(.data)
    uwTickPrio                               0x200000a0   Data           4  stm32f4xx_hal.o(.data)
    uwTick                                   0x200000a4   Data           4  stm32f4xx_hal.o(.data)
    SystemCoreClock                          0x200000a8   Data           4  system_stm32f4xx.o(.data)
    pxCurrentTCB                             0x200000ac   Data           4  tasks.o(.data)
    lock_tcpip_core                          0x20000118   Data           4  tcpip.o(.data)
    netif_list                               0x20000164   Data           4  netif.o(.data)
    netif_default                            0x20000168   Data           4  netif.o(.data)
    pbuf_free_ooseq_pending                  0x2000016c   Data           1  pbuf.o(.data)
    tcp_active_pcbs_changed                  0x20000170   Data           1  tcp.o(.data)
    tcp_ticks                                0x2000017c   Data           4  tcp.o(.data)
    tcp_bound_pcbs                           0x20000180   Data           4  tcp.o(.data)
    tcp_listen_pcbs                          0x20000184   Data           4  tcp.o(.data)
    tcp_active_pcbs                          0x20000188   Data           4  tcp.o(.data)
    tcp_tw_pcbs                              0x2000018c   Data           4  tcp.o(.data)
    tcp_input_pcb                            0x200001b0   Data           4  tcp_in.o(.data)
    udp_pcbs                                 0x200001c4   Data           4  udp.o(.data)
    lwip_sys_mutex                           0x200001f4   Data           4  sys_arch.o(.data)
    __stdout                                 0x200001fc   Data           4  stdout.o(.data)
    seqCQueue                                0x20000204   Data          96  uart_driver.o(.bss)
    UsartType                                0x20000264   Data        3073  uart_driver.o(.bss)
    ppp_netif                                0x20000e68   Data          48  pppapp.o(.bss)
    huart4                                   0x20000e98   Data          64  main.o(.bss)
    huart6                                   0x20000ed8   Data          64  main.o(.bss)
    hdma_usart6_rx                           0x20000f18   Data          96  main.o(.bss)
    hdma_usart6_tx                           0x20000f78   Data          96  main.o(.bss)
    htim1                                    0x2000122c   Data          64  stm32f4xx_hal_timebase_tim.o(.bss)
    ip_data                                  0x20004f5c   Data          24  ip.o(.bss)
    ram_heap                                 0x20004f74   Data        3219  mem.o(.bss)
    memp_memory_UDP_PCB_base                 0x20005c07   Data         131  memp.o(.bss)
    memp_memory_TCP_PCB_base                 0x20005c94   Data         783  memp.o(.bss)
    memp_memory_TCP_PCB_LISTEN_base          0x20005fae   Data         227  memp.o(.bss)
    memp_memory_TCP_SEG_base                 0x2000609c   Data         259  memp.o(.bss)
    memp_memory_REASSDATA_base               0x200061aa   Data         163  memp.o(.bss)
    memp_memory_FRAG_PBUF_base               0x20006258   Data         363  memp.o(.bss)
    memp_memory_NETBUF_base                  0x200063ce   Data          35  memp.o(.bss)
    memp_memory_NETCONN_base                 0x200063fc   Data         163  memp.o(.bss)
    memp_memory_TCPIP_MSG_API_base           0x200064aa   Data         131  memp.o(.bss)
    memp_memory_TCPIP_MSG_INPKT_base         0x20006538   Data         131  memp.o(.bss)
    memp_memory_SYS_TIMEOUT_base             0x200065c6   Data          67  memp.o(.bss)
    memp_memory_PBUF_base                    0x20006614   Data         259  memp.o(.bss)
    memp_memory_PBUF_POOL_base               0x20006722   Data        9731  memp.o(.bss)
    lwip_stats                               0x20008d30   Data         228  stats.o(.bss)
    memp_memory_PPP_PCB_base                 0x20008e34   Data        4707  ppp.o(.bss)
    memp_memory_PPPOS_PCB_base               0x2000a0a2   Data          99  pppos.o(.bss)
    __initial_sp                             0x2000a510   Data           0  startup_stm32f429xx.o(STACK)



==============================================================================

Memory Map of the image

  Image Entry point : 0x080001ad

  Load Region LR_IROM1 (Base: 0x08000000, Size: 0x000138e8, Max: 0x00080000, ABSOLUTE, COMPRESSED[0x00013748])

    Execution Region ER_IROM1 (Exec base: 0x08000000, Load base: 0x08000000, Size: 0x000136e4, Max: 0x00080000, ABSOLUTE)

    Exec Addr    Load Addr    Size         Type   Attr      Idx    E Section Name        Object

    0x08000000   0x08000000   0x000001ac   Data   RO            3    RESET               startup_stm32f429xx.o
    0x080001ac   0x080001ac   0x00000000   Code   RO         9857  * .ARM.Collect$$$$00000000  mc_w.l(entry.o)
    0x080001ac   0x080001ac   0x00000004   Code   RO        10184    .ARM.Collect$$$$00000001  mc_w.l(entry2.o)
    0x080001b0   0x080001b0   0x00000004   Code   RO        10187    .ARM.Collect$$$$00000004  mc_w.l(entry5.o)
    0x080001b4   0x080001b4   0x00000000   Code   RO        10189    .ARM.Collect$$$$00000008  mc_w.l(entry7b.o)
    0x080001b4   0x080001b4   0x00000000   Code   RO        10191    .ARM.Collect$$$$0000000A  mc_w.l(entry8b.o)
    0x080001b4   0x080001b4   0x00000008   Code   RO        10192    .ARM.Collect$$$$0000000B  mc_w.l(entry9a.o)
    0x080001bc   0x080001bc   0x00000000   Code   RO        10194    .ARM.Collect$$$$0000000D  mc_w.l(entry10a.o)
    0x080001bc   0x080001bc   0x00000000   Code   RO        10196    .ARM.Collect$$$$0000000F  mc_w.l(entry11a.o)
    0x080001bc   0x080001bc   0x00000004   Code   RO        10185    .ARM.Collect$$$$00002712  mc_w.l(entry2.o)
    0x080001c0   0x080001c0   0x000000be   Code   RO         4903    .emb_text           port.o
    0x0800027e   0x0800027e   0x00000002   PAD
    0x08000280   0x08000280   0x00000024   Code   RO            4    .text               startup_stm32f429xx.o
    0x080002a4   0x080002a4   0x00000062   Code   RO         9860    .text               mc_w.l(uldiv.o)
    0x08000306   0x08000306   0x00000002   PAD
    0x08000308   0x08000308   0x00000008   Code   RO         9862    .text               mc_w.l(ctype_o.o)
    0x08000310   0x08000310   0x00000024   Code   RO         9890    .text               mc_w.l(rand.o)
    0x08000334   0x08000334   0x00000040   Code   RO         9895    .text               mc_w.l(memmovea.o)
    0x08000374   0x08000374   0x00000024   Code   RO         9899    .text               mc_w.l(memseta.o)
    0x08000398   0x08000398   0x00000024   Code   RO         9901    .text               mc_w.l(strstr.o)
    0x080003bc   0x080003bc   0x0000000e   Code   RO         9907    .text               mc_w.l(strlen.o)
    0x080003ca   0x080003ca   0x0000001a   Code   RO         9911    .text               mc_w.l(memcmp.o)
    0x080003e4   0x080003e4   0x0000001a   Code   RO        10182    .text               mc_w.l(atoi.o)
    0x080003fe   0x080003fe   0x0000001e   Code   RO        10201    .text               mc_w.l(llshl.o)
    0x0800041c   0x0800041c   0x00000020   Code   RO        10203    .text               mc_w.l(llushr.o)
    0x0800043c   0x0800043c   0x00000070   Code   RO        10212    .text               mc_w.l(strtol.o)
    0x080004ac   0x080004ac   0x00000024   Code   RO        10225    .text               mc_w.l(init.o)
    0x080004d0   0x080004d0   0x0000009e   Code   RO        10229    .text               mc_w.l(_strtoul.o)
    0x0800056e   0x0800056e   0x0000001c   Code   RO        10233    .text               mc_w.l(_chval.o)
    0x0800058a   0x0800058a   0x0000003a   Code   RO        10243    .text               mc_w.l(__dczerorl.o)
    0x080005c4   0x080005c4   0x00000002   Code   RO          892    i.BusFault_Handler  stm32f4xx_it.o
    0x080005c6   0x080005c6   0x00000002   PAD
    0x080005c8   0x080005c8   0x0000000c   Code   RO          893    i.DMA2_Stream1_IRQHandler  stm32f4xx_it.o
    0x080005d4   0x080005d4   0x0000000c   Code   RO          894    i.DMA2_Stream6_IRQHandler  stm32f4xx_it.o
    0x080005e0   0x080005e0   0x00000028   Code   RO         1724    i.DMA_CalcBaseAndBitshift  stm32f4xx_hal_dma.o
    0x08000608   0x08000608   0x00000054   Code   RO         1725    i.DMA_CheckFifoParam  stm32f4xx_hal_dma.o
    0x0800065c   0x0800065c   0x00000028   Code   RO         1726    i.DMA_SetConfig     stm32f4xx_hal_dma.o
    0x08000684   0x08000684   0x00000002   Code   RO          895    i.DebugMon_Handler  stm32f4xx_it.o
    0x08000686   0x08000686   0x00000002   Code   RO          754    i.Error_Handler     main.o
    0x08000688   0x08000688   0x0000008e   Code   RO         1727    i.HAL_DMA_Abort     stm32f4xx_hal_dma.o
    0x08000716   0x08000716   0x00000024   Code   RO         1728    i.HAL_DMA_Abort_IT  stm32f4xx_hal_dma.o
    0x0800073a   0x0800073a   0x00000002   PAD
    0x0800073c   0x0800073c   0x000001a0   Code   RO         1732    i.HAL_DMA_IRQHandler  stm32f4xx_hal_dma.o
    0x080008dc   0x080008dc   0x000000d4   Code   RO         1733    i.HAL_DMA_Init      stm32f4xx_hal_dma.o
    0x080009b0   0x080009b0   0x0000006e   Code   RO         1737    i.HAL_DMA_Start_IT  stm32f4xx_hal_dma.o
    0x08000a1e   0x08000a1e   0x00000002   PAD
    0x08000a20   0x08000a20   0x000001d4   Code   RO         1620    i.HAL_GPIO_Init     stm32f4xx_hal_gpio.o
    0x08000bf4   0x08000bf4   0x0000000a   Code   RO         1624    i.HAL_GPIO_WritePin  stm32f4xx_hal_gpio.o
    0x08000bfe   0x08000bfe   0x00000002   PAD
    0x08000c00   0x08000c00   0x0000000c   Code   RO         2172    i.HAL_GetTick       stm32f4xx_hal.o
    0x08000c0c   0x08000c0c   0x00000010   Code   RO         2178    i.HAL_IncTick       stm32f4xx_hal.o
    0x08000c1c   0x08000c1c   0x00000034   Code   RO         2179    i.HAL_Init          stm32f4xx_hal.o
    0x08000c50   0x08000c50   0x00000074   Code   RO         1011    i.HAL_InitTick      stm32f4xx_hal_timebase_tim.o
    0x08000cc4   0x08000cc4   0x00000030   Code   RO          974    i.HAL_MspInit       stm32f4xx_hal_msp.o
    0x08000cf4   0x08000cf4   0x0000001a   Code   RO         2027    i.HAL_NVIC_EnableIRQ  stm32f4xx_hal_cortex.o
    0x08000d0e   0x08000d0e   0x00000002   PAD
    0x08000d10   0x08000d10   0x00000040   Code   RO         2033    i.HAL_NVIC_SetPriority  stm32f4xx_hal_cortex.o
    0x08000d50   0x08000d50   0x00000024   Code   RO         2034    i.HAL_NVIC_SetPriorityGrouping  stm32f4xx_hal_cortex.o
    0x08000d74   0x08000d74   0x00000070   Code   RO         1956    i.HAL_PWREx_EnableOverDrive  stm32f4xx_hal_pwr_ex.o
    0x08000de4   0x08000de4   0x00000134   Code   RO         1214    i.HAL_RCC_ClockConfig  stm32f4xx_hal_rcc.o
    0x08000f18   0x08000f18   0x00000040   Code   RO         1218    i.HAL_RCC_GetClockConfig  stm32f4xx_hal_rcc.o
    0x08000f58   0x08000f58   0x00000020   Code   RO         1221    i.HAL_RCC_GetPCLK1Freq  stm32f4xx_hal_rcc.o
    0x08000f78   0x08000f78   0x00000020   Code   RO         1222    i.HAL_RCC_GetPCLK2Freq  stm32f4xx_hal_rcc.o
    0x08000f98   0x08000f98   0x00000060   Code   RO         1223    i.HAL_RCC_GetSysClockFreq  stm32f4xx_hal_rcc.o
    0x08000ff8   0x08000ff8   0x0000035c   Code   RO         1226    i.HAL_RCC_OscConfig  stm32f4xx_hal_rcc.o
    0x08001354   0x08001354   0x00000002   Code   RO         3104    i.HAL_TIMEx_BreakCallback  stm32f4xx_hal_tim_ex.o
    0x08001356   0x08001356   0x00000002   Code   RO         3105    i.HAL_TIMEx_CommutCallback  stm32f4xx_hal_tim_ex.o
    0x08001358   0x08001358   0x00000036   Code   RO         2429    i.HAL_TIM_Base_Init  stm32f4xx_hal_tim.o
    0x0800138e   0x0800138e   0x00000002   Code   RO         2431    i.HAL_TIM_Base_MspInit  stm32f4xx_hal_tim.o
    0x08001390   0x08001390   0x00000022   Code   RO         2434    i.HAL_TIM_Base_Start_IT  stm32f4xx_hal_tim.o
    0x080013b2   0x080013b2   0x00000002   Code   RO         2458    i.HAL_TIM_IC_CaptureCallback  stm32f4xx_hal_tim.o
    0x080013b4   0x080013b4   0x00000166   Code   RO         2472    i.HAL_TIM_IRQHandler  stm32f4xx_hal_tim.o
    0x0800151a   0x0800151a   0x00000002   Code   RO         2475    i.HAL_TIM_OC_DelayElapsedCallback  stm32f4xx_hal_tim.o
    0x0800151c   0x0800151c   0x00000002   Code   RO         2502    i.HAL_TIM_PWM_PulseFinishedCallback  stm32f4xx_hal_tim.o
    0x0800151e   0x0800151e   0x00000002   PAD
    0x08001520   0x08001520   0x00000014   Code   RO          755    i.HAL_TIM_PeriodElapsedCallback  main.o
    0x08001534   0x08001534   0x00000002   Code   RO         2515    i.HAL_TIM_TriggerCallback  stm32f4xx_hal_tim.o
    0x08001536   0x08001536   0x0000005e   Code   RO         3373    i.HAL_UART_DMAResume  stm32f4xx_hal_uart.o
    0x08001594   0x08001594   0x00000058   Code   RO         3374    i.HAL_UART_DMAStop  stm32f4xx_hal_uart.o
    0x080015ec   0x080015ec   0x00000002   Code   RO         3376    i.HAL_UART_ErrorCallback  stm32f4xx_hal_uart.o
    0x080015ee   0x080015ee   0x00000002   PAD
    0x080015f0   0x080015f0   0x00000114   Code   RO         3379    i.HAL_UART_IRQHandler  stm32f4xx_hal_uart.o
    0x08001704   0x08001704   0x00000062   Code   RO         3380    i.HAL_UART_Init     stm32f4xx_hal_uart.o
    0x08001766   0x08001766   0x00000002   PAD
    0x08001768   0x08001768   0x00000130   Code   RO          976    i.HAL_UART_MspInit  stm32f4xx_hal_msp.o
    0x08001898   0x08001898   0x00000098   Code   RO         3384    i.HAL_UART_Receive_DMA  stm32f4xx_hal_uart.o
    0x08001930   0x08001930   0x00000052   Code   RO         3385    i.HAL_UART_Receive_IT  stm32f4xx_hal_uart.o
    0x08001982   0x08001982   0x00000002   PAD
    0x08001984   0x08001984   0x0000003c   Code   RO          756    i.HAL_UART_RxCpltCallback  main.o
    0x080019c0   0x080019c0   0x00000002   Code   RO         3387    i.HAL_UART_RxHalfCpltCallback  stm32f4xx_hal_uart.o
    0x080019c2   0x080019c2   0x000000ba   Code   RO         3388    i.HAL_UART_Transmit  stm32f4xx_hal_uart.o
    0x08001a7c   0x08001a7c   0x00000002   Code   RO         3391    i.HAL_UART_TxCpltCallback  stm32f4xx_hal_uart.o
    0x08001a7e   0x08001a7e   0x00000004   Code   RO         1050    i.HTTPClientConnectError  test_http.o
    0x08001a82   0x08001a82   0x00000002   PAD
    0x08001a84   0x08001a84   0x00000064   Code   RO         1051    i.HTTP_Client_Initialization  test_http.o
    0x08001ae8   0x08001ae8   0x00000002   Code   RO          896    i.HardFault_Handler  stm32f4xx_it.o
    0x08001aea   0x08001aea   0x00000002   PAD
    0x08001aec   0x08001aec   0x0000000c   Code   RO           13    i.InitPeripherals   uart_driver.o
    0x08001af8   0x08001af8   0x00000070   Code   RO         8202    i.LcpEchoCheck      lcp.o
    0x08001b68   0x08001b68   0x00000014   Code   RO         8203    i.LcpEchoTimeout    lcp.o
    0x08001b7c   0x08001b7c   0x000000e0   Code   RO         8204    i.LcpSendEchoRequest  lcp.o
    0x08001c5c   0x08001c5c   0x0000007c   Code   RO          757    i.MX_GPIO_Init      main.o
    0x08001cd8   0x08001cd8   0x00000038   Code   RO          758    i.MX_USART6_UART_Init  main.o
    0x08001d10   0x08001d10   0x00000002   Code   RO          897    i.MemManage_Handler  stm32f4xx_it.o
    0x08001d12   0x08001d12   0x00000002   Code   RO          898    i.NMI_Handler       stm32f4xx_it.o
    0x08001d14   0x08001d14   0x0000004c   Code   RO          448    i.PRINT             pppapp.o
    0x08001d60   0x08001d60   0x0000004c   Code   RO          449    i.PppRead           pppapp.o
    0x08001dac   0x08001dac   0x0000004c   Code   RO          208    i.QueueAppend       cycle_queue.o
    0x08001df8   0x08001df8   0x00000042   Code   RO          209    i.QueueDelete       cycle_queue.o
    0x08001e3a   0x08001e3a   0x00000002   PAD
    0x08001e3c   0x08001e3c   0x00000034   Code   RO          210    i.QueueInitiate     cycle_queue.o
    0x08001e70   0x08001e70   0x00000034   Code   RO          211    i.QueueNotEmpty     cycle_queue.o
    0x08001ea4   0x08001ea4   0x00000054   Code   RO          759    i.StartDefaultTask  main.o
    0x08001ef8   0x08001ef8   0x00000030   Code   RO          760    i.StartTask_Test    main.o
    0x08001f28   0x08001f28   0x0000002c   Code   RO         4904    i.SysTick_Handler   port.o
    0x08001f54   0x08001f54   0x00000088   Code   RO          761    i.SystemClock_Config  main.o
    0x08001fdc   0x08001fdc   0x0000001c   Code   RO         3682    i.SystemInit        system_stm32f4xx.o
    0x08001ff8   0x08001ff8   0x00000098   Code   RO         1053    i.TCPClientCallback  test_http.o
    0x08002090   0x08002090   0x0000000c   Code   RO          899    i.TIM1_UP_TIM10_IRQHandler  stm32f4xx_it.o
    0x0800209c   0x0800209c   0x000000c8   Code   RO         2517    i.TIM_Base_SetConfig  stm32f4xx_hal_tim.o
    0x08002164   0x08002164   0x00000010   Code   RO         3393    i.UART_DMAAbortOnError  stm32f4xx_hal_uart.o
    0x08002174   0x08002174   0x0000004a   Code   RO         3394    i.UART_DMAError     stm32f4xx_hal_uart.o
    0x080021be   0x080021be   0x0000003c   Code   RO         3395    i.UART_DMAReceiveCplt  stm32f4xx_hal_uart.o
    0x080021fa   0x080021fa   0x0000000a   Code   RO         3397    i.UART_DMARxHalfCplt  stm32f4xx_hal_uart.o
    0x08002204   0x08002204   0x0000001c   Code   RO         3403    i.UART_EndRxTransfer  stm32f4xx_hal_uart.o
    0x08002220   0x08002220   0x00000012   Code   RO         3404    i.UART_EndTxTransfer  stm32f4xx_hal_uart.o
    0x08002232   0x08002232   0x00000096   Code   RO         3405    i.UART_Receive_IT   stm32f4xx_hal_uart.o
    0x080022c8   0x080022c8   0x00000128   Code   RO         3406    i.UART_SetConfig    stm32f4xx_hal_uart.o
    0x080023f0   0x080023f0   0x00000062   Code   RO         3407    i.UART_Transmit_IT  stm32f4xx_hal_uart.o
    0x08002452   0x08002452   0x00000064   Code   RO         3408    i.UART_WaitOnFlagUntilTimeout  stm32f4xx_hal_uart.o
    0x080024b6   0x080024b6   0x00000002   PAD
    0x080024b8   0x080024b8   0x0000001c   Code   RO          900    i.USART6_IRQHandler  stm32f4xx_it.o
    0x080024d4   0x080024d4   0x00000090   Code   RO           15    i.UartIdleReceiveData  uart_driver.o
    0x08002564   0x08002564   0x0000002c   Code   RO           16    i.UartSendData      uart_driver.o
    0x08002590   0x08002590   0x00000002   Code   RO          901    i.UsageFault_Handler  stm32f4xx_it.o
    0x08002592   0x08002592   0x00000002   PAD
    0x08002594   0x08002594   0x00000020   Code   RO        10128    i.__0printf$8       mc_w.l(printf8.o)
    0x080025b4   0x080025b4   0x00000028   Code   RO        10130    i.__0sprintf$8      mc_w.l(printf8.o)
    0x080025dc   0x080025dc   0x00000020   Code   RO         2040    i.__NVIC_SetPriority  stm32f4xx_hal_cortex.o
    0x080025fc   0x080025fc   0x00000008   Code   RO        10205    i.__aeabi_errno_addr  mc_w.l(errno.o)
    0x08002604   0x08002604   0x0000000e   Code   RO        10237    i.__scatterload_copy  mc_w.l(handlers.o)
    0x08002612   0x08002612   0x00000002   Code   RO        10238    i.__scatterload_null  mc_w.l(handlers.o)
    0x08002614   0x08002614   0x0000000e   Code   RO        10239    i.__scatterload_zeroinit  mc_w.l(handlers.o)
    0x08002622   0x08002622   0x00000002   PAD
    0x08002624   0x08002624   0x00000410   Code   RO        10135    i._printf_core      mc_w.l(printf8.o)
    0x08002a34   0x08002a34   0x00000024   Code   RO        10136    i._printf_post_padding  mc_w.l(printf8.o)
    0x08002a58   0x08002a58   0x0000002e   Code   RO        10137    i._printf_pre_padding  mc_w.l(printf8.o)
    0x08002a86   0x08002a86   0x0000000a   Code   RO        10139    i._sputc            mc_w.l(printf8.o)
    0x08002a90   0x08002a90   0x0000001c   Code   RO         8448    i.cifaddr           ppp.o
    0x08002aac   0x08002aac   0x00000030   Code   RO         1054    i.composite_send_string  test_http.o
    0x08002adc   0x08002adc   0x00000028   Code   RO          450    i.connect_to_server  pppapp.o
    0x08002b04   0x08002b04   0x00000070   Code   RO         9252    i.continue_networks  auth.o
    0x08002b74   0x08002b74   0x000000b0   Code   RO         6304    i.do_memp_free_pool  memp.o
    0x08002c24   0x08002c24   0x000000d4   Code   RO         6305    i.do_memp_malloc_pool  memp.o
    0x08002cf8   0x08002cf8   0x00000090   Code   RO         1055    i.find_string       test_http.o
    0x08002d88   0x08002d88   0x00000018   Code   RO          762    i.fputc             main.o
    0x08002da0   0x08002da0   0x00000054   Code   RO         7953    i.fsm_close         fsm.o
    0x08002df4   0x08002df4   0x00000012   Code   RO         7954    i.fsm_init          fsm.o
    0x08002e06   0x08002e06   0x00000002   PAD
    0x08002e08   0x08002e08   0x00000108   Code   RO         7955    i.fsm_input         fsm.o
    0x08002f10   0x08002f10   0x00000058   Code   RO         7956    i.fsm_lowerdown     fsm.o
    0x08002f68   0x08002f68   0x00000028   Code   RO         7957    i.fsm_lowerup       fsm.o
    0x08002f90   0x08002f90   0x0000005e   Code   RO         7958    i.fsm_open          fsm.o
    0x08002fee   0x08002fee   0x00000002   PAD
    0x08002ff0   0x08002ff0   0x00000054   Code   RO         7959    i.fsm_protreject    fsm.o
    0x08003044   0x08003044   0x000000dc   Code   RO         7960    i.fsm_rconfack      fsm.o
    0x08003120   0x08003120   0x00000124   Code   RO         7961    i.fsm_rconfnakrej   fsm.o
    0x08003244   0x08003244   0x000000c8   Code   RO         7962    i.fsm_rconfreq      fsm.o
    0x0800330c   0x0800330c   0x0000005c   Code   RO         7963    i.fsm_rtermack      fsm.o
    0x08003368   0x08003368   0x000000b4   Code   RO         7964    i.fsm_rtermreq      fsm.o
    0x0800341c   0x0800341c   0x00000194   Code   RO         7965    i.fsm_sconfreq      fsm.o
    0x080035b0   0x080035b0   0x0000008a   Code   RO         7966    i.fsm_sdata         fsm.o
    0x0800363a   0x0800363a   0x00000002   PAD
    0x0800363c   0x0800363c   0x000000d4   Code   RO         7967    i.fsm_timeout       fsm.o
    0x08003710   0x08003710   0x00000006   Code   RO         8449    i.get_mask          ppp.o
    0x08003716   0x08003716   0x00000002   PAD
    0x08003718   0x08003718   0x00000084   Code   RO         1056    i.http_Client_connected  test_http.o
    0x0800379c   0x0800379c   0x00000184   Code   RO         1058    i.http_get_data_string  test_http.o
    0x08003920   0x08003920   0x00000004   Code   RO         1060    i.http_init         test_http.o
    0x08003924   0x08003924   0x0000008c   Code   RO         1061    i.http_poll         test_http.o
    0x080039b0   0x080039b0   0x00000008   Code   RO         7696    i.icmp_dest_unreach  icmp.o
    0x080039b8   0x080039b8   0x00000250   Code   RO         7697    i.icmp_input        icmp.o
    0x08003c08   0x08003c08   0x0000011c   Code   RO         7698    i.icmp_send_response  icmp.o
    0x08003d24   0x08003d24   0x00000008   Code   RO         7699    i.icmp_time_exceeded  icmp.o
    0x08003d2c   0x08003d2c   0x0000000c   Code   RO         4473    i.inHandlerMode     cmsis_os.o
    0x08003d38   0x08003d38   0x0000000c   Code   RO         6041    i.inet_chksum       inet_chksum.o
    0x08003d44   0x08003d44   0x00000028   Code   RO         6043    i.inet_chksum_pseudo  inet_chksum.o
    0x08003d6c   0x08003d6c   0x0000006e   Code   RO         6045    i.inet_cksum_pseudo_base  inet_chksum.o
    0x08003dda   0x08003dda   0x0000002e   Code   RO         7813    i.ip4_addr_isbroadcast_u32  ip4_addr.o
    0x08003e08   0x08003e08   0x00000278   Code   RO         7882    i.ip4_frag          ip4_frag.o
    0x08004080   0x08004080   0x000001fc   Code   RO         7758    i.ip4_input         ip4.o
    0x0800427c   0x0800427c   0x0000002c   Code   RO         7759    i.ip4_input_accept  ip4.o
    0x080042a8   0x080042a8   0x0000001e   Code   RO         7761    i.ip4_output_if     ip4.o
    0x080042c6   0x080042c6   0x00000002   PAD
    0x080042c8   0x080042c8   0x000001c0   Code   RO         7762    i.ip4_output_if_src  ip4.o
    0x08004488   0x08004488   0x000002cc   Code   RO         7883    i.ip4_reass         ip4_frag.o
    0x08004754   0x08004754   0x0000006c   Code   RO         7763    i.ip4_route         ip4.o
    0x080047c0   0x080047c0   0x0000000c   Code   RO         7816    i.ip4addr_ntoa      ip4_addr.o
    0x080047cc   0x080047cc   0x00000078   Code   RO         7817    i.ip4addr_ntoa_r    ip4_addr.o
    0x08004844   0x08004844   0x0000000c   Code   RO         6047    i.ip_chksum_pseudo  inet_chksum.o
    0x08004850   0x08004850   0x00000090   Code   RO         7884    i.ip_frag_free_pbuf_custom_ref  ip4_frag.o
    0x080048e0   0x080048e0   0x00000248   Code   RO         7885    i.ip_reass_chain_frag_into_datagram_and_validate  ip4_frag.o
    0x08004b28   0x08004b28   0x000000bc   Code   RO         7886    i.ip_reass_dequeue_datagram  ip4_frag.o
    0x08004be4   0x08004be4   0x00000198   Code   RO         7887    i.ip_reass_free_complete_datagram  ip4_frag.o
    0x08004d7c   0x08004d7c   0x00000080   Code   RO         7888    i.ip_reass_remove_oldest_datagram  ip4_frag.o
    0x08004dfc   0x08004dfc   0x0000002c   Code   RO         7889    i.ip_reass_tmr      ip4_frag.o
    0x08004e28   0x08004e28   0x0000010a   Code   RO         8077    i.ipcp_ackci        ipcp.o
    0x08004f32   0x08004f32   0x000000ec   Code   RO         8078    i.ipcp_addci        ipcp.o
    0x0800501e   0x0800501e   0x00000080   Code   RO         8079    i.ipcp_cilen        ipcp.o
    0x0800509e   0x0800509e   0x0000000a   Code   RO         8080    i.ipcp_close        ipcp.o
    0x080050a8   0x080050a8   0x00000044   Code   RO         8081    i.ipcp_down         ipcp.o
    0x080050ec   0x080050ec   0x00000016   Code   RO         8082    i.ipcp_finished     ipcp.o
    0x08005102   0x08005102   0x00000002   PAD
    0x08005104   0x08005104   0x00000068   Code   RO         8083    i.ipcp_init         ipcp.o
    0x0800516c   0x0800516c   0x0000000a   Code   RO         8084    i.ipcp_input        ipcp.o
    0x08005176   0x08005176   0x0000000a   Code   RO         8085    i.ipcp_lowerdown    ipcp.o
    0x08005180   0x08005180   0x0000000a   Code   RO         8086    i.ipcp_lowerup      ipcp.o
    0x0800518a   0x0800518a   0x00000272   Code   RO         8087    i.ipcp_nakci        ipcp.o
    0x080053fc   0x080053fc   0x00000018   Code   RO         8088    i.ipcp_open         ipcp.o
    0x08005414   0x08005414   0x0000000a   Code   RO         8089    i.ipcp_protrej      ipcp.o
    0x0800541e   0x0800541e   0x00000124   Code   RO         8090    i.ipcp_rejci        ipcp.o
    0x08005542   0x08005542   0x0000036a   Code   RO         8091    i.ipcp_reqci        ipcp.o
    0x080058ac   0x080058ac   0x00000070   Code   RO         8092    i.ipcp_resetci      ipcp.o
    0x0800591c   0x0800591c   0x00000254   Code   RO         8093    i.ipcp_up           ipcp.o
    0x08005b70   0x08005b70   0x00000098   Code   RO         7890    i.ipfrag_free_pbuf_custom  ip4_frag.o
    0x08005c08   0x08005c08   0x00000168   Code   RO         8205    i.lcp_ackci         lcp.o
    0x08005d70   0x08005d70   0x00000144   Code   RO         8206    i.lcp_addci         lcp.o
    0x08005eb4   0x08005eb4   0x00000066   Code   RO         8207    i.lcp_cilen         lcp.o
    0x08005f1a   0x08005f1a   0x00000002   PAD
    0x08005f1c   0x08005f1c   0x00000054   Code   RO         8208    i.lcp_close         lcp.o
    0x08005f70   0x08005f70   0x00000012   Code   RO         8209    i.lcp_delayed_up    lcp.o
    0x08005f82   0x08005f82   0x00000002   PAD
    0x08005f84   0x08005f84   0x00000064   Code   RO         8210    i.lcp_down          lcp.o
    0x08005fe8   0x08005fe8   0x00000060   Code   RO         8211    i.lcp_extcode       lcp.o
    0x08006048   0x08006048   0x00000006   Code   RO         8212    i.lcp_finished      lcp.o
    0x0800604e   0x0800604e   0x00000002   PAD
    0x08006050   0x08006050   0x00000060   Code   RO         8213    i.lcp_init          lcp.o
    0x080060b0   0x080060b0   0x00000038   Code   RO         8214    i.lcp_input         lcp.o
    0x080060e8   0x080060e8   0x00000020   Code   RO         8215    i.lcp_lowerdown     lcp.o
    0x08006108   0x08006108   0x0000007c   Code   RO         8216    i.lcp_lowerup       lcp.o
    0x08006184   0x08006184   0x00000314   Code   RO         8217    i.lcp_nakci         lcp.o
    0x08006498   0x08006498   0x0000002e   Code   RO         8218    i.lcp_open          lcp.o
    0x080064c6   0x080064c6   0x00000002   PAD
    0x080064c8   0x080064c8   0x0000003c   Code   RO         8219    i.lcp_protrej       lcp.o
    0x08006504   0x08006504   0x000000a0   Code   RO         8220    i.lcp_received_echo_reply  lcp.o
    0x080065a4   0x080065a4   0x000001a6   Code   RO         8221    i.lcp_rejci         lcp.o
    0x0800674a   0x0800674a   0x00000002   PAD
    0x0800674c   0x0800674c   0x000002f0   Code   RO         8222    i.lcp_reqci         lcp.o
    0x08006a3c   0x08006a3c   0x00000048   Code   RO         8223    i.lcp_resetci       lcp.o
    0x08006a84   0x08006a84   0x000000a0   Code   RO         8224    i.lcp_rprotrej      lcp.o
    0x08006b24   0x08006b24   0x0000001a   Code   RO         8225    i.lcp_sprotrej      lcp.o
    0x08006b3e   0x08006b3e   0x00000006   Code   RO         8226    i.lcp_starting      lcp.o
    0x08006b44   0x08006b44   0x000000f4   Code   RO         8227    i.lcp_up            lcp.o
    0x08006c38   0x08006c38   0x0000001e   Code   RO         9253    i.link_down         auth.o
    0x08006c56   0x08006c56   0x00000002   PAD
    0x08006c58   0x08006c58   0x00000038   Code   RO         9254    i.link_established  auth.o
    0x08006c90   0x08006c90   0x00000002   Code   RO         9255    i.link_required     auth.o
    0x08006c92   0x08006c92   0x00000002   PAD
    0x08006c94   0x08006c94   0x00000044   Code   RO         9256    i.link_terminated   auth.o
    0x08006cd8   0x08006cd8   0x00000114   Code   RO          452    i.lwip_comm_init    pppapp.o
    0x08006dec   0x08006dec   0x0000003c   Code   RO         7482    i.lwip_cyclic_timer  timeouts.o
    0x08006e28   0x08006e28   0x00000004   Code   RO         5987    i.lwip_htonl        def.o
    0x08006e2c   0x08006e2c   0x00000004   Code   RO         5988    i.lwip_htons        def.o
    0x08006e30   0x08006e30   0x0000002a   Code   RO         6114    i.lwip_init         init.o
    0x08006e5a   0x08006e5a   0x00000002   PAD
    0x08006e5c   0x08006e5c   0x00000058   Code   RO         6049    i.lwip_standard_chksum  inet_chksum.o
    0x08006eb4   0x08006eb4   0x00000014   Code   RO         8380    i.magic             magic.o
    0x08006ec8   0x08006ec8   0x00000014   Code   RO         8381    i.magic_init        magic.o
    0x08006edc   0x08006edc   0x00000014   Code   RO         8384    i.magic_randomize   magic.o
    0x08006ef0   0x08006ef0   0x000000c8   Code   RO          763    i.main              main.o
    0x08006fb8   0x08006fb8   0x0000000c   Code   RO         4475    i.makeFreeRtosPriority  cmsis_os.o
    0x08006fc4   0x08006fc4   0x000001f0   Code   RO         6224    i.mem_free          mem.o
    0x080071b4   0x080071b4   0x000000d4   Code   RO         6225    i.mem_init          mem.o
    0x08007288   0x08007288   0x00000290   Code   RO         6226    i.mem_malloc        mem.o
    0x08007518   0x08007518   0x00000010   Code   RO         6227    i.mem_to_ptr        mem.o
    0x08007528   0x08007528   0x0000021c   Code   RO         6228    i.mem_trim          mem.o
    0x08007744   0x08007744   0x0000009c   Code   RO         6306    i.memp_free         memp.o
    0x080077e0   0x080077e0   0x00000088   Code   RO         6307    i.memp_free_pool    memp.o
    0x08007868   0x08007868   0x00000030   Code   RO         6308    i.memp_init         memp.o
    0x08007898   0x08007898   0x0000002e   Code   RO         6309    i.memp_init_pool    memp.o
    0x080078c6   0x080078c6   0x00000002   PAD
    0x080078c8   0x080078c8   0x000000a4   Code   RO         6310    i.memp_malloc       memp.o
    0x0800796c   0x0800796c   0x0000008c   Code   RO         6311    i.memp_malloc_pool  memp.o
    0x080079f8   0x080079f8   0x000001d8   Code   RO         6460    i.netif_add         netif.o
    0x08007bd0   0x08007bd0   0x00000016   Code   RO         6462    i.netif_do_ip_addr_changed  netif.o
    0x08007be6   0x08007be6   0x00000016   Code   RO         6463    i.netif_do_set_gw   netif.o
    0x08007bfc   0x08007bfc   0x000000c4   Code   RO         6464    i.netif_do_set_ipaddr  netif.o
    0x08007cc0   0x08007cc0   0x00000016   Code   RO         6465    i.netif_do_set_netmask  netif.o
    0x08007cd6   0x08007cd6   0x00000002   PAD
    0x08007cd8   0x08007cd8   0x00000028   Code   RO         6467    i.netif_get_by_index  netif.o
    0x08007d00   0x08007d00   0x00000002   Code   RO         6469    i.netif_init        netif.o
    0x08007d02   0x08007d02   0x00000002   PAD
    0x08007d04   0x08007d04   0x00000098   Code   RO         6471    i.netif_issue_reports  netif.o
    0x08007d9c   0x08007d9c   0x00000006   Code   RO         6473    i.netif_null_output_ip4  netif.o
    0x08007da2   0x08007da2   0x00000002   PAD
    0x08007da4   0x08007da4   0x00000060   Code   RO         6475    i.netif_set_addr    netif.o
    0x08007e04   0x08007e04   0x0000000c   Code   RO         6476    i.netif_set_default  netif.o
    0x08007e10   0x08007e10   0x000000a4   Code   RO         6480    i.netif_set_link_down  netif.o
    0x08007eb4   0x08007eb4   0x000000a8   Code   RO         6481    i.netif_set_link_up  netif.o
    0x08007f5c   0x08007f5c   0x00000006   Code   RO         8451    i.netif_set_mtu     ppp.o
    0x08007f62   0x08007f62   0x00000006   Code   RO         8452    i.new_phase         ppp.o
    0x08007f68   0x08007f68   0x00000018   Code   RO         9257    i.np_down           auth.o
    0x08007f80   0x08007f80   0x00000038   Code   RO         9258    i.np_finished       auth.o
    0x08007fb8   0x08007fb8   0x0000001c   Code   RO         9259    i.np_up             auth.o
    0x08007fd4   0x08007fd4   0x0000000e   Code   RO         4477    i.osDelay           cmsis_os.o
    0x08007fe2   0x08007fe2   0x0000000a   Code   RO         4480    i.osKernelStart     cmsis_os.o
    0x08007fec   0x08007fec   0x00000018   Code   RO         4481    i.osKernelSysTick   cmsis_os.o
    0x08008004   0x08008004   0x00000026   Code   RO         4489    i.osMessageCreate   cmsis_os.o
    0x0800802a   0x0800802a   0x00000002   PAD
    0x0800802c   0x0800802c   0x00000094   Code   RO         4491    i.osMessageGet      cmsis_os.o
    0x080080c0   0x080080c0   0x0000005c   Code   RO         4493    i.osMessagePut      cmsis_os.o
    0x0800811c   0x0800811c   0x00000010   Code   RO         4495    i.osMutexCreate     cmsis_os.o
    0x0800812c   0x0800812c   0x00000050   Code   RO         4497    i.osMutexRelease    cmsis_os.o
    0x0800817c   0x0800817c   0x00000064   Code   RO         4498    i.osMutexWait       cmsis_os.o
    0x080081e0   0x080081e0   0x00000054   Code   RO         4514    i.osThreadCreate    cmsis_os.o
    0x08008234   0x08008234   0x00000020   Code   RO          453    i.output_cb         pppapp.o
    0x08008254   0x08008254   0x00000006   Code   RO         6642    i.pbuf_add_header   pbuf.o
    0x0800825a   0x0800825a   0x00000002   PAD
    0x0800825c   0x0800825c   0x000000c0   Code   RO         6644    i.pbuf_add_header_impl  pbuf.o
    0x0800831c   0x0800831c   0x00000268   Code   RO         6645    i.pbuf_alloc        pbuf.o
    0x08008584   0x08008584   0x000000b0   Code   RO         6646    i.pbuf_alloc_reference  pbuf.o
    0x08008634   0x08008634   0x00000036   Code   RO         6647    i.pbuf_alloced_custom  pbuf.o
    0x0800866a   0x0800866a   0x00000002   PAD
    0x0800866c   0x0800866c   0x00000130   Code   RO         6648    i.pbuf_cat          pbuf.o
    0x0800879c   0x0800879c   0x00000012   Code   RO         6649    i.pbuf_chain        pbuf.o
    0x080087ae   0x080087ae   0x00000012   Code   RO         6650    i.pbuf_clen         pbuf.o
    0x080087c0   0x080087c0   0x0000009c   Code   RO         6651    i.pbuf_clone        pbuf.o
    0x0800885c   0x0800885c   0x00000028   Code   RO         6652    i.pbuf_coalesce     pbuf.o
    0x08008884   0x08008884   0x000001e0   Code   RO         6653    i.pbuf_copy         pbuf.o
    0x08008a64   0x08008a64   0x00000118   Code   RO         6654    i.pbuf_copy_partial  pbuf.o
    0x08008b7c   0x08008b7c   0x000000f4   Code   RO         6655    i.pbuf_dechain      pbuf.o
    0x08008c70   0x08008c70   0x00000164   Code   RO         6656    i.pbuf_free         pbuf.o
    0x08008dd4   0x08008dd4   0x00000034   Code   RO         6658    i.pbuf_free_ooseq_callback  pbuf.o
    0x08008e08   0x08008e08   0x00000006   Code   RO         6662    i.pbuf_header_force  pbuf.o
    0x08008e0e   0x08008e0e   0x0000000e   Code   RO         6663    i.pbuf_header_impl  pbuf.o
    0x08008e1c   0x08008e1c   0x0000001c   Code   RO         6664    i.pbuf_init_alloced_pbuf  pbuf.o
    0x08008e38   0x08008e38   0x00000134   Code   RO         6668    i.pbuf_realloc      pbuf.o
    0x08008f6c   0x08008f6c   0x0000009c   Code   RO         6669    i.pbuf_ref          pbuf.o
    0x08009008   0x08009008   0x000000d0   Code   RO         6670    i.pbuf_remove_header  pbuf.o
    0x080090d8   0x080090d8   0x00000178   Code   RO         6674    i.pbuf_take         pbuf.o
    0x08009250   0x08009250   0x000001a0   Code   RO         6229    i.plug_holes        mem.o
    0x080093f0   0x080093f0   0x0000003c   Code   RO         8454    i.ppp_connect       ppp.o
    0x0800942c   0x0800942c   0x00000014   Code   RO         8908    i.ppp_dbglog        utils.o
    0x08009440   0x08009440   0x000000d0   Code   RO         8455    i.ppp_do_connect    ppp.o
    0x08009510   0x08009510   0x00000014   Code   RO         8909    i.ppp_error         utils.o
    0x08009524   0x08009524   0x00000014   Code   RO         8911    i.ppp_info          utils.o
    0x08009538   0x08009538   0x00000020   Code   RO         8457    i.ppp_init          ppp.o
    0x08009558   0x08009558   0x00000138   Code   RO         8458    i.ppp_input         ppp.o
    0x08009690   0x08009690   0x0000001a   Code   RO         8460    i.ppp_link_end      ppp.o
    0x080096aa   0x080096aa   0x00000008   Code   RO         8462    i.ppp_link_terminated  ppp.o
    0x080096b2   0x080096b2   0x0000001a   Code   RO         8912    i.ppp_logit         utils.o
    0x080096cc   0x080096cc   0x0000001c   Code   RO         8463    i.ppp_netif_init_cb  ppp.o
    0x080096e8   0x080096e8   0x0000007c   Code   RO         8464    i.ppp_netif_output  ppp.o
    0x08009764   0x08009764   0x00000006   Code   RO         8465    i.ppp_netif_output_ip4  ppp.o
    0x0800976a   0x0800976a   0x00000002   PAD
    0x0800976c   0x0800976c   0x000000a4   Code   RO         8466    i.ppp_new           ppp.o
    0x08009810   0x08009810   0x00000014   Code   RO         8913    i.ppp_notice        utils.o
    0x08009824   0x08009824   0x00000014   Code   RO         8467    i.ppp_recv_config   ppp.o
    0x08009838   0x08009838   0x00000014   Code   RO         8468    i.ppp_send_config   ppp.o
    0x0800984c   0x0800984c   0x00000012   Code   RO         8915    i.ppp_slprintf      utils.o
    0x0800985e   0x0800985e   0x00000020   Code   RO         8469    i.ppp_start         ppp.o
    0x0800987e   0x0800987e   0x00000002   PAD
    0x08009880   0x08009880   0x00000420   Code   RO         8918    i.ppp_vslprintf     utils.o
    0x08009ca0   0x08009ca0   0x00000014   Code   RO         8919    i.ppp_warn          utils.o
    0x08009cb4   0x08009cb4   0x0000000a   Code   RO         8470    i.ppp_write         ppp.o
    0x08009cbe   0x08009cbe   0x0000002a   Code   RO         8771    i.pppos_connect     pppos.o
    0x08009ce8   0x08009ce8   0x0000004c   Code   RO         8772    i.pppos_create      pppos.o
    0x08009d34   0x08009d34   0x00000010   Code   RO         8773    i.pppos_destroy     pppos.o
    0x08009d44   0x08009d44   0x0000001c   Code   RO         8774    i.pppos_disconnect  pppos.o
    0x08009d60   0x08009d60   0x000001d8   Code   RO         8775    i.pppos_input       pppos.o
    0x08009f38   0x08009f38   0x00000020   Code   RO         8776    i.pppos_input_drop  pppos.o
    0x08009f58   0x08009f58   0x00000022   Code   RO         8777    i.pppos_input_free_current_packet  pppos.o
    0x08009f7a   0x08009f7a   0x00000024   Code   RO         8778    i.pppos_input_sys   pppos.o
    0x08009f9e   0x08009f9e   0x00000002   PAD
    0x08009fa0   0x08009fa0   0x00000048   Code   RO         8779    i.pppos_input_tcpip  pppos.o
    0x08009fe8   0x08009fe8   0x00000108   Code   RO         8780    i.pppos_netif_output  pppos.o
    0x0800a0f0   0x0800a0f0   0x00000098   Code   RO         8781    i.pppos_output_append  pppos.o
    0x0800a188   0x0800a188   0x000000a4   Code   RO         8782    i.pppos_output_last  pppos.o
    0x0800a22c   0x0800a22c   0x00000018   Code   RO         8783    i.pppos_recv_config  pppos.o
    0x0800a244   0x0800a244   0x00000024   Code   RO         8784    i.pppos_send_config  pppos.o
    0x0800a268   0x0800a268   0x000000a8   Code   RO         8785    i.pppos_write       pppos.o
    0x0800a310   0x0800a310   0x00000070   Code   RO         4169    i.prvAddCurrentTaskToDelayedList  tasks.o
    0x0800a380   0x0800a380   0x000000d0   Code   RO         4170    i.prvAddNewTaskToReadyList  tasks.o
    0x0800a450   0x0800a450   0x00000026   Code   RO         3848    i.prvCopyDataFromQueue  queue.o
    0x0800a476   0x0800a476   0x0000006c   Code   RO         3849    i.prvCopyDataToQueue  queue.o
    0x0800a4e2   0x0800a4e2   0x00000034   Code   RO         4171    i.prvDeleteTCB      tasks.o
    0x0800a516   0x0800a516   0x00000002   PAD
    0x0800a518   0x0800a518   0x0000004c   Code   RO         4842    i.prvHeapInit       heap_4.o
    0x0800a564   0x0800a564   0x00000060   Code   RO         4172    i.prvIdleTask       tasks.o
    0x0800a5c4   0x0800a5c4   0x00000016   Code   RO         3850    i.prvInitialiseMutex  queue.o
    0x0800a5da   0x0800a5da   0x00000016   Code   RO         3851    i.prvInitialiseNewQueue  queue.o
    0x0800a5f0   0x0800a5f0   0x00000098   Code   RO         4173    i.prvInitialiseNewTask  tasks.o
    0x0800a688   0x0800a688   0x0000004c   Code   RO         4843    i.prvInsertBlockIntoFreeList  heap_4.o
    0x0800a6d4   0x0800a6d4   0x0000001c   Code   RO         3852    i.prvIsQueueEmpty   queue.o
    0x0800a6f0   0x0800a6f0   0x00000020   Code   RO         4174    i.prvResetNextTaskUnblockTime  tasks.o
    0x0800a710   0x0800a710   0x00000028   Code   RO         4905    i.prvTaskExitError  port.o
    0x0800a738   0x0800a738   0x0000006a   Code   RO         3853    i.prvUnlockQueue    queue.o
    0x0800a7a2   0x0800a7a2   0x00000002   PAD
    0x0800a7a4   0x0800a7a4   0x0000000c   Code   RO         6230    i.ptr_to_mem        mem.o
    0x0800a7b0   0x0800a7b0   0x000000d8   Code   RO         4844    i.pvPortMalloc      heap_4.o
    0x0800a888   0x0800a888   0x00000018   Code   RO         4176    i.pvTaskIncrementMutexHeldCount  tasks.o
    0x0800a8a0   0x0800a8a0   0x0000002c   Code   RO         4906    i.pxPortInitialiseStack  port.o
    0x0800a8cc   0x0800a8cc   0x00000018   Code   RO         8471    i.sifaddr           ppp.o
    0x0800a8e4   0x0800a8e4   0x00000014   Code   RO         8472    i.sifdown           ppp.o
    0x0800a8f8   0x0800a8f8   0x00000028   Code   RO         8473    i.sifup             ppp.o
    0x0800a920   0x0800a920   0x00000016   Code   RO         8474    i.sifvjcomp         ppp.o
    0x0800a936   0x0800a936   0x00000014   Code   RO         9260    i.start_networks    auth.o
    0x0800a94a   0x0800a94a   0x00000002   Code   RO         6866    i.stats_init        stats.o
    0x0800a94c   0x0800a94c   0x000002e8   Code   RO          454    i.status_cb         pppapp.o
    0x0800ac34   0x0800ac34   0x00000044   Code   RO         9085    i.sys_arch_mbox_fetch  sys_arch.o
    0x0800ac78   0x0800ac78   0x00000018   Code   RO         9087    i.sys_arch_protect  sys_arch.o
    0x0800ac90   0x0800ac90   0x00000014   Code   RO         9089    i.sys_arch_unprotect  sys_arch.o
    0x0800aca4   0x0800aca4   0x00000044   Code   RO         7483    i.sys_check_timeouts  timeouts.o
    0x0800ace8   0x0800ace8   0x00000018   Code   RO         9090    i.sys_init          sys_arch.o
    0x0800ad00   0x0800ad00   0x00000004   Code   RO          257    i.sys_jiffies       lwip.o
    0x0800ad04   0x0800ad04   0x0000004c   Code   RO         9092    i.sys_mbox_new      sys_arch.o
    0x0800ad50   0x0800ad50   0x00000024   Code   RO         9095    i.sys_mbox_trypost  sys_arch.o
    0x0800ad74   0x0800ad74   0x0000000a   Code   RO         9097    i.sys_mbox_valid    sys_arch.o
    0x0800ad7e   0x0800ad7e   0x0000000a   Code   RO         9099    i.sys_mutex_lock    sys_arch.o
    0x0800ad88   0x0800ad88   0x00000044   Code   RO         9100    i.sys_mutex_new     sys_arch.o
    0x0800adcc   0x0800adcc   0x00000030   Code   RO         9101    i.sys_mutex_unlock  sys_arch.o
    0x0800adfc   0x0800adfc   0x00000004   Code   RO          258    i.sys_now           lwip.o
    0x0800ae00   0x0800ae00   0x00000030   Code   RO         9107    i.sys_thread_new    sys_arch.o
    0x0800ae30   0x0800ae30   0x000000c4   Code   RO         7485    i.sys_timeout       timeouts.o
    0x0800aef4   0x0800aef4   0x000000f8   Code   RO         7486    i.sys_timeout_abs   timeouts.o
    0x0800afec   0x0800afec   0x00000018   Code   RO         7487    i.sys_timeouts_init  timeouts.o
    0x0800b004   0x0800b004   0x00000028   Code   RO         7488    i.sys_timeouts_sleeptime  timeouts.o
    0x0800b02c   0x0800b02c   0x0000003c   Code   RO         7489    i.sys_untimeout     timeouts.o
    0x0800b068   0x0800b068   0x000001ac   Code   RO         6927    i.tcp_abandon       tcp.o
    0x0800b214   0x0800b214   0x00000006   Code   RO         6928    i.tcp_abort         tcp.o
    0x0800b21a   0x0800b21a   0x00000002   PAD
    0x0800b21c   0x0800b21c   0x00000158   Code   RO         6931    i.tcp_alloc         tcp.o
    0x0800b374   0x0800b374   0x0000014c   Code   RO         6933    i.tcp_bind          tcp.o
    0x0800b4c0   0x0800b4c0   0x000000a0   Code   RO         6935    i.tcp_close         tcp.o
    0x0800b560   0x0800b560   0x000001dc   Code   RO         6936    i.tcp_close_shutdown  tcp.o
    0x0800b73c   0x0800b73c   0x000000c4   Code   RO         6937    i.tcp_close_shutdown_fin  tcp.o
    0x0800b800   0x0800b800   0x000001e0   Code   RO         6938    i.tcp_connect       tcp.o
    0x0800b9e0   0x0800b9e0   0x00000028   Code   RO          456    i.tcp_connect_init  pppapp.o
    0x0800ba08   0x0800ba08   0x00000190   Code   RO         7322    i.tcp_create_segment  tcp_out.o
    0x0800bb98   0x0800bb98   0x000000b8   Code   RO         6940    i.tcp_eff_send_mss_netif  tcp.o
    0x0800bc50   0x0800bc50   0x00000248   Code   RO         7323    i.tcp_enqueue_flags  tcp_out.o
    0x0800be98   0x0800be98   0x000000a4   Code   RO         6941    i.tcp_err           tcp.o
    0x0800bf3c   0x0800bf3c   0x0000006c   Code   RO         6942    i.tcp_fasttmr       tcp.o
    0x0800bfa8   0x0800bfa8   0x00000090   Code   RO         6943    i.tcp_free          tcp.o
    0x0800c038   0x0800c038   0x0000013c   Code   RO         7233    i.tcp_free_acked_segments  tcp_in.o
    0x0800c174   0x0800c174   0x00000014   Code   RO         6944    i.tcp_free_ooseq    tcp.o
    0x0800c188   0x0800c188   0x00000028   Code   RO         7234    i.tcp_get_next_optbyte  tcp_in.o
    0x0800c1b0   0x0800c1b0   0x00000018   Code   RO         6945    i.tcp_init          tcp.o
    0x0800c1c8   0x0800c1c8   0x000006f4   Code   RO         7235    i.tcp_input         tcp_in.o
    0x0800c8bc   0x0800c8bc   0x000000d4   Code   RO         7236    i.tcp_input_delayed_close  tcp_in.o
    0x0800c990   0x0800c990   0x000000cc   Code   RO         7324    i.tcp_keepalive     tcp_out.o
    0x0800ca5c   0x0800ca5c   0x000000bc   Code   RO         6946    i.tcp_kill_state    tcp.o
    0x0800cb18   0x0800cb18   0x00000070   Code   RO         6947    i.tcp_listen_closed  tcp.o
    0x0800cb88   0x0800cb88   0x000001a4   Code   RO         7237    i.tcp_listen_input  tcp_in.o
    0x0800cd2c   0x0800cd2c   0x0000004c   Code   RO         6950    i.tcp_netif_ip_addr_changed  tcp.o
    0x0800cd78   0x0800cd78   0x000000c0   Code   RO         6951    i.tcp_netif_ip_addr_changed_pcblist  tcp.o
    0x0800ce38   0x0800ce38   0x00000006   Code   RO         6952    i.tcp_new           tcp.o
    0x0800ce3e   0x0800ce3e   0x00000002   PAD
    0x0800ce40   0x0800ce40   0x00000060   Code   RO         6954    i.tcp_new_port      tcp.o
    0x0800cea0   0x0800cea0   0x00000098   Code   RO         6955    i.tcp_next_iss      tcp.o
    0x0800cf38   0x0800cf38   0x0000010c   Code   RO         7238    i.tcp_oos_insert_segment  tcp_in.o
    0x0800d044   0x0800d044   0x000002e0   Code   RO         7325    i.tcp_output        tcp_out.o
    0x0800d324   0x0800d324   0x000000cc   Code   RO         7326    i.tcp_output_alloc_header  tcp_out.o
    0x0800d3f0   0x0800d3f0   0x00000110   Code   RO         7327    i.tcp_output_alloc_header_common  tcp_out.o
    0x0800d500   0x0800d500   0x00000104   Code   RO         7328    i.tcp_output_control_segment  tcp_out.o
    0x0800d604   0x0800d604   0x000000d8   Code   RO         7329    i.tcp_output_fill_options  tcp_out.o
    0x0800d6dc   0x0800d6dc   0x00000200   Code   RO         7330    i.tcp_output_segment  tcp_out.o
    0x0800d8dc   0x0800d8dc   0x000000a8   Code   RO         7331    i.tcp_output_segment_busy  tcp_out.o
    0x0800d984   0x0800d984   0x000000fc   Code   RO         7239    i.tcp_parseopt      tcp_in.o
    0x0800da80   0x0800da80   0x00000150   Code   RO         7332    i.tcp_pbuf_prealloc  tcp_out.o
    0x0800dbd0   0x0800dbd0   0x000000cc   Code   RO         6956    i.tcp_pcb_purge     tcp.o
    0x0800dc9c   0x0800dc9c   0x00000190   Code   RO         6957    i.tcp_pcb_remove    tcp.o
    0x0800de2c   0x0800de2c   0x000004c2   Code   RO         7240    i.tcp_process       tcp_in.o
    0x0800e2ee   0x0800e2ee   0x00000002   PAD
    0x0800e2f0   0x0800e2f0   0x00000104   Code   RO         6959    i.tcp_process_refused_data  tcp.o
    0x0800e3f4   0x0800e3f4   0x00000904   Code   RO         7241    i.tcp_receive       tcp_in.o
    0x0800ecf8   0x0800ecf8   0x000000a4   Code   RO         6960    i.tcp_recv          tcp.o
    0x0800ed9c   0x0800ed9c   0x000000b0   Code   RO         6961    i.tcp_recv_null     tcp.o
    0x0800ee4c   0x0800ee4c   0x00000100   Code   RO         6962    i.tcp_recved        tcp.o
    0x0800ef4c   0x0800ef4c   0x00000058   Code   RO         6963    i.tcp_remove_listener  tcp.o
    0x0800efa4   0x0800efa4   0x000000ec   Code   RO         7333    i.tcp_rexmit        tcp_out.o
    0x0800f090   0x0800f090   0x000000e8   Code   RO         7334    i.tcp_rexmit_fast   tcp_out.o
    0x0800f178   0x0800f178   0x000000a4   Code   RO         7335    i.tcp_rexmit_rto    tcp_out.o
    0x0800f21c   0x0800f21c   0x000000ac   Code   RO         7336    i.tcp_rexmit_rto_commit  tcp_out.o
    0x0800f2c8   0x0800f2c8   0x000000f8   Code   RO         7337    i.tcp_rexmit_rto_prepare  tcp_out.o
    0x0800f3c0   0x0800f3c0   0x00000010   Code   RO         7338    i.tcp_route         tcp_out.o
    0x0800f3d0   0x0800f3d0   0x00000114   Code   RO         7339    i.tcp_rst           tcp_out.o
    0x0800f4e4   0x0800f4e4   0x000000ac   Code   RO         6964    i.tcp_seg_copy      tcp.o
    0x0800f590   0x0800f590   0x0000001c   Code   RO         6965    i.tcp_seg_free      tcp.o
    0x0800f5ac   0x0800f5ac   0x00000012   Code   RO         6966    i.tcp_segs_free     tcp.o
    0x0800f5be   0x0800f5be   0x00000002   PAD
    0x0800f5c0   0x0800f5c0   0x000000ec   Code   RO         7340    i.tcp_send_empty_ack  tcp_out.o
    0x0800f6ac   0x0800f6ac   0x000000cc   Code   RO         7341    i.tcp_send_fin      tcp_out.o
    0x0800f778   0x0800f778   0x000005d0   Code   RO         6970    i.tcp_slowtmr       tcp.o
    0x0800fd48   0x0800fd48   0x00000240   Code   RO         7342    i.tcp_split_unsent_seg  tcp_out.o
    0x0800ff88   0x0800ff88   0x00000034   Code   RO         7490    i.tcp_timer_needed  timeouts.o
    0x0800ffbc   0x0800ffbc   0x00000100   Code   RO         7242    i.tcp_timewait_input  tcp_in.o
    0x080100bc   0x080100bc   0x00000020   Code   RO         6972    i.tcp_tmr           tcp.o
    0x080100dc   0x080100dc   0x00000010   Code   RO         7243    i.tcp_trigger_input_pcb_close  tcp_in.o
    0x080100ec   0x080100ec   0x000000f4   Code   RO         6974    i.tcp_update_rcv_ann_wnd  tcp.o
    0x080101e0   0x080101e0   0x000006c8   Code   RO         7343    i.tcp_write         tcp_out.o
    0x080108a8   0x080108a8   0x00000180   Code   RO         7344    i.tcp_write_checks  tcp_out.o
    0x08010a28   0x08010a28   0x00000140   Code   RO         7345    i.tcp_zero_window_probe  tcp_out.o
    0x08010b68   0x08010b68   0x00000110   Code   RO         5858    i.tcpip_init        tcpip.o
    0x08010c78   0x08010c78   0x000000c0   Code   RO         5859    i.tcpip_inpkt       tcpip.o
    0x08010d38   0x08010d38   0x00000038   Code   RO         7491    i.tcpip_tcp_timer   timeouts.o
    0x08010d70   0x08010d70   0x000000f8   Code   RO         5862    i.tcpip_thread      tcpip.o
    0x08010e68   0x08010e68   0x000000cc   Code   RO         5863    i.tcpip_thread_handle_msg  tcpip.o
    0x08010f34   0x08010f34   0x000000bc   Code   RO         5864    i.tcpip_try_callback  tcpip.o
    0x08010ff0   0x08010ff0   0x00000088   Code   RO         7968    i.terminate_layer   fsm.o
    0x08011078   0x08011078   0x00000018   Code   RO         7575    i.udp_init          udp.o
    0x08011090   0x08011090   0x00000230   Code   RO         7576    i.udp_input         udp.o
    0x080112c0   0x080112c0   0x0000010c   Code   RO         7577    i.udp_input_local_match  udp.o
    0x080113cc   0x080113cc   0x00000034   Code   RO         7578    i.udp_netif_ip_addr_changed  udp.o
    0x08011400   0x08011400   0x00000058   Code   RO         9261    i.upper_layers_down  auth.o
    0x08011458   0x08011458   0x00000026   Code   RO         3811    i.uxListRemove      list.o
    0x0801147e   0x0801147e   0x00000002   PAD
    0x08011480   0x08011480   0x00000014   Code   RO          866    i.vApplicationGetIdleTaskMemory  freertos.o
    0x08011494   0x08011494   0x00000016   Code   RO         3812    i.vListInitialise   list.o
    0x080114aa   0x080114aa   0x00000006   Code   RO         3813    i.vListInitialiseItem  list.o
    0x080114b0   0x080114b0   0x00000030   Code   RO         3814    i.vListInsert       list.o
    0x080114e0   0x080114e0   0x00000018   Code   RO         3815    i.vListInsertEnd    list.o
    0x080114f8   0x080114f8   0x00000040   Code   RO         4908    i.vPortEnterCritical  port.o
    0x08011538   0x08011538   0x00000028   Code   RO         4909    i.vPortExitCritical  port.o
    0x08011560   0x08011560   0x0000005c   Code   RO         4845    i.vPortFree         heap_4.o
    0x080115bc   0x080115bc   0x00000024   Code   RO         4910    i.vPortSetupTimerInterrupt  port.o
    0x080115e0   0x080115e0   0x00000054   Code   RO         4911    i.vPortValidateInterruptPriority  port.o
    0x08011634   0x08011634   0x0000004c   Code   RO         4182    i.vTaskDelay        tasks.o
    0x08011680   0x08011680   0x000000ac   Code   RO         4183    i.vTaskDelete       tasks.o
    0x0801172c   0x0801172c   0x00000010   Code   RO         4185    i.vTaskInternalSetTimeOutState  tasks.o
    0x0801173c   0x0801173c   0x0000000c   Code   RO         4186    i.vTaskMissedYield  tasks.o
    0x08011748   0x08011748   0x00000030   Code   RO         4188    i.vTaskPlaceOnEventList  tasks.o
    0x08011778   0x08011778   0x000000a8   Code   RO         4190    i.vTaskPriorityDisinheritAfterTimeout  tasks.o
    0x08011820   0x08011820   0x0000006c   Code   RO         4195    i.vTaskStartScheduler  tasks.o
    0x0801188c   0x0801188c   0x00000010   Code   RO         4197    i.vTaskSuspendAll   tasks.o
    0x0801189c   0x0801189c   0x0000005c   Code   RO         4198    i.vTaskSwitchContext  tasks.o
    0x080118f8   0x080118f8   0x0000003e   Code   RO         9016    i.vj_compress_init  vj.o
    0x08011936   0x08011936   0x00000002   PAD
    0x08011938   0x08011938   0x00000494   Code   RO         9017    i.vj_compress_tcp   vj.o
    0x08011dcc   0x08011dcc   0x00000010   Code   RO         9018    i.vj_uncompress_err  vj.o
    0x08011ddc   0x08011ddc   0x0000040c   Code   RO         9019    i.vj_uncompress_tcp  vj.o
    0x080121e8   0x080121e8   0x0000007c   Code   RO         9020    i.vj_uncompress_uncomp  vj.o
    0x08012264   0x08012264   0x000000f4   Code   RO         4912    i.xPortStartScheduler  port.o
    0x08012358   0x08012358   0x00000016   Code   RO         3860    i.xQueueCreateMutex  queue.o
    0x0801236e   0x0801236e   0x0000001a   Code   RO         3861    i.xQueueCreateMutexStatic  queue.o
    0x08012388   0x08012388   0x00000048   Code   RO         3862    i.xQueueGenericCreate  queue.o
    0x080123d0   0x080123d0   0x00000066   Code   RO         3863    i.xQueueGenericCreateStatic  queue.o
    0x08012436   0x08012436   0x00000002   PAD
    0x08012438   0x08012438   0x00000088   Code   RO         3864    i.xQueueGenericReset  queue.o
    0x080124c0   0x080124c0   0x00000160   Code   RO         3865    i.xQueueGenericSend  queue.o
    0x08012620   0x08012620   0x000000bc   Code   RO         3866    i.xQueueGenericSendFromISR  queue.o
    0x080126dc   0x080126dc   0x0000009c   Code   RO         3867    i.xQueueGiveFromISR  queue.o
    0x08012778   0x08012778   0x00000138   Code   RO         3872    i.xQueueReceive     queue.o
    0x080128b0   0x080128b0   0x0000009a   Code   RO         3873    i.xQueueReceiveFromISR  queue.o
    0x0801294a   0x0801294a   0x00000002   PAD
    0x0801294c   0x0801294c   0x00000178   Code   RO         3874    i.xQueueSemaphoreTake  queue.o
    0x08012ac4   0x08012ac4   0x00000074   Code   RO         4199    i.xTaskCheckForTimeOut  tasks.o
    0x08012b38   0x08012b38   0x0000005a   Code   RO         4200    i.xTaskCreate       tasks.o
    0x08012b92   0x08012b92   0x00000056   Code   RO         4201    i.xTaskCreateStatic  tasks.o
    0x08012be8   0x08012be8   0x0000001c   Code   RO         4205    i.xTaskGetSchedulerState  tasks.o
    0x08012c04   0x08012c04   0x0000000c   Code   RO         4206    i.xTaskGetTickCount  tasks.o
    0x08012c10   0x08012c10   0x00000010   Code   RO         4207    i.xTaskGetTickCountFromISR  tasks.o
    0x08012c20   0x08012c20   0x000000c8   Code   RO         4208    i.xTaskIncrementTick  tasks.o
    0x08012ce8   0x08012ce8   0x00000098   Code   RO         4211    i.xTaskPriorityDisinherit  tasks.o
    0x08012d80   0x08012d80   0x00000094   Code   RO         4212    i.xTaskPriorityInherit  tasks.o
    0x08012e14   0x08012e14   0x00000074   Code   RO         4213    i.xTaskRemoveFromEventList  tasks.o
    0x08012e88   0x08012e88   0x000000c4   Code   RO         4214    i.xTaskResumeAll    tasks.o
    0x08012f4c   0x08012f4c   0x00000038   Data   RO          458    .constdata          pppapp.o
    0x08012f84   0x08012f84   0x00000038   Data   RO          767    .constdata          main.o
    0x08012fbc   0x08012fbc   0x00000008   Data   RO         1739    .constdata          stm32f4xx_hal_dma.o
    0x08012fc4   0x08012fc4   0x00000010   Data   RO         3683    .constdata          system_stm32f4xx.o
    0x08012fd4   0x08012fd4   0x00000008   Data   RO         3684    .constdata          system_stm32f4xx.o
    0x08012fdc   0x08012fdc   0x00000010   Data   RO         6338    .constdata          memp.o
    0x08012fec   0x08012fec   0x00000010   Data   RO         6339    .constdata          memp.o
    0x08012ffc   0x08012ffc   0x00000010   Data   RO         6340    .constdata          memp.o
    0x0801300c   0x0801300c   0x00000010   Data   RO         6341    .constdata          memp.o
    0x0801301c   0x0801301c   0x00000010   Data   RO         6342    .constdata          memp.o
    0x0801302c   0x0801302c   0x00000010   Data   RO         6343    .constdata          memp.o
    0x0801303c   0x0801303c   0x00000010   Data   RO         6344    .constdata          memp.o
    0x0801304c   0x0801304c   0x00000010   Data   RO         6345    .constdata          memp.o
    0x0801305c   0x0801305c   0x00000010   Data   RO         6346    .constdata          memp.o
    0x0801306c   0x0801306c   0x00000010   Data   RO         6347    .constdata          memp.o
    0x0801307c   0x0801307c   0x00000010   Data   RO         6348    .constdata          memp.o
    0x0801308c   0x0801308c   0x00000010   Data   RO         6349    .constdata          memp.o
    0x0801309c   0x0801309c   0x00000010   Data   RO         6350    .constdata          memp.o
    0x080130ac   0x080130ac   0x00000034   Data   RO         6351    .constdata          memp.o
    0x080130e0   0x080130e0   0x00000054   Data   RO         6975    .constdata          tcp.o
    0x08013134   0x08013134   0x00000010   Data   RO         7492    .constdata          timeouts.o
    0x08013144   0x08013144   0x00000004   Data   RO         7820    .constdata          ip4_addr.o
    0x08013148   0x08013148   0x00000004   Data   RO         7821    .constdata          ip4_addr.o
    0x0801314c   0x0801314c   0x0000003c   Data   RO         8094    .constdata          ipcp.o
    0x08013188   0x08013188   0x00000020   Data   RO         8095    .constdata          ipcp.o
    0x080131a8   0x080131a8   0x0000003c   Data   RO         8228    .constdata          lcp.o
    0x080131e4   0x080131e4   0x00000020   Data   RO         8229    .constdata          lcp.o
    0x08013204   0x08013204   0x0000001c   Data   RO         8477    .constdata          ppp.o
    0x08013220   0x08013220   0x0000022c   Data   RO         8788    .constdata          pppos.o
    0x0801344c   0x0801344c   0x00000018   Data   RO         9108    .constdata          sys_arch.o
    0x08013464   0x08013464   0x00000081   Data   RO         9863    .constdata          mc_w.l(ctype_o.o)
    0x080134e5   0x080134e5   0x00000003   PAD
    0x080134e8   0x080134e8   0x00000004   Data   RO         9864    .constdata          mc_w.l(ctype_o.o)
    0x080134ec   0x080134ec   0x00000008   Data   RO          459    .conststring        pppapp.o
    0x080134f4   0x080134f4   0x00000018   Data   RO          768    .conststring        main.o
    0x0801350c   0x0801350c   0x000000da   Data   RO         1064    .conststring        test_http.o
    0x080135e6   0x080135e6   0x00000002   PAD
    0x080135e8   0x080135e8   0x00000075   Data   RO         6976    .conststring        tcp.o
    0x0801365d   0x0801365d   0x00000003   PAD
    0x08013660   0x08013660   0x00000055   Data   RO         7346    .conststring        tcp_out.o
    0x080136b5   0x080136b5   0x00000003   PAD
    0x080136b8   0x080136b8   0x00000005   Data   RO         8096    .conststring        ipcp.o
    0x080136bd   0x080136bd   0x00000003   PAD
    0x080136c0   0x080136c0   0x00000004   Data   RO         8230    .conststring        lcp.o
    0x080136c4   0x080136c4   0x00000020   Data   RO        10235    Region$$Table       anon$$obj.o


    Execution Region RW_IRAM2 (Exec base: 0x10000000, Load base: 0x08013748, Size: 0x00000000, Max: 0x00010000, ABSOLUTE)

    **** No section assigned to this execution region ****


    Execution Region RW_IRAM1 (Exec base: 0x20000000, Load base: 0x080136e4, Size: 0x0000a510, Max: 0x00030000, ABSOLUTE, COMPRESSED[0x00000064])

    Exec Addr    Load Addr    Size         Type   Attr      Idx    E Section Name        Object

    0x20000000   COMPRESSED   0x00000008   Data   RW           19    .data               uart_driver.o
    0x20000008   COMPRESSED   0x00000014   Data   RW          460    .data               pppapp.o
    0x2000001c   COMPRESSED   0x0000000c   Data   RW          769    .data               main.o
    0x20000028   COMPRESSED   0x00000074   Data   RW         1065    .data               test_http.o
    0x2000009c   COMPRESSED   0x0000000c   Data   RW         2186    .data               stm32f4xx_hal.o
    0x200000a8   COMPRESSED   0x00000004   Data   RW         3685    .data               system_stm32f4xx.o
    0x200000ac   COMPRESSED   0x0000003c   Data   RW         4217    .data               tasks.o
    0x200000e8   COMPRESSED   0x00000018   Data   RW         4850    .data               heap_4.o
    0x20000100   COMPRESSED   0x0000000c   Data   RW         4913    .data               port.o
    0x2000010c   COMPRESSED   0x00000010   Data   RW         5865    .data               tcpip.o
    0x2000011c   COMPRESSED   0x00000010   Data   RW         6232    .data               mem.o
    0x2000012c   COMPRESSED   0x00000004   Data   RW         6352    .data               memp.o
    0x20000130   COMPRESSED   0x00000004   Data   RW         6353    .data               memp.o
    0x20000134   COMPRESSED   0x00000004   Data   RW         6354    .data               memp.o
    0x20000138   COMPRESSED   0x00000004   Data   RW         6355    .data               memp.o
    0x2000013c   COMPRESSED   0x00000004   Data   RW         6356    .data               memp.o
    0x20000140   COMPRESSED   0x00000004   Data   RW         6357    .data               memp.o
    0x20000144   COMPRESSED   0x00000004   Data   RW         6358    .data               memp.o
    0x20000148   COMPRESSED   0x00000004   Data   RW         6359    .data               memp.o
    0x2000014c   COMPRESSED   0x00000004   Data   RW         6360    .data               memp.o
    0x20000150   COMPRESSED   0x00000004   Data   RW         6361    .data               memp.o
    0x20000154   COMPRESSED   0x00000004   Data   RW         6362    .data               memp.o
    0x20000158   COMPRESSED   0x00000004   Data   RW         6363    .data               memp.o
    0x2000015c   COMPRESSED   0x00000004   Data   RW         6364    .data               memp.o
    0x20000160   COMPRESSED   0x0000000c   Data   RW         6484    .data               netif.o
    0x2000016c   COMPRESSED   0x00000001   Data   RW         6677    .data               pbuf.o
    0x2000016d   COMPRESSED   0x00000003   PAD
    0x20000170   COMPRESSED   0x00000020   Data   RW         6977    .data               tcp.o
    0x20000190   COMPRESSED   0x00000024   Data   RW         7245    .data               tcp_in.o
    0x200001b4   COMPRESSED   0x0000000c   Data   RW         7494    .data               timeouts.o
    0x200001c0   COMPRESSED   0x00000008   Data   RW         7587    .data               udp.o
    0x200001c8   COMPRESSED   0x00000002   Data   RW         7764    .data               ip4.o
    0x200001ca   COMPRESSED   0x00000002   PAD
    0x200001cc   COMPRESSED   0x00000008   Data   RW         7891    .data               ip4_frag.o
    0x200001d4   COMPRESSED   0x00000004   Data   RW         8385    .data               magic.o
    0x200001d8   COMPRESSED   0x00000004   Data   RW         8478    .data               ppp.o
    0x200001dc   COMPRESSED   0x00000004   Data   RW         8789    .data               pppos.o
    0x200001e0   COMPRESSED   0x00000011   Data   RW         8920    .data               utils.o
    0x200001f1   COMPRESSED   0x00000003   PAD
    0x200001f4   COMPRESSED   0x00000004   Data   RW         9110    .data               sys_arch.o
    0x200001f8   COMPRESSED   0x00000004   Data   RW         9891    .data               mc_w.l(rand.o)
    0x200001fc   COMPRESSED   0x00000004   Data   RW        10198    .data               mc_w.l(stdout.o)
    0x20000200   COMPRESSED   0x00000004   Data   RW        10208    .data               mc_w.l(errno.o)
    0x20000204        -       0x00000060   Zero   RW           17    .bss                uart_driver.o
    0x20000264        -       0x00000c01   Zero   RW           18    .bss                uart_driver.o
    0x20000e65   COMPRESSED   0x00000003   PAD
    0x20000e68        -       0x00000030   Zero   RW          457    .bss                pppapp.o
    0x20000e98        -       0x00000080   Zero   RW          764    .bss                main.o
    0x20000f18        -       0x00000060   Zero   RW          765    .bss                main.o
    0x20000f78        -       0x00000060   Zero   RW          766    .bss                main.o
    0x20000fd8        -       0x00000254   Zero   RW          867    .bss                freertos.o
    0x2000122c        -       0x00000040   Zero   RW         1014    .bss                stm32f4xx_hal_timebase_tim.o
    0x2000126c        -       0x000000f0   Zero   RW         4216    .bss                tasks.o
    0x2000135c        -       0x00003c00   Zero   RW         4849    .bss                heap_4.o
    0x20004f5c        -       0x00000018   Zero   RW         6199    .bss                ip.o
    0x20004f74        -       0x00000c93   Zero   RW         6231    .bss                mem.o
    0x20005c07        -       0x00000083   Zero   RW         6312    .bss                memp.o
    0x20005c8a        -       0x0000000a   Zero   RW         6313    .bss                memp.o
    0x20005c94        -       0x0000030f   Zero   RW         6314    .bss                memp.o
    0x20005fa3   COMPRESSED   0x00000001   PAD
    0x20005fa4        -       0x0000000a   Zero   RW         6315    .bss                memp.o
    0x20005fae        -       0x000000e3   Zero   RW         6316    .bss                memp.o
    0x20006091   COMPRESSED   0x00000001   PAD
    0x20006092        -       0x0000000a   Zero   RW         6317    .bss                memp.o
    0x2000609c        -       0x00000103   Zero   RW         6318    .bss                memp.o
    0x2000619f   COMPRESSED   0x00000001   PAD
    0x200061a0        -       0x0000000a   Zero   RW         6319    .bss                memp.o
    0x200061aa        -       0x000000a3   Zero   RW         6320    .bss                memp.o
    0x2000624d   COMPRESSED   0x00000001   PAD
    0x2000624e        -       0x0000000a   Zero   RW         6321    .bss                memp.o
    0x20006258        -       0x0000016b   Zero   RW         6322    .bss                memp.o
    0x200063c3   COMPRESSED   0x00000001   PAD
    0x200063c4        -       0x0000000a   Zero   RW         6323    .bss                memp.o
    0x200063ce        -       0x00000023   Zero   RW         6324    .bss                memp.o
    0x200063f1   COMPRESSED   0x00000001   PAD
    0x200063f2        -       0x0000000a   Zero   RW         6325    .bss                memp.o
    0x200063fc        -       0x000000a3   Zero   RW         6326    .bss                memp.o
    0x2000649f   COMPRESSED   0x00000001   PAD
    0x200064a0        -       0x0000000a   Zero   RW         6327    .bss                memp.o
    0x200064aa        -       0x00000083   Zero   RW         6328    .bss                memp.o
    0x2000652d   COMPRESSED   0x00000001   PAD
    0x2000652e        -       0x0000000a   Zero   RW         6329    .bss                memp.o
    0x20006538        -       0x00000083   Zero   RW         6330    .bss                memp.o
    0x200065bb   COMPRESSED   0x00000001   PAD
    0x200065bc        -       0x0000000a   Zero   RW         6331    .bss                memp.o
    0x200065c6        -       0x00000043   Zero   RW         6332    .bss                memp.o
    0x20006609   COMPRESSED   0x00000001   PAD
    0x2000660a        -       0x0000000a   Zero   RW         6333    .bss                memp.o
    0x20006614        -       0x00000103   Zero   RW         6334    .bss                memp.o
    0x20006717   COMPRESSED   0x00000001   PAD
    0x20006718        -       0x0000000a   Zero   RW         6335    .bss                memp.o
    0x20006722        -       0x00002603   Zero   RW         6336    .bss                memp.o
    0x20008d25   COMPRESSED   0x00000001   PAD
    0x20008d26        -       0x0000000a   Zero   RW         6337    .bss                memp.o
    0x20008d30        -       0x000000e4   Zero   RW         6867    .bss                stats.o
    0x20008e14        -       0x00000010   Zero   RW         7244    .bss                tcp_in.o
    0x20008e24        -       0x00000010   Zero   RW         7819    .bss                ip4_addr.o
    0x20008e34        -       0x00001263   Zero   RW         8475    .bss                ppp.o
    0x2000a097   COMPRESSED   0x00000001   PAD
    0x2000a098        -       0x0000000a   Zero   RW         8476    .bss                ppp.o
    0x2000a0a2        -       0x00000063   Zero   RW         8786    .bss                pppos.o
    0x2000a105   COMPRESSED   0x00000001   PAD
    0x2000a106        -       0x0000000a   Zero   RW         8787    .bss                pppos.o
    0x2000a110        -       0x00000400   Zero   RW            1    STACK               startup_stm32f429xx.o


==============================================================================

Image component sizes


      Code (inc. data)   RO Data    RW Data    ZI Data      Debug   Object Name

         0          0          0          0          0        516   api_lib.o
         0          0          0          0          0       4615   api_msg.o
       484        116          0          0          0      18415   auth.o
       630         20          0          0          0      35086   cmsis_os.o
       246          6          0          0          0       3994   cycle_queue.o
         8          0          0          0          0       1186   def.o
         0          0          0          0          0       4724   err.o
         0          0          0          0          0      17536   event_groups.o
        20          4          0          0        596       1368   freertos.o
      2546        488          0          0          0      25934   fsm.o
       460         24          0         24      15360       7611   heap_4.o
       892        358          0          0          0       4922   icmp.o
       262          0          0          0          0       4829   inet_chksum.o
        42          0          0          0          0       2580   init.o
         0          0          0          0         24       3298   ip.o
      1138        194          0          2          0       6212   ip4.o
       178          4          8          0         16      10610   ip4_addr.o
      2996       1172          0          8          0      12234   ip4_frag.o
      3398        330         97          0          0      31685   ipcp.o
      4490        496         96          0          0      39109   lcp.o
       138          0          0          0          0       3790   list.o
         8          0          0          0          0      40560   lwip.o
        60         14          0          4          0       2507   magic.o
       754        142         80         12        320      11792   main.o
      2348       1060          0         16       3219       8649   mem.o
      1078        722        260         52      12573      13304   memp.o
         0          0          0          0          0       8024   netbuf.o
      1374        752          0         12          0      14598   netif.o
      4088       2172          0          1          0      20961   pbuf.o
       786         82          0         12          0      12429   port.o
      1202        300         28          4       4717      29529   ppp.o
      1284        774         64         20         48      39786   pppapp.o
      1616         58        556          4        109      26552   pppos.o
      2220         18          0          0          0      23941   queue.o
        36          8        428          0       1024        876   startup_stm32f429xx.o
         2          0          0          0        228       5586   stats.o
        80         14          0         12          0       8478   stm32f4xx_hal.o
       158         14          0          0          0      33362   stm32f4xx_hal_cortex.o
      1080         16          8          0          0       7718   stm32f4xx_hal_dma.o
       478         54          0          0          0       2532   stm32f4xx_hal_gpio.o
       352         34          0          0          0       2033   stm32f4xx_hal_msp.o
       112         14          0          0          0       1368   stm32f4xx_hal_pwr_ex.o
      1392         82          0          0          0       6169   stm32f4xx_hal_rcc.o
       656         44          0          0          0       7660   stm32f4xx_hal_tim.o
         4          0          0          0          0       1721   stm32f4xx_hal_tim_ex.o
       116         16          0          0         64       1543   stm32f4xx_hal_timebase_tim.o
      1832         30          0          0          0      15928   stm32f4xx_hal_uart.o
        76         26          0          0          0       5156   stm32f4xx_it.o
         0          0          0          0          0        392   stream_buffer.o
       432         64         24          4          0      14240   sys_arch.o
        28          6         24          4          0       1275   system_stm32f4xx.o
      2544        196          0         60        240      31036   tasks.o
      7418       3512        201         32          0      39796   tcp.o
      7086       2044          0         36         16      23391   tcp_in.o
      8692       4092         85          0          0      36194   tcp_out.o
      1104        652          0         16          0      11373   tcpip.o
      1112        348        218        116          0      22935   test_http.o
       804        378         16         12          0       8783   timeouts.o
       200         18          0          8       3169     779167   uart_driver.o
       904        356          0          8          0       6292   udp.o
      1200         34          0         17          0      19364   utils.o
      2410        320          0          0          0       7760   vj.o

    ----------------------------------------------------------------------
     75152      21678       2236        504      41740    1595014   Object Totals
         0          0         32          0          0          0   (incl. Generated)
        98          0         11          8         17          0   (incl. Padding)

    ----------------------------------------------------------------------

      Code (inc. data)   RO Data    RW Data    ZI Data      Debug   Library Member Name

        58          0          0          0          0          0   __dczerorl.o
        28          0          0          0          0         68   _chval.o
       158          0          0          0          0         92   _strtoul.o
        26          0          0          0          0         80   atoi.o
         8          4        133          0          0         68   ctype_o.o
         0          0          0          0          0          0   entry.o
         0          0          0          0          0          0   entry10a.o
         0          0          0          0          0          0   entry11a.o
         8          4          0          0          0          0   entry2.o
         4          0          0          0          0          0   entry5.o
         0          0          0          0          0          0   entry7b.o
         0          0          0          0          0          0   entry8b.o
         8          4          0          0          0          0   entry9a.o
         8          4          0          4          0         68   errno.o
        30          0          0          0          0          0   handlers.o
        36          8          0          0          0         68   init.o
        30          0          0          0          0         68   llshl.o
        32          0          0          0          0         68   llushr.o
        26          0          0          0          0         80   memcmp.o
        64          0          0          0          0         76   memmovea.o
        36          0          0          0          0        108   memseta.o
      1204         60          0          0          0        504   printf8.o
        36         10          0          4          0        136   rand.o
         0          0          0          4          0          0   stdout.o
        14          0          0          0          0         68   strlen.o
        36          0          0          0          0         80   strstr.o
       112          0          0          0          0         88   strtol.o
        98          0          0          0          0         92   uldiv.o

    ----------------------------------------------------------------------
      2064         94        136         12          0       1812   Library Totals
         4          0          3          0          0          0   (incl. Padding)

    ----------------------------------------------------------------------

      Code (inc. data)   RO Data    RW Data    ZI Data      Debug   Library Name

      2060         94        133         12          0       1812   mc_w.l

    ----------------------------------------------------------------------
      2064         94        136         12          0       1812   Library Totals

    ----------------------------------------------------------------------

==============================================================================


      Code (inc. data)   RO Data    RW Data    ZI Data      Debug   

     77216      21772       2372        516      41740    1549126   Grand Totals
     77216      21772       2372        100      41740    1549126   ELF Image Totals (compressed)
     77216      21772       2372        100          0          0   ROM Totals

==============================================================================

    Total RO  Size (Code + RO Data)                79588 (  77.72kB)
    Total RW  Size (RW Data + ZI Data)             42256 (  41.27kB)
    Total ROM Size (Code + RO Data + RW Data)      79688 (  77.82kB)

==============================================================================

