Component: ARM Compiler 5.06 update 6 (build 750) Tool: armlink [4d35ed]

==============================================================================

Section Cross References

    startup_stm32f429xx.o(RESET) refers to startup_stm32f429xx.o(STACK) for __initial_sp
    startup_stm32f429xx.o(RESET) refers to startup_stm32f429xx.o(.text) for Reset_Handler
    startup_stm32f429xx.o(RESET) refers to stm32f4xx_it.o(i.NMI_Handler) for NMI_Handler
    startup_stm32f429xx.o(RESET) refers to stm32f4xx_it.o(i.HardFault_Handler) for HardFault_Handler
    startup_stm32f429xx.o(RESET) refers to stm32f4xx_it.o(i.MemManage_Handler) for MemManage_Handler
    startup_stm32f429xx.o(RESET) refers to stm32f4xx_it.o(i.BusFault_Handler) for BusFault_Handler
    startup_stm32f429xx.o(RESET) refers to stm32f4xx_it.o(i.UsageFault_Handler) for UsageFault_Handler
    startup_stm32f429xx.o(RESET) refers to port.o(.emb_text) for SVC_Handler
    startup_stm32f429xx.o(RESET) refers to stm32f4xx_it.o(i.DebugMon_Handler) for DebugMon_Handler
    startup_stm32f429xx.o(RESET) refers to port.o(i.SysTick_Handler) for SysTick_Handler
    startup_stm32f429xx.o(RESET) refers to stm32f4xx_it.o(i.TIM1_UP_TIM10_IRQHandler) for TIM1_UP_TIM10_IRQHandler
    startup_stm32f429xx.o(RESET) refers to stm32f4xx_it.o(i.DMA2_Stream1_IRQHandler) for DMA2_Stream1_IRQHandler
    startup_stm32f429xx.o(RESET) refers to stm32f4xx_it.o(i.DMA2_Stream6_IRQHandler) for DMA2_Stream6_IRQHandler
    startup_stm32f429xx.o(RESET) refers to stm32f4xx_it.o(i.USART6_IRQHandler) for USART6_IRQHandler
    startup_stm32f429xx.o(.text) refers to system_stm32f4xx.o(i.SystemInit) for SystemInit
    startup_stm32f429xx.o(.text) refers to entry.o(.ARM.Collect$$$$00000000) for __main
    uart_driver.o(i.InitPeripherals) refers to cycle_queue.o(i.QueueInitiate) for QueueInitiate
    uart_driver.o(i.InitPeripherals) refers to uart_driver.o(.bss) for .bss
    uart_driver.o(i.MX_UART_Config) refers to stm32f4xx_hal_uart.o(i.HAL_UART_DeInit) for HAL_UART_DeInit
    uart_driver.o(i.MX_UART_Config) refers to stm32f4xx_hal_uart.o(i.HAL_UART_Init) for HAL_UART_Init
    uart_driver.o(i.MX_UART_Config) refers to cmsis_os.o(i.osDelay) for osDelay
    uart_driver.o(i.MX_UART_Config) refers to stm32f4xx_hal_uart.o(i.HAL_UART_Receive_DMA) for HAL_UART_Receive_DMA
    uart_driver.o(i.MX_UART_Config) refers to stm32f4xx_hal_cortex.o(i.HAL_NVIC_SetPriority) for HAL_NVIC_SetPriority
    uart_driver.o(i.MX_UART_Config) refers to stm32f4xx_hal_cortex.o(i.HAL_NVIC_EnableIRQ) for HAL_NVIC_EnableIRQ
    uart_driver.o(i.MX_UART_Config) refers to printf8.o(i.__0printf$8) for __2printf
    uart_driver.o(i.MX_UART_Config) refers to uart_driver.o(.bss) for .bss
    uart_driver.o(i.UartIdleReceiveData) refers to stm32f4xx_hal_uart.o(i.HAL_UART_DMAStop) for HAL_UART_DMAStop
    uart_driver.o(i.UartIdleReceiveData) refers to cycle_queue.o(i.QueueAppend) for QueueAppend
    uart_driver.o(i.UartIdleReceiveData) refers to stm32f4xx_hal_uart.o(i.HAL_UART_DMAResume) for HAL_UART_DMAResume
    uart_driver.o(i.UartIdleReceiveData) refers to stm32f4xx_hal_uart.o(i.HAL_UART_Receive_DMA) for HAL_UART_Receive_DMA
    uart_driver.o(i.UartIdleReceiveData) refers to main.o(.bss) for hdma_usart6_rx
    uart_driver.o(i.UartIdleReceiveData) refers to uart_driver.o(.data) for .data
    uart_driver.o(i.UartSendData) refers to stm32f4xx_hal_uart.o(i.HAL_UART_Transmit) for HAL_UART_Transmit
    uart_driver.o(i.UartSendData) refers to stm32f4xx_hal_uart.o(i.HAL_UART_DMAResume) for HAL_UART_DMAResume
    uart_driver.o(i.UartSendData) refers to stm32f4xx_hal_uart.o(i.HAL_UART_Receive_DMA) for HAL_UART_Receive_DMA
    uart_driver.o(i.UartSendData) refers to uart_driver.o(.bss) for .bss
    cycle_queue.o(i.QueueDelete) refers to port.o(i.vPortEnterCritical) for vPortEnterCritical
    cycle_queue.o(i.QueueDelete) refers to port.o(i.vPortExitCritical) for vPortExitCritical
    cycle_queue.o(i.QueueInitiate) refers to uart_driver.o(.bss) for UsartType
    cycle_queue.o(i.QueueNotEmpty) refers to port.o(i.vPortEnterCritical) for vPortEnterCritical
    cycle_queue.o(i.QueueNotEmpty) refers to port.o(i.vPortExitCritical) for vPortExitCritical
    lwip.o(i.sys_jiffies) refers to stm32f4xx_hal.o(i.HAL_GetTick) for HAL_GetTick
    lwip.o(i.sys_now) refers to stm32f4xx_hal.o(i.HAL_GetTick) for HAL_GetTick
    pppapp.o(i.PRINT) refers to printf8.o(i.__0printf$8) for __2printf
    pppapp.o(i.PppRead) refers to cycle_queue.o(i.QueueNotEmpty) for QueueNotEmpty
    pppapp.o(i.PppRead) refers to cycle_queue.o(i.QueueDelete) for QueueDelete
    pppapp.o(i.PppRead) refers to pppapp.o(i.PRINT) for PRINT
    pppapp.o(i.PppRead) refers to port.o(i.vPortEnterCritical) for vPortEnterCritical
    pppapp.o(i.PppRead) refers to pppos.o(i.pppos_input_tcpip) for pppos_input_tcpip
    pppapp.o(i.PppRead) refers to port.o(i.vPortExitCritical) for vPortExitCritical
    pppapp.o(i.PppRead) refers to cmsis_os.o(i.osDelay) for osDelay
[...]
    xQueueGenericSendFromISR                 0x08014de1   Thumb Code   188  queue.o(i.xQueueGenericSendFromISR)
    xQueueGiveFromISR                        0x08014e9d   Thumb Code   156  queue.o(i.xQueueGiveFromISR)
    xQueueReceive                            0x08014f39   Thumb Code   308  queue.o(i.xQueueReceive)
    xQueueReceiveFromISR                     0x08015071   Thumb Code   154  queue.o(i.xQueueReceiveFromISR)
    xQueueSemaphoreTake                      0x0801510d   Thumb Code   372  queue.o(i.xQueueSemaphoreTake)
    xTaskCheckForTimeOut                     0x08015285   Thumb Code   112  tasks.o(i.xTaskCheckForTimeOut)
    xTaskCreate                              0x080152f9   Thumb Code    90  tasks.o(i.xTaskCreate)
    xTaskCreateStatic                        0x08015353   Thumb Code    86  tasks.o(i.xTaskCreateStatic)
    xTaskGetSchedulerState                   0x080153a9   Thumb Code    22  tasks.o(i.xTaskGetSchedulerState)
    xTaskGetTickCount                        0x080153c5   Thumb Code     6  tasks.o(i.xTaskGetTickCount)
    xTaskGetTickCountFromISR                 0x080153d1   Thumb Code    12  tasks.o(i.xTaskGetTickCountFromISR)
    xTaskIncrementTick                       0x080153e1   Thumb Code   192  tasks.o(i.xTaskIncrementTick)
    xTaskPriorityDisinherit                  0x080154a9   Thumb Code   144  tasks.o(i.xTaskPriorityDisinherit)
    xTaskPriorityInherit                     0x08015541   Thumb Code   138  tasks.o(i.xTaskPriorityInherit)
    xTaskRemoveFromEventList                 0x080155d5   Thumb Code   108  tasks.o(i.xTaskRemoveFromEventList)
    xTaskResumeAll                           0x08015649   Thumb Code   182  tasks.o(i.xTaskResumeAll)
    AHBPrescTable                            0x08015914   Data          16  system_stm32f4xx.o(.constdata)
    APBPrescTable                            0x08015924   Data           8  system_stm32f4xx.o(.constdata)
    memp_UDP_PCB                             0x0801592c   Data          16  memp.o(.constdata)
    memp_TCP_PCB                             0x0801593c   Data          16  memp.o(.constdata)
    memp_TCP_PCB_LISTEN                      0x0801594c   Data          16  memp.o(.constdata)
    memp_TCP_SEG                             0x0801595c   Data          16  memp.o(.constdata)
    memp_REASSDATA                           0x0801596c   Data          16  memp.o(.constdata)
    memp_FRAG_PBUF                           0x0801597c   Data          16  memp.o(.constdata)
    memp_NETBUF                              0x0801598c   Data          16  memp.o(.constdata)
    memp_NETCONN                             0x0801599c   Data          16  memp.o(.constdata)
    memp_TCPIP_MSG_API                       0x080159ac   Data          16  memp.o(.constdata)
    memp_TCPIP_MSG_INPKT                     0x080159bc   Data          16  memp.o(.constdata)
    memp_SYS_TIMEOUT                         0x080159cc   Data          16  memp.o(.constdata)
    memp_PBUF                                0x080159dc   Data          16  memp.o(.constdata)
    memp_PBUF_POOL                           0x080159ec   Data          16  memp.o(.constdata)
    memp_pools                               0x080159fc   Data          52  memp.o(.constdata)
    tcp_pcb_lists                            0x08015a74   Data          16  tcp.o(.constdata)
    lwip_cyclic_timers                       0x08015a84   Data          16  timeouts.o(.constdata)
    ip_addr_any                              0x08015a94   Data           4  ip4_addr.o(.constdata)
    ip_addr_broadcast                        0x08015a98   Data           4  ip4_addr.o(.constdata)
    ipcp_protent                             0x08015ad8   Data          32  ipcp.o(.constdata)
    lcp_protent                              0x08015b34   Data          32  lcp.o(.constdata)
    memp_PPP_PCB                             0x08015b54   Data          16  ppp.o(.constdata)
    protocols                                0x08015b64   Data          12  ppp.o(.constdata)
    memp_PPPOS_PCB                           0x08015b70   Data          16  pppos.o(.constdata)
    os_mutex_def_lwip_sys_mutex              0x08015d9c   Data           8  sys_arch.o(.constdata)
    __ctype_table                            0x08015db4   Data         129  ctype_o.o(.constdata)
    Region$$Table$$Base                      0x080161ec   Number         0  anon$$obj.o(Region$$Table)
    Region$$Table$$Limit                     0x0801620c   Number         0  anon$$obj.o(Region$$Table)
    cache                                    0x20000000   Data           8  uart_driver.o(.data)
    ppp_conn_success                         0x20000008   Data           1  pppapp.o(.data)
    ppp                                      0x2000000c   Data           4  pppapp.o(.data)
    PPP_SEND_TASK_HANDLE                     0x20000010   Data           4  pppapp.o(.data)
    TCP_CLIENT_TASK_HANDLE                   0x20000014   Data           4  pppapp.o(.data)
    pcb                                      0x20000018   Data           4  pppapp.o(.data)
    pData                                    0x20000020   Data           1  main.o(.data)
    defaultTaskHandle                        0x20000024   Data           4  main.o(.data)
    myTask02Handle                           0x20000028   Data           4  main.o(.data)
    uwTickFreq                               0x2000002c   Data           1  stm32f4xx_hal.o(.data)
    uwTickPrio                               0x20000030   Data           4  stm32f4xx_hal.o(.data)
    uwTick                                   0x20000034   Data           4  stm32f4xx_hal.o(.data)
    SystemCoreClock                          0x20000038   Data           4  system_stm32f4xx.o(.data)
    pxCurrentTCB                             0x2000003c   Data           4  tasks.o(.data)
    lock_tcpip_core                          0x200000a8   Data           4  tcpip.o(.data)
    netif_list                               0x200000f4   Data           4  netif.o(.data)
    netif_default                            0x200000f8   Data           4  netif.o(.data)
    pbuf_free_ooseq_pending                  0x200000fc   Data           1  pbuf.o(.data)
    tcp_active_pcbs_changed                  0x20000100   Data           1  tcp.o(.data)
    tcp_ticks                                0x2000010c   Data           4  tcp.o(.data)
    tcp_bound_pcbs                           0x20000110   Data           4  tcp.o(.data)
    tcp_listen_pcbs                          0x20000114   Data           4  tcp.o(.data)
    tcp_active_pcbs                          0x20000118   Data           4  tcp.o(.data)
    tcp_tw_pcbs                              0x2000011c   Data           4  tcp.o(.data)
    tcp_input_pcb                            0x20000140   Data           4  tcp_in.o(.data)
    udp_pcbs                                 0x20000154   Data           4  udp.o(.data)
    lwip_sys_mutex                           0x20000184   Data           4  sys_arch.o(.data)
    end_bit                                  0x20000188   Data           1  http_client.o(.data)
    __stdout                                 0x20000190   Data           4  stdout.o(.data)
    seqCQueue                                0x20000198   Data          96  uart_driver.o(.bss)
    UsartType                                0x200001f8   Data        3073  uart_driver.o(.bss)
    ppp_netif                                0x20000dfc   Data          48  pppapp.o(.bss)
    static_client                            0x20000e2c   Data         496  test_mqtt.o(.bss)
    huart4                                   0x2000101c   Data          64  main.o(.bss)
    huart6                                   0x2000105c   Data          64  main.o(.bss)
    hdma_usart6_rx                           0x2000109c   Data          96  main.o(.bss)
    hdma_usart6_tx                           0x200010fc   Data          96  main.o(.bss)
    htim1                                    0x200013b0   Data          64  stm32f4xx_hal_timebase_tim.o(.bss)
    ip_data                                  0x200050e0   Data          24  ip.o(.bss)
    ram_heap                                 0x200050f8   Data        1619  mem.o(.bss)
    memp_memory_UDP_PCB_base                 0x2000574b   Data         131  memp.o(.bss)
    memp_memory_TCP_PCB_base                 0x200057d8   Data         783  memp.o(.bss)
    memp_memory_TCP_PCB_LISTEN_base          0x20005af2   Data         227  memp.o(.bss)
    memp_memory_TCP_SEG_base                 0x20005be0   Data         259  memp.o(.bss)
    memp_memory_REASSDATA_base               0x20005cee   Data         163  memp.o(.bss)
    memp_memory_FRAG_PBUF_base               0x20005d9c   Data         363  memp.o(.bss)
    memp_memory_NETBUF_base                  0x20005f12   Data          35  memp.o(.bss)
    memp_memory_NETCONN_base                 0x20005f40   Data         163  memp.o(.bss)
    memp_memory_TCPIP_MSG_API_base           0x20005fee   Data         131  memp.o(.bss)
    memp_memory_TCPIP_MSG_INPKT_base         0x2000607c   Data         131  memp.o(.bss)
    memp_memory_SYS_TIMEOUT_base             0x2000610a   Data          67  memp.o(.bss)
    memp_memory_PBUF_base                    0x20006158   Data         259  memp.o(.bss)
    memp_memory_PBUF_POOL_base               0x20006266   Data        9731  memp.o(.bss)
    lwip_stats                               0x20008874   Data         228  stats.o(.bss)
    memp_memory_PPP_PCB_base                 0x20008978   Data        4707  ppp.o(.bss)
    memp_memory_PPPOS_PCB_base               0x20009be6   Data          99  pppos.o(.bss)
    __initial_sp                             0x2000a058   Data           0  startup_stm32f429xx.o(STACK)



==============================================================================

Memory Map of the image

  Image Entry point : 0x080001ad

  Load Region LR_IROM1 (Base: 0x08000000, Size: 0x000163a4, Max: 0x00080000, ABSOLUTE, COMPRESSED[0x00016238])

    Execution Region ER_IROM1 (Exec base: 0x08000000, Load base: 0x08000000, Size: 0x0001620c, Max: 0x00080000, ABSOLUTE)

    Exec Addr    Load Addr    Size         Type   Attr      Idx    E Section Name        Object

    0x08000000   0x08000000   0x000001ac   Data   RO            3    RESET               startup_stm32f429xx.o
    0x080001ac   0x080001ac   0x00000000   Code   RO         9760  * .ARM.Collect$$$$00000000  mc_w.l(entry.o)
    0x080001ac   0x080001ac   0x00000004   Code   RO        10085    .ARM.Collect$$$$00000001  mc_w.l(entry2.o)
    0x080001b0   0x080001b0   0x00000004   Code   RO        10088    .ARM.Collect$$$$00000004  mc_w.l(entry5.o)
    0x080001b4   0x080001b4   0x00000000   Code   RO        10090    .ARM.Collect$$$$00000008  mc_w.l(entry7b.o)
    0x080001b4   0x080001b4   0x00000000   Code   RO        10092    .ARM.Collect$$$$0000000A  mc_w.l(entry8b.o)
    0x080001b4   0x080001b4   0x00000008   Code   RO        10093    .ARM.Collect$$$$0000000B  mc_w.l(entry9a.o)
    0x080001bc   0x080001bc   0x00000000   Code   RO        10095    .ARM.Collect$$$$0000000D  mc_w.l(entry10a.o)
    0x080001bc   0x080001bc   0x00000000   Code   RO        10097    .ARM.Collect$$$$0000000F  mc_w.l(entry11a.o)
    0x080001bc   0x080001bc   0x00000004   Code   RO        10086    .ARM.Collect$$$$00002712  mc_w.l(entry2.o)
    0x080001c0   0x080001c0   0x000000be   Code   RO         4799    .emb_text           port.o
    0x0800027e   0x0800027e   0x00000002   PAD
    0x08000280   0x08000280   0x00000024   Code   RO            4    .text               startup_stm32f429xx.o
    0x080002a4   0x080002a4   0x00000062   Code   RO         9763    .text               mc_w.l(uldiv.o)
    0x08000306   0x08000306   0x00000002   PAD
    0x08000308   0x08000308   0x00000008   Code   RO         9765    .text               mc_w.l(ctype_o.o)
    0x08000310   0x08000310   0x00000024   Code   RO         9793    .text               mc_w.l(rand.o)
    0x08000334   0x08000334   0x00000040   Code   RO         9798    .text               mc_w.l(memmovea.o)
    0x08000374   0x08000374   0x00000024   Code   RO         9802    .text               mc_w.l(memseta.o)
    0x08000398   0x08000398   0x0000000e   Code   RO         9808    .text               mc_w.l(strlen.o)
    0x080003a6   0x080003a6   0x0000001c   Code   RO         9810    .text               mc_w.l(strcmp.o)
    0x080003c2   0x080003c2   0x0000001a   Code   RO         9812    .text               mc_w.l(memcmp.o)
    0x080003dc   0x080003dc   0x0000001a   Code   RO        10083    .text               mc_w.l(atoi.o)
    0x080003f6   0x080003f6   0x0000001e   Code   RO        10102    .text               mc_w.l(llshl.o)
    0x08000414   0x08000414   0x00000020   Code   RO        10104    .text               mc_w.l(llushr.o)
    0x08000434   0x08000434   0x00000070   Code   RO        10113    .text               mc_w.l(strtol.o)
    0x080004a4   0x080004a4   0x00000024   Code   RO        10126    .text               mc_w.l(init.o)
    0x080004c8   0x080004c8   0x0000009e   Code   RO        10130    .text               mc_w.l(_strtoul.o)
    0x08000566   0x08000566   0x0000001c   Code   RO        10134    .text               mc_w.l(_chval.o)
    0x08000582   0x08000582   0x00000056   Code   RO        10144    .text               mc_w.l(__dczerorl2.o)
    0x080005d8   0x080005d8   0x00000002   Code   RO          862    i.BusFault_Handler  stm32f4xx_it.o
    0x080005da   0x080005da   0x00000002   PAD
    0x080005dc   0x080005dc   0x0000000c   Code   RO          863    i.DMA2_Stream1_IRQHandler  stm32f4xx_it.o
    0x080005e8   0x080005e8   0x0000000c   Code   RO          864    i.DMA2_Stream6_IRQHandler  stm32f4xx_it.o
    0x080005f4   0x080005f4   0x00000028   Code   RO         1605    i.DMA_CalcBaseAndBitshift  stm32f4xx_hal_dma.o
    0x0800061c   0x0800061c   0x00000054   Code   RO         1606    i.DMA_CheckFifoParam  stm32f4xx_hal_dma.o
    0x08000670   0x08000670   0x00000028   Code   RO         1607    i.DMA_SetConfig     stm32f4xx_hal_dma.o
    0x08000698   0x08000698   0x00000002   Code   RO          865    i.DebugMon_Handler  stm32f4xx_it.o
    0x0800069a   0x0800069a   0x00000002   Code   RO          728    i.Error_Handler     main.o
    0x0800069c   0x0800069c   0x0000008e   Code   RO         1608    i.HAL_DMA_Abort     stm32f4xx_hal_dma.o
    0x0800072a   0x0800072a   0x00000024   Code   RO         1609    i.HAL_DMA_Abort_IT  stm32f4xx_hal_dma.o
    0x0800074e   0x0800074e   0x00000002   PAD
    0x08000750   0x08000750   0x000001a0   Code   RO         1613    i.HAL_DMA_IRQHandler  stm32f4xx_hal_dma.o
    0x080008f0   0x080008f0   0x000000d4   Code   RO         1614    i.HAL_DMA_Init      stm32f4xx_hal_dma.o
    0x080009c4   0x080009c4   0x0000006e   Code   RO         1618    i.HAL_DMA_Start_IT  stm32f4xx_hal_dma.o
    0x08000a32   0x08000a32   0x00000002   PAD
    0x08000a34   0x08000a34   0x000001d4   Code   RO         1501    i.HAL_GPIO_Init     stm32f4xx_hal_gpio.o
    0x08000c08   0x08000c08   0x0000000a   Code   RO         1505    i.HAL_GPIO_WritePin  stm32f4xx_hal_gpio.o
    0x08000c12   0x08000c12   0x00000002   PAD
    0x08000c14   0x08000c14   0x0000000c   Code   RO         2053    i.HAL_GetTick       stm32f4xx_hal.o
    0x08000c20   0x08000c20   0x00000010   Code   RO         2059    i.HAL_IncTick       stm32f4xx_hal.o
    0x08000c30   0x08000c30   0x00000034   Code   RO         2060    i.HAL_Init          stm32f4xx_hal.o
    0x08000c64   0x08000c64   0x00000074   Code   RO          981    i.HAL_InitTick      stm32f4xx_hal_timebase_tim.o
    0x08000cd8   0x08000cd8   0x00000030   Code   RO          944    i.HAL_MspInit       stm32f4xx_hal_msp.o
    0x08000d08   0x08000d08   0x0000001a   Code   RO         1908    i.HAL_NVIC_EnableIRQ  stm32f4xx_hal_cortex.o
    0x08000d22   0x08000d22   0x00000002   PAD
    0x08000d24   0x08000d24   0x00000040   Code   RO         1914    i.HAL_NVIC_SetPriority  stm32f4xx_hal_cortex.o
    0x08000d64   0x08000d64   0x00000024   Code   RO         1915    i.HAL_NVIC_SetPriorityGrouping  stm32f4xx_hal_cortex.o
    0x08000d88   0x08000d88   0x00000070   Code   RO         1837    i.HAL_PWREx_EnableOverDrive  stm32f4xx_hal_pwr_ex.o
    0x08000df8   0x08000df8   0x00000134   Code   RO         1095    i.HAL_RCC_ClockConfig  stm32f4xx_hal_rcc.o
    0x08000f2c   0x08000f2c   0x00000040   Code   RO         1099    i.HAL_RCC_GetClockConfig  stm32f4xx_hal_rcc.o
    0x08000f6c   0x08000f6c   0x00000020   Code   RO         1102    i.HAL_RCC_GetPCLK1Freq  stm32f4xx_hal_rcc.o
    0x08000f8c   0x08000f8c   0x00000020   Code   RO         1103    i.HAL_RCC_GetPCLK2Freq  stm32f4xx_hal_rcc.o
    0x08000fac   0x08000fac   0x00000060   Code   RO         1104    i.HAL_RCC_GetSysClockFreq  stm32f4xx_hal_rcc.o
    0x0800100c   0x0800100c   0x0000035c   Code   RO         1107    i.HAL_RCC_OscConfig  stm32f4xx_hal_rcc.o
    0x08001368   0x08001368   0x00000002   Code   RO         2985    i.HAL_TIMEx_BreakCallback  stm32f4xx_hal_tim_ex.o
    0x0800136a   0x0800136a   0x00000002   Code   RO         2986    i.HAL_TIMEx_CommutCallback  stm32f4xx_hal_tim_ex.o
    0x0800136c   0x0800136c   0x00000036   Code   RO         2310    i.HAL_TIM_Base_Init  stm32f4xx_hal_tim.o
    0x080013a2   0x080013a2   0x00000002   Code   RO         2312    i.HAL_TIM_Base_MspInit  stm32f4xx_hal_tim.o
    0x080013a4   0x080013a4   0x00000022   Code   RO         2315    i.HAL_TIM_Base_Start_IT  stm32f4xx_hal_tim.o
    0x080013c6   0x080013c6   0x00000002   Code   RO         2339    i.HAL_TIM_IC_CaptureCallback  stm32f4xx_hal_tim.o
    0x080013c8   0x080013c8   0x00000166   Code   RO         2353    i.HAL_TIM_IRQHandler  stm32f4xx_hal_tim.o
    0x0800152e   0x0800152e   0x00000002   Code   RO         2356    i.HAL_TIM_OC_DelayElapsedCallback  stm32f4xx_hal_tim.o
    0x08001530   0x08001530   0x00000002   Code   RO         2383    i.HAL_TIM_PWM_PulseFinishedCallback  stm32f4xx_hal_tim.o
    0x08001532   0x08001532   0x00000002   PAD
    0x08001534   0x08001534   0x00000014   Code   RO          729    i.HAL_TIM_PeriodElapsedCallback  main.o
    0x08001548   0x08001548   0x00000002   Code   RO         2396    i.HAL_TIM_TriggerCallback  stm32f4xx_hal_tim.o
    0x0800154a   0x0800154a   0x0000005e   Code   RO         3254    i.HAL_UART_DMAResume  stm32f4xx_hal_uart.o
    0x080015a8   0x080015a8   0x00000058   Code   RO         3255    i.HAL_UART_DMAStop  stm32f4xx_hal_uart.o
    0x08001600   0x08001600   0x00000002   Code   RO         3257    i.HAL_UART_ErrorCallback  stm32f4xx_hal_uart.o
    0x08001602   0x08001602   0x00000002   PAD
    0x08001604   0x08001604   0x00000114   Code   RO         3260    i.HAL_UART_IRQHandler  stm32f4xx_hal_uart.o
    0x08001718   0x08001718   0x00000062   Code   RO         3261    i.HAL_UART_Init     stm32f4xx_hal_uart.o
    0x0800177a   0x0800177a   0x00000002   PAD
    0x0800177c   0x0800177c   0x00000130   Code   RO          946    i.HAL_UART_MspInit  stm32f4xx_hal_msp.o
    0x080018ac   0x080018ac   0x00000098   Code   RO         3265    i.HAL_UART_Receive_DMA  stm32f4xx_hal_uart.o
    0x08001944   0x08001944   0x00000052   Code   RO         3266    i.HAL_UART_Receive_IT  stm32f4xx_hal_uart.o
    0x08001996   0x08001996   0x00000002   PAD
    0x08001998   0x08001998   0x0000003c   Code   RO          730    i.HAL_UART_RxCpltCallback  main.o
    0x080019d4   0x080019d4   0x00000002   Code   RO         3268    i.HAL_UART_RxHalfCpltCallback  stm32f4xx_hal_uart.o
    0x080019d6   0x080019d6   0x000000ba   Code   RO         3269    i.HAL_UART_Transmit  stm32f4xx_hal_uart.o
    0x08001a90   0x08001a90   0x00000002   Code   RO         3272    i.HAL_UART_TxCpltCallback  stm32f4xx_hal_uart.o
    0x08001a92   0x08001a92   0x00000002   Code   RO          866    i.HardFault_Handler  stm32f4xx_it.o
    0x08001a94   0x08001a94   0x00000040   Code   RO         1020    i.HttpClientGetFileReceive  test_http.o
    0x08001ad4   0x08001ad4   0x0000000c   Code   RO           13    i.InitPeripherals   uart_driver.o
    0x08001ae0   0x08001ae0   0x00000070   Code   RO         8101    i.LcpEchoCheck      lcp.o
    0x08001b50   0x08001b50   0x00000014   Code   RO         8102    i.LcpEchoTimeout    lcp.o
    0x08001b64   0x08001b64   0x000000e0   Code   RO         8103    i.LcpSendEchoRequest  lcp.o
    0x08001c44   0x08001c44   0x0000007c   Code   RO          731    i.MX_GPIO_Init      main.o
    0x08001cc0   0x08001cc0   0x00000038   Code   RO          732    i.MX_USART6_UART_Init  main.o
    0x08001cf8   0x08001cf8   0x00000002   Code   RO          867    i.MemManage_Handler  stm32f4xx_it.o
    0x08001cfa   0x08001cfa   0x00000002   Code   RO          868    i.NMI_Handler       stm32f4xx_it.o
    0x08001cfc   0x08001cfc   0x0000004c   Code   RO          432    i.PRINT             pppapp.o
    0x08001d48   0x08001d48   0x0000004c   Code   RO          433    i.PppRead           pppapp.o
    0x08001d94   0x08001d94   0x0000004c   Code   RO          208    i.QueueAppend       cycle_queue.o
    0x08001de0   0x08001de0   0x00000042   Code   RO          209    i.QueueDelete       cycle_queue.o
    0x08001e22   0x08001e22   0x00000002   PAD
    0x08001e24   0x08001e24   0x00000034   Code   RO          210    i.QueueInitiate     cycle_queue.o
    0x08001e58   0x08001e58   0x00000034   Code   RO          211    i.QueueNotEmpty     cycle_queue.o
    0x08001e8c   0x08001e8c   0x00000054   Code   RO          733    i.StartDefaultTask  main.o
    0x08001ee0   0x08001ee0   0x00000030   Code   RO          734    i.StartTask_Test    main.o
    0x08001f10   0x08001f10   0x0000002c   Code   RO         4800    i.SysTick_Handler   port.o
    0x08001f3c   0x08001f3c   0x00000088   Code   RO          735    i.SystemClock_Config  main.o
    0x08001fc4   0x08001fc4   0x0000001c   Code   RO         3563    i.SystemInit        system_stm32f4xx.o
    0x08001fe0   0x08001fe0   0x0000000c   Code   RO          869    i.TIM1_UP_TIM10_IRQHandler  stm32f4xx_it.o
    0x08001fec   0x08001fec   0x000000c8   Code   RO         2398    i.TIM_Base_SetConfig  stm32f4xx_hal_tim.o
    0x080020b4   0x080020b4   0x00000010   Code   RO         3274    i.UART_DMAAbortOnError  stm32f4xx_hal_uart.o
    0x080020c4   0x080020c4   0x0000004a   Code   RO         3275    i.UART_DMAError     stm32f4xx_hal_uart.o
    0x0800210e   0x0800210e   0x0000003c   Code   RO         3276    i.UART_DMAReceiveCplt  stm32f4xx_hal_uart.o
    0x0800214a   0x0800214a   0x0000000a   Code   RO         3278    i.UART_DMARxHalfCplt  stm32f4xx_hal_uart.o
    0x08002154   0x08002154   0x0000001c   Code   RO         3284    i.UART_EndRxTransfer  stm32f4xx_hal_uart.o
    0x08002170   0x08002170   0x00000012   Code   RO         3285    i.UART_EndTxTransfer  stm32f4xx_hal_uart.o
    0x08002182   0x08002182   0x00000096   Code   RO         3286    i.UART_Receive_IT   stm32f4xx_hal_uart.o
    0x08002218   0x08002218   0x00000128   Code   RO         3287    i.UART_SetConfig    stm32f4xx_hal_uart.o
    0x08002340   0x08002340   0x00000062   Code   RO         3288    i.UART_Transmit_IT  stm32f4xx_hal_uart.o
    0x080023a2   0x080023a2   0x00000064   Code   RO         3289    i.UART_WaitOnFlagUntilTimeout  stm32f4xx_hal_uart.o
    0x08002406   0x08002406   0x00000002   PAD
    0x08002408   0x08002408   0x0000001c   Code   RO          870    i.USART6_IRQHandler  stm32f4xx_it.o
    0x08002424   0x08002424   0x00000090   Code   RO           15    i.UartIdleReceiveData  uart_driver.o
    0x080024b4   0x080024b4   0x0000002c   Code   RO           16    i.UartSendData      uart_driver.o
    0x080024e0   0x080024e0   0x00000002   Code   RO          871    i.UsageFault_Handler  stm32f4xx_it.o
    0x080024e2   0x080024e2   0x00000002   PAD
    0x080024e4   0x080024e4   0x00000020   Code   RO        10029    i.__0printf$8       mc_w.l(printf8.o)
    0x08002504   0x08002504   0x00000030   Code   RO        10030    i.__0snprintf$8     mc_w.l(printf8.o)
    0x08002534   0x08002534   0x00000028   Code   RO        10031    i.__0sprintf$8      mc_w.l(printf8.o)
    0x0800255c   0x0800255c   0x00000020   Code   RO         1921    i.__NVIC_SetPriority  stm32f4xx_hal_cortex.o
    0x0800257c   0x0800257c   0x00000008   Code   RO        10106    i.__aeabi_errno_addr  mc_w.l(errno.o)
    0x08002584   0x08002584   0x0000000e   Code   RO        10138    i.__scatterload_copy  mc_w.l(handlers.o)
    0x08002592   0x08002592   0x00000002   Code   RO        10139    i.__scatterload_null  mc_w.l(handlers.o)
    0x08002594   0x08002594   0x0000000e   Code   RO        10140    i.__scatterload_zeroinit  mc_w.l(handlers.o)
    0x080025a2   0x080025a2   0x00000002   PAD
    0x080025a4   0x080025a4   0x00000410   Code   RO        10036    i._printf_core      mc_w.l(printf8.o)
    0x080029b4   0x080029b4   0x00000024   Code   RO        10037    i._printf_post_padding  mc_w.l(printf8.o)
    0x080029d8   0x080029d8   0x0000002e   Code   RO        10038    i._printf_pre_padding  mc_w.l(printf8.o)
    0x08002a06   0x08002a06   0x00000016   Code   RO        10039    i._snputc           mc_w.l(printf8.o)
    0x08002a1c   0x08002a1c   0x0000000a   Code   RO        10040    i._sputc            mc_w.l(printf8.o)
    0x08002a26   0x08002a26   0x00000002   PAD
    0x08002a28   0x08002a28   0x0000001c   Code   RO         8347    i.cifaddr           ppp.o
    0x08002a44   0x08002a44   0x0000002c   Code   RO          434    i.connect_to_server  pppapp.o
    0x08002a70   0x08002a70   0x00000070   Code   RO         9158    i.continue_networks  auth.o
    0x08002ae0   0x08002ae0   0x000000b0   Code   RO         6203    i.do_memp_free_pool  memp.o
    0x08002b90   0x08002b90   0x000000d4   Code   RO         6204    i.do_memp_malloc_pool  memp.o
    0x08002c64   0x08002c64   0x00000068   Code   RO          651    i.example_do_connect  test_mqtt.o
    0x08002ccc   0x08002ccc   0x0000009c   Code   RO          652    i.example_publish   test_mqtt.o
    0x08002d68   0x08002d68   0x00000018   Code   RO          736    i.fputc             main.o
    0x08002d80   0x08002d80   0x00000054   Code   RO         7852    i.fsm_close         fsm.o
    0x08002dd4   0x08002dd4   0x00000012   Code   RO         7853    i.fsm_init          fsm.o
    0x08002de6   0x08002de6   0x00000002   PAD
    0x08002de8   0x08002de8   0x00000108   Code   RO         7854    i.fsm_input         fsm.o
    0x08002ef0   0x08002ef0   0x00000058   Code   RO         7855    i.fsm_lowerdown     fsm.o
    0x08002f48   0x08002f48   0x00000028   Code   RO         7856    i.fsm_lowerup       fsm.o
    0x08002f70   0x08002f70   0x0000005e   Code   RO         7857    i.fsm_open          fsm.o
    0x08002fce   0x08002fce   0x00000002   PAD
    0x08002fd0   0x08002fd0   0x00000054   Code   RO         7858    i.fsm_protreject    fsm.o
    0x08003024   0x08003024   0x000000dc   Code   RO         7859    i.fsm_rconfack      fsm.o
    0x08003100   0x08003100   0x00000124   Code   RO         7860    i.fsm_rconfnakrej   fsm.o
    0x08003224   0x08003224   0x000000c8   Code   RO         7861    i.fsm_rconfreq      fsm.o
    0x080032ec   0x080032ec   0x0000005c   Code   RO         7862    i.fsm_rtermack      fsm.o
    0x08003348   0x08003348   0x000000b4   Code   RO         7863    i.fsm_rtermreq      fsm.o
    0x080033fc   0x080033fc   0x00000194   Code   RO         7864    i.fsm_sconfreq      fsm.o
    0x08003590   0x08003590   0x0000008a   Code   RO         7865    i.fsm_sdata         fsm.o
    0x0800361a   0x0800361a   0x00000002   PAD
    0x0800361c   0x0800361c   0x000000d4   Code   RO         7866    i.fsm_timeout       fsm.o
    0x080036f0   0x080036f0   0x00000006   Code   RO         8348    i.get_mask          ppp.o
    0x080036f6   0x080036f6   0x00000002   PAD
    0x080036f8   0x080036f8   0x00000098   Code   RO         1021    i.http_connect      test_http.o
    0x08003790   0x08003790   0x000000e4   Code   RO         9462    i.http_parse_response_status  http_client.o
    0x08003874   0x08003874   0x00000020   Code   RO         1023    i.http_result       test_http.o
    0x08003894   0x08003894   0x000000bc   Code   RO         9463    i.http_wait_headers  http_client.o
    0x08003950   0x08003950   0x00000028   Code   RO         9464    i.httpc_close       http_client.o
    0x08003978   0x08003978   0x00000160   Code   RO         9465    i.httpc_create_request_string  http_client.o
    0x08003ad8   0x08003ad8   0x00000066   Code   RO         9466    i.httpc_free_state  http_client.o
    0x08003b3e   0x08003b3e   0x00000002   PAD
    0x08003b40   0x08003b40   0x0000010c   Code   RO         9467    i.httpc_get_file    http_client.o
    0x08003c4c   0x08003c4c   0x000000a4   Code   RO         9469    i.httpc_get_internal_addr  http_client.o
    0x08003cf0   0x08003cf0   0x00000278   Code   RO         9471    i.httpc_init_connection_common  http_client.o
    0x08003f68   0x08003f68   0x0000003c   Code   RO         9472    i.httpc_tcp_connected  http_client.o
    0x08003fa4   0x08003fa4   0x00000012   Code   RO         9473    i.httpc_tcp_err     http_client.o
    0x08003fb6   0x08003fb6   0x0000001a   Code   RO         9474    i.httpc_tcp_poll    http_client.o
    0x08003fd0   0x08003fd0   0x00000110   Code   RO         9475    i.httpc_tcp_recv    http_client.o
    0x080040e0   0x080040e0   0x00000004   Code   RO         9476    i.httpc_tcp_sent    http_client.o
    0x080040e4   0x080040e4   0x00000008   Code   RO         7595    i.icmp_dest_unreach  icmp.o
    0x080040ec   0x080040ec   0x00000250   Code   RO         7596    i.icmp_input        icmp.o
    0x0800433c   0x0800433c   0x0000011c   Code   RO         7597    i.icmp_send_response  icmp.o
    0x08004458   0x08004458   0x00000008   Code   RO         7598    i.icmp_time_exceeded  icmp.o
    0x08004460   0x08004460   0x0000000c   Code   RO         4369    i.inHandlerMode     cmsis_os.o
    0x0800446c   0x0800446c   0x0000000c   Code   RO         5940    i.inet_chksum       inet_chksum.o
    0x08004478   0x08004478   0x00000028   Code   RO         5942    i.inet_chksum_pseudo  inet_chksum.o
    0x080044a0   0x080044a0   0x0000006e   Code   RO         5944    i.inet_cksum_pseudo_base  inet_chksum.o
    0x0800450e   0x0800450e   0x0000002e   Code   RO         7712    i.ip4_addr_isbroadcast_u32  ip4_addr.o
    0x0800453c   0x0800453c   0x00000278   Code   RO         7781    i.ip4_frag          ip4_frag.o
    0x080047b4   0x080047b4   0x000001fc   Code   RO         7657    i.ip4_input         ip4.o
    0x080049b0   0x080049b0   0x0000002c   Code   RO         7658    i.ip4_input_accept  ip4.o
    0x080049dc   0x080049dc   0x0000001e   Code   RO         7660    i.ip4_output_if     ip4.o
    0x080049fa   0x080049fa   0x00000002   PAD
    0x080049fc   0x080049fc   0x000001c0   Code   RO         7661    i.ip4_output_if_src  ip4.o
    0x08004bbc   0x08004bbc   0x000002cc   Code   RO         7782    i.ip4_reass         ip4_frag.o
    0x08004e88   0x08004e88   0x0000006c   Code   RO         7662    i.ip4_route         ip4.o
    0x08004ef4   0x08004ef4   0x0000000c   Code   RO         7715    i.ip4addr_ntoa      ip4_addr.o
    0x08004f00   0x08004f00   0x00000078   Code   RO         7716    i.ip4addr_ntoa_r    ip4_addr.o
    0x08004f78   0x08004f78   0x0000000c   Code   RO         5946    i.ip_chksum_pseudo  inet_chksum.o
    0x08004f84   0x08004f84   0x00000090   Code   RO         7783    i.ip_frag_free_pbuf_custom_ref  ip4_frag.o
    0x08005014   0x08005014   0x00000248   Code   RO         7784    i.ip_reass_chain_frag_into_datagram_and_validate  ip4_frag.o
    0x0800525c   0x0800525c   0x000000bc   Code   RO         7785    i.ip_reass_dequeue_datagram  ip4_frag.o
    0x08005318   0x08005318   0x00000198   Code   RO         7786    i.ip_reass_free_complete_datagram  ip4_frag.o
    0x080054b0   0x080054b0   0x00000080   Code   RO         7787    i.ip_reass_remove_oldest_datagram  ip4_frag.o
    0x08005530   0x08005530   0x0000002c   Code   RO         7788    i.ip_reass_tmr      ip4_frag.o
    0x0800555c   0x0800555c   0x0000010a   Code   RO         7976    i.ipcp_ackci        ipcp.o
    0x08005666   0x08005666   0x000000ec   Code   RO         7977    i.ipcp_addci        ipcp.o
    0x08005752   0x08005752   0x00000080   Code   RO         7978    i.ipcp_cilen        ipcp.o
    0x080057d2   0x080057d2   0x0000000a   Code   RO         7979    i.ipcp_close        ipcp.o
    0x080057dc   0x080057dc   0x00000044   Code   RO         7980    i.ipcp_down         ipcp.o
    0x08005820   0x08005820   0x00000016   Code   RO         7981    i.ipcp_finished     ipcp.o
    0x08005836   0x08005836   0x00000002   PAD
    0x08005838   0x08005838   0x00000068   Code   RO         7982    i.ipcp_init         ipcp.o
    0x080058a0   0x080058a0   0x0000000a   Code   RO         7983    i.ipcp_input        ipcp.o
    0x080058aa   0x080058aa   0x0000000a   Code   RO         7984    i.ipcp_lowerdown    ipcp.o
    0x080058b4   0x080058b4   0x0000000a   Code   RO         7985    i.ipcp_lowerup      ipcp.o
    0x080058be   0x080058be   0x00000272   Code   RO         7986    i.ipcp_nakci        ipcp.o
    0x08005b30   0x08005b30   0x00000018   Code   RO         7987    i.ipcp_open         ipcp.o
    0x08005b48   0x08005b48   0x0000000a   Code   RO         7988    i.ipcp_protrej      ipcp.o
    0x08005b52   0x08005b52   0x00000124   Code   RO         7989    i.ipcp_rejci        ipcp.o
    0x08005c76   0x08005c76   0x0000036a   Code   RO         7990    i.ipcp_reqci        ipcp.o
    0x08005fe0   0x08005fe0   0x00000070   Code   RO         7991    i.ipcp_resetci      ipcp.o
    0x08006050   0x08006050   0x00000254   Code   RO         7992    i.ipcp_up           ipcp.o
    0x080062a4   0x080062a4   0x00000098   Code   RO         7789    i.ipfrag_free_pbuf_custom  ip4_frag.o
    0x0800633c   0x0800633c   0x00000168   Code   RO         8104    i.lcp_ackci         lcp.o
    0x080064a4   0x080064a4   0x00000144   Code   RO         8105    i.lcp_addci         lcp.o
    0x080065e8   0x080065e8   0x00000066   Code   RO         8106    i.lcp_cilen         lcp.o
    0x0800664e   0x0800664e   0x00000002   PAD
    0x08006650   0x08006650   0x00000054   Code   RO         8107    i.lcp_close         lcp.o
    0x080066a4   0x080066a4   0x00000012   Code   RO         8108    i.lcp_delayed_up    lcp.o
    0x080066b6   0x080066b6   0x00000002   PAD
    0x080066b8   0x080066b8   0x00000064   Code   RO         8109    i.lcp_down          lcp.o
    0x0800671c   0x0800671c   0x00000060   Code   RO         8110    i.lcp_extcode       lcp.o
    0x0800677c   0x0800677c   0x00000006   Code   RO         8111    i.lcp_finished      lcp.o
    0x08006782   0x08006782   0x00000002   PAD
    0x08006784   0x08006784   0x00000060   Code   RO         8112    i.lcp_init          lcp.o
    0x080067e4   0x080067e4   0x00000038   Code   RO         8113    i.lcp_input         lcp.o
    0x0800681c   0x0800681c   0x00000020   Code   RO         8114    i.lcp_lowerdown     lcp.o
    0x0800683c   0x0800683c   0x0000007c   Code   RO         8115    i.lcp_lowerup       lcp.o
    0x080068b8   0x080068b8   0x00000314   Code   RO         8116    i.lcp_nakci         lcp.o
    0x08006bcc   0x08006bcc   0x0000002e   Code   RO         8117    i.lcp_open          lcp.o
    0x08006bfa   0x08006bfa   0x00000002   PAD
    0x08006bfc   0x08006bfc   0x0000003c   Code   RO         8118    i.lcp_protrej       lcp.o
    0x08006c38   0x08006c38   0x000000a0   Code   RO         8119    i.lcp_received_echo_reply  lcp.o
    0x08006cd8   0x08006cd8   0x000001a6   Code   RO         8120    i.lcp_rejci         lcp.o
    0x08006e7e   0x08006e7e   0x00000002   PAD
    0x08006e80   0x08006e80   0x000002f0   Code   RO         8121    i.lcp_reqci         lcp.o
    0x08007170   0x08007170   0x00000048   Code   RO         8122    i.lcp_resetci       lcp.o
    0x080071b8   0x080071b8   0x000000a0   Code   RO         8123    i.lcp_rprotrej      lcp.o
    0x08007258   0x08007258   0x0000001a   Code   RO         8124    i.lcp_sprotrej      lcp.o
    0x08007272   0x08007272   0x00000006   Code   RO         8125    i.lcp_starting      lcp.o
    0x08007278   0x08007278   0x000000f4   Code   RO         8126    i.lcp_up            lcp.o
    0x0800736c   0x0800736c   0x0000001e   Code   RO         9159    i.link_down         auth.o
    0x0800738a   0x0800738a   0x00000002   PAD
    0x0800738c   0x0800738c   0x00000038   Code   RO         9160    i.link_established  auth.o
    0x080073c4   0x080073c4   0x00000002   Code   RO         9161    i.link_required     auth.o
    0x080073c6   0x080073c6   0x00000002   PAD
    0x080073c8   0x080073c8   0x00000044   Code   RO         9162    i.link_terminated   auth.o
    0x0800740c   0x0800740c   0x00000114   Code   RO          436    i.lwip_comm_init    pppapp.o
    0x08007520   0x08007520   0x0000003c   Code   RO         7381    i.lwip_cyclic_timer  timeouts.o
    0x0800755c   0x0800755c   0x00000004   Code   RO         5886    i.lwip_htonl        def.o
    0x08007560   0x08007560   0x00000004   Code   RO         5887    i.lwip_htons        def.o
    0x08007564   0x08007564   0x0000002a   Code   RO         6013    i.lwip_init         init.o
    0x0800758e   0x0800758e   0x00000002   PAD
    0x08007590   0x08007590   0x00000058   Code   RO         5948    i.lwip_standard_chksum  inet_chksum.o
    0x080075e8   0x080075e8   0x00000014   Code   RO         8279    i.magic             magic.o
    0x080075fc   0x080075fc   0x00000014   Code   RO         8280    i.magic_init        magic.o
    0x08007610   0x08007610   0x00000014   Code   RO         8283    i.magic_randomize   magic.o
    0x08007624   0x08007624   0x000000c8   Code   RO          737    i.main              main.o
    0x080076ec   0x080076ec   0x0000000c   Code   RO         4371    i.makeFreeRtosPriority  cmsis_os.o
    0x080076f8   0x080076f8   0x000001f0   Code   RO         6123    i.mem_free          mem.o
    0x080078e8   0x080078e8   0x000000d4   Code   RO         6124    i.mem_init          mem.o
    0x080079bc   0x080079bc   0x00000290   Code   RO         6125    i.mem_malloc        mem.o
    0x08007c4c   0x08007c4c   0x00000010   Code   RO         6126    i.mem_to_ptr        mem.o
    0x08007c5c   0x08007c5c   0x0000021c   Code   RO         6127    i.mem_trim          mem.o
    0x08007e78   0x08007e78   0x0000009c   Code   RO         6205    i.memp_free         memp.o
    0x08007f14   0x08007f14   0x00000088   Code   RO         6206    i.memp_free_pool    memp.o
    0x08007f9c   0x08007f9c   0x00000030   Code   RO         6207    i.memp_init         memp.o
    0x08007fcc   0x08007fcc   0x0000002e   Code   RO         6208    i.memp_init_pool    memp.o
    0x08007ffa   0x08007ffa   0x00000002   PAD
    0x08007ffc   0x08007ffc   0x000000a4   Code   RO         6209    i.memp_malloc       memp.o
    0x080080a0   0x080080a0   0x0000008c   Code   RO         6210    i.memp_malloc_pool  memp.o
    0x0800812c   0x0800812c   0x00000110   Code   RO         9254    i.mqtt_append_request  mqtt.o
    0x0800823c   0x0800823c   0x00000054   Code   RO         9255    i.mqtt_clear_requests  mqtt.o
    0x08008290   0x08008290   0x00000568   Code   RO         9256    i.mqtt_client_connect  mqtt.o
    0x080087f8   0x080087f8   0x000000f0   Code   RO         9260    i.mqtt_close        mqtt.o
    0x080088e8   0x080088e8   0x000000e0   Code   RO          653    i.mqtt_connection_cb  test_mqtt.o
    0x080089c8   0x080089c8   0x000000d4   Code   RO         9261    i.mqtt_create_request  mqtt.o
    0x08008a9c   0x08008a9c   0x00000148   Code   RO         9262    i.mqtt_cyclic_timer  mqtt.o
    0x08008be4   0x08008be4   0x000000d4   Code   RO          654    i.mqtt_incoming_data_cb  test_mqtt.o
    0x08008cb8   0x08008cb8   0x00000070   Code   RO          655    i.mqtt_incoming_publish_cb  test_mqtt.o
    0x08008d28   0x08008d28   0x0000000c   Code   RO          656    i.mqtt_init         test_mqtt.o
    0x08008d34   0x08008d34   0x00000054   Code   RO         9264    i.mqtt_init_requests  mqtt.o
    0x08008d88   0x08008d88   0x000002d4   Code   RO         9265    i.mqtt_message_received  mqtt.o
    0x0800905c   0x0800905c   0x00000044   Code   RO         9266    i.mqtt_output_append_fixed_header  mqtt.o
    0x080090a0   0x080090a0   0x00000030   Code   RO         9267    i.mqtt_output_append_string  mqtt.o
    0x080090d0   0x080090d0   0x00000018   Code   RO         9268    i.mqtt_output_append_u16  mqtt.o
    0x080090e8   0x080090e8   0x00000004   Code   RO         9269    i.mqtt_output_append_u8  mqtt.o
    0x080090ec   0x080090ec   0x000000c0   Code   RO         9270    i.mqtt_output_check_space  mqtt.o
    0x080091ac   0x080091ac   0x00000174   Code   RO         9271    i.mqtt_output_send  mqtt.o
    0x08009320   0x08009320   0x00000120   Code   RO         9272    i.mqtt_parse_incoming  mqtt.o
    0x08009440   0x08009440   0x00000020   Code   RO          657    i.mqtt_pub_request_cb  test_mqtt.o
    0x08009460   0x08009460   0x00000244   Code   RO         9273    i.mqtt_publish      mqtt.o
    0x080096a4   0x080096a4   0x000000dc   Code   RO         9274    i.mqtt_request_time_elapsed  mqtt.o
    0x08009780   0x08009780   0x000000cc   Code   RO         9275    i.mqtt_ringbuf_advance_get_idx  mqtt.o
    0x0800984c   0x0800984c   0x00000008   Code   RO         9276    i.mqtt_ringbuf_get_ptr  mqtt.o
    0x08009854   0x08009854   0x00000014   Code   RO         9277    i.mqtt_ringbuf_len  mqtt.o
    0x08009868   0x08009868   0x00000018   Code   RO         9278    i.mqtt_ringbuf_put  mqtt.o
    0x08009880   0x08009880   0x000000b0   Code   RO         9279    i.mqtt_set_inpub_callback  mqtt.o
    0x08009930   0x08009930   0x00000020   Code   RO          658    i.mqtt_sub_request_cb  test_mqtt.o
    0x08009950   0x08009950   0x00000230   Code   RO         9280    i.mqtt_sub_unsub    mqtt.o
    0x08009b80   0x08009b80   0x000000d0   Code   RO         9281    i.mqtt_take_request  mqtt.o
    0x08009c50   0x08009c50   0x0000005c   Code   RO         9282    i.mqtt_tcp_connect_cb  mqtt.o
    0x08009cac   0x08009cac   0x000000a8   Code   RO         9283    i.mqtt_tcp_err_cb   mqtt.o
    0x08009d54   0x08009d54   0x00000012   Code   RO         9284    i.mqtt_tcp_poll_cb  mqtt.o
    0x08009d66   0x08009d66   0x00000002   PAD
    0x08009d68   0x08009d68   0x00000128   Code   RO         9285    i.mqtt_tcp_recv_cb  mqtt.o
    0x08009e90   0x08009e90   0x0000003e   Code   RO         9286    i.mqtt_tcp_sent_cb  mqtt.o
    0x08009ece   0x08009ece   0x00000014   Code   RO         9287    i.msg_generate_packet_id  mqtt.o
    0x08009ee2   0x08009ee2   0x00000002   PAD
    0x08009ee4   0x08009ee4   0x000001d8   Code   RO         6359    i.netif_add         netif.o
    0x0800a0bc   0x0800a0bc   0x00000016   Code   RO         6361    i.netif_do_ip_addr_changed  netif.o
    0x0800a0d2   0x0800a0d2   0x00000016   Code   RO         6362    i.netif_do_set_gw   netif.o
    0x0800a0e8   0x0800a0e8   0x000000c4   Code   RO         6363    i.netif_do_set_ipaddr  netif.o
    0x0800a1ac   0x0800a1ac   0x00000016   Code   RO         6364    i.netif_do_set_netmask  netif.o
    0x0800a1c2   0x0800a1c2   0x00000002   PAD
    0x0800a1c4   0x0800a1c4   0x00000028   Code   RO         6366    i.netif_get_by_index  netif.o
    0x0800a1ec   0x0800a1ec   0x00000002   Code   RO         6368    i.netif_init        netif.o
    0x0800a1ee   0x0800a1ee   0x00000002   PAD
    0x0800a1f0   0x0800a1f0   0x00000098   Code   RO         6370    i.netif_issue_reports  netif.o
    0x0800a288   0x0800a288   0x00000006   Code   RO         6372    i.netif_null_output_ip4  netif.o
    0x0800a28e   0x0800a28e   0x00000002   PAD
    0x0800a290   0x0800a290   0x00000060   Code   RO         6374    i.netif_set_addr    netif.o
    0x0800a2f0   0x0800a2f0   0x0000000c   Code   RO         6375    i.netif_set_default  netif.o
    0x0800a2fc   0x0800a2fc   0x000000a4   Code   RO         6379    i.netif_set_link_down  netif.o
    0x0800a3a0   0x0800a3a0   0x000000a8   Code   RO         6380    i.netif_set_link_up  netif.o
    0x0800a448   0x0800a448   0x00000006   Code   RO         8350    i.netif_set_mtu     ppp.o
    0x0800a44e   0x0800a44e   0x00000006   Code   RO         8351    i.new_phase         ppp.o
    0x0800a454   0x0800a454   0x00000018   Code   RO         9163    i.np_down           auth.o
    0x0800a46c   0x0800a46c   0x00000038   Code   RO         9164    i.np_finished       auth.o
    0x0800a4a4   0x0800a4a4   0x0000001c   Code   RO         9165    i.np_up             auth.o
    0x0800a4c0   0x0800a4c0   0x0000000e   Code   RO         4373    i.osDelay           cmsis_os.o
    0x0800a4ce   0x0800a4ce   0x0000000a   Code   RO         4376    i.osKernelStart     cmsis_os.o
    0x0800a4d8   0x0800a4d8   0x00000018   Code   RO         4377    i.osKernelSysTick   cmsis_os.o
    0x0800a4f0   0x0800a4f0   0x00000026   Code   RO         4385    i.osMessageCreate   cmsis_os.o
    0x0800a516   0x0800a516   0x00000002   PAD
    0x0800a518   0x0800a518   0x00000094   Code   RO         4387    i.osMessageGet      cmsis_os.o
    0x0800a5ac   0x0800a5ac   0x0000005c   Code   RO         4389    i.osMessagePut      cmsis_os.o
    0x0800a608   0x0800a608   0x00000010   Code   RO         4391    i.osMutexCreate     cmsis_os.o
    0x0800a618   0x0800a618   0x00000050   Code   RO         4393    i.osMutexRelease    cmsis_os.o
    0x0800a668   0x0800a668   0x00000064   Code   RO         4394    i.osMutexWait       cmsis_os.o
    0x0800a6cc   0x0800a6cc   0x00000054   Code   RO         4410    i.osThreadCreate    cmsis_os.o
    0x0800a720   0x0800a720   0x00000020   Code   RO          437    i.output_cb         pppapp.o
    0x0800a740   0x0800a740   0x00000006   Code   RO         6541    i.pbuf_add_header   pbuf.o
    0x0800a746   0x0800a746   0x00000002   PAD
    0x0800a748   0x0800a748   0x000000c0   Code   RO         6543    i.pbuf_add_header_impl  pbuf.o
    0x0800a808   0x0800a808   0x0000025c   Code   RO         6544    i.pbuf_alloc        pbuf.o
    0x0800aa64   0x0800aa64   0x000000b0   Code   RO         6545    i.pbuf_alloc_reference  pbuf.o
    0x0800ab14   0x0800ab14   0x00000036   Code   RO         6546    i.pbuf_alloced_custom  pbuf.o
    0x0800ab4a   0x0800ab4a   0x00000002   PAD
    0x0800ab4c   0x0800ab4c   0x00000130   Code   RO         6547    i.pbuf_cat          pbuf.o
    0x0800ac7c   0x0800ac7c   0x00000012   Code   RO         6548    i.pbuf_chain        pbuf.o
    0x0800ac8e   0x0800ac8e   0x00000012   Code   RO         6549    i.pbuf_clen         pbuf.o
    0x0800aca0   0x0800aca0   0x0000009c   Code   RO         6550    i.pbuf_clone        pbuf.o
    0x0800ad3c   0x0800ad3c   0x00000028   Code   RO         6551    i.pbuf_coalesce     pbuf.o
    0x0800ad64   0x0800ad64   0x000001e0   Code   RO         6552    i.pbuf_copy         pbuf.o
    0x0800af44   0x0800af44   0x00000118   Code   RO         6553    i.pbuf_copy_partial  pbuf.o
    0x0800b05c   0x0800b05c   0x000000f4   Code   RO         6554    i.pbuf_dechain      pbuf.o
    0x0800b150   0x0800b150   0x00000164   Code   RO         6555    i.pbuf_free         pbuf.o
    0x0800b2b4   0x0800b2b4   0x00000032   Code   RO         6556    i.pbuf_free_header  pbuf.o
    0x0800b2e6   0x0800b2e6   0x00000002   PAD
    0x0800b2e8   0x0800b2e8   0x00000034   Code   RO         6557    i.pbuf_free_ooseq_callback  pbuf.o
    0x0800b31c   0x0800b31c   0x00000012   Code   RO         6558    i.pbuf_get_at       pbuf.o
    0x0800b32e   0x0800b32e   0x00000006   Code   RO         6561    i.pbuf_header_force  pbuf.o
    0x0800b334   0x0800b334   0x0000000e   Code   RO         6562    i.pbuf_header_impl  pbuf.o
    0x0800b342   0x0800b342   0x0000001c   Code   RO         6563    i.pbuf_init_alloced_pbuf  pbuf.o
    0x0800b35e   0x0800b35e   0x0000005c   Code   RO         6564    i.pbuf_memcmp       pbuf.o
    0x0800b3ba   0x0800b3ba   0x0000003c   Code   RO         6565    i.pbuf_memfind      pbuf.o
    0x0800b3f6   0x0800b3f6   0x00000002   PAD
    0x0800b3f8   0x0800b3f8   0x00000134   Code   RO         6567    i.pbuf_realloc      pbuf.o
    0x0800b52c   0x0800b52c   0x0000009c   Code   RO         6568    i.pbuf_ref          pbuf.o
    0x0800b5c8   0x0800b5c8   0x000000d0   Code   RO         6569    i.pbuf_remove_header  pbuf.o
    0x0800b698   0x0800b698   0x00000018   Code   RO         6571    i.pbuf_skip_const   pbuf.o
    0x0800b6b0   0x0800b6b0   0x00000178   Code   RO         6573    i.pbuf_take         pbuf.o
    0x0800b828   0x0800b828   0x00000020   Code   RO         6575    i.pbuf_try_get_at   pbuf.o
    0x0800b848   0x0800b848   0x000001a0   Code   RO         6128    i.plug_holes        mem.o
    0x0800b9e8   0x0800b9e8   0x0000003c   Code   RO         8353    i.ppp_connect       ppp.o
    0x0800ba24   0x0800ba24   0x00000014   Code   RO         8807    i.ppp_dbglog        utils.o
    0x0800ba38   0x0800ba38   0x000000d0   Code   RO         8354    i.ppp_do_connect    ppp.o
    0x0800bb08   0x0800bb08   0x00000014   Code   RO         8808    i.ppp_error         utils.o
    0x0800bb1c   0x0800bb1c   0x00000014   Code   RO         8810    i.ppp_info          utils.o
    0x0800bb30   0x0800bb30   0x00000020   Code   RO         8356    i.ppp_init          ppp.o
    0x0800bb50   0x0800bb50   0x00000138   Code   RO         8357    i.ppp_input         ppp.o
    0x0800bc88   0x0800bc88   0x0000001a   Code   RO         8359    i.ppp_link_end      ppp.o
    0x0800bca2   0x0800bca2   0x00000008   Code   RO         8361    i.ppp_link_terminated  ppp.o
    0x0800bcaa   0x0800bcaa   0x0000001a   Code   RO         8811    i.ppp_logit         utils.o
    0x0800bcc4   0x0800bcc4   0x0000001c   Code   RO         8362    i.ppp_netif_init_cb  ppp.o
    0x0800bce0   0x0800bce0   0x0000007c   Code   RO         8363    i.ppp_netif_output  ppp.o
    0x0800bd5c   0x0800bd5c   0x00000006   Code   RO         8364    i.ppp_netif_output_ip4  ppp.o
    0x0800bd62   0x0800bd62   0x00000002   PAD
    0x0800bd64   0x0800bd64   0x000000a4   Code   RO         8365    i.ppp_new           ppp.o
    0x0800be08   0x0800be08   0x00000014   Code   RO         8812    i.ppp_notice        utils.o
    0x0800be1c   0x0800be1c   0x00000014   Code   RO         8366    i.ppp_recv_config   ppp.o
    0x0800be30   0x0800be30   0x00000014   Code   RO         8367    i.ppp_send_config   ppp.o
    0x0800be44   0x0800be44   0x00000012   Code   RO         8814    i.ppp_slprintf      utils.o
    0x0800be56   0x0800be56   0x00000020   Code   RO         8368    i.ppp_start         ppp.o
    0x0800be76   0x0800be76   0x00000002   PAD
    0x0800be78   0x0800be78   0x00000420   Code   RO         8817    i.ppp_vslprintf     utils.o
    0x0800c298   0x0800c298   0x00000014   Code   RO         8818    i.ppp_warn          utils.o
    0x0800c2ac   0x0800c2ac   0x0000000a   Code   RO         8369    i.ppp_write         ppp.o
    0x0800c2b6   0x0800c2b6   0x0000002a   Code   RO         8670    i.pppos_connect     pppos.o
    0x0800c2e0   0x0800c2e0   0x0000004c   Code   RO         8671    i.pppos_create      pppos.o
    0x0800c32c   0x0800c32c   0x00000010   Code   RO         8672    i.pppos_destroy     pppos.o
    0x0800c33c   0x0800c33c   0x0000001c   Code   RO         8673    i.pppos_disconnect  pppos.o
    0x0800c358   0x0800c358   0x000001d8   Code   RO         8674    i.pppos_input       pppos.o
    0x0800c530   0x0800c530   0x00000020   Code   RO         8675    i.pppos_input_drop  pppos.o
    0x0800c550   0x0800c550   0x00000022   Code   RO         8676    i.pppos_input_free_current_packet  pppos.o
    0x0800c572   0x0800c572   0x00000024   Code   RO         8677    i.pppos_input_sys   pppos.o
    0x0800c596   0x0800c596   0x00000002   PAD
    0x0800c598   0x0800c598   0x00000048   Code   RO         8678    i.pppos_input_tcpip  pppos.o
    0x0800c5e0   0x0800c5e0   0x00000108   Code   RO         8679    i.pppos_netif_output  pppos.o
    0x0800c6e8   0x0800c6e8   0x00000098   Code   RO         8680    i.pppos_output_append  pppos.o
    0x0800c780   0x0800c780   0x000000a4   Code   RO         8681    i.pppos_output_last  pppos.o
    0x0800c824   0x0800c824   0x00000018   Code   RO         8682    i.pppos_recv_config  pppos.o
    0x0800c83c   0x0800c83c   0x00000024   Code   RO         8683    i.pppos_send_config  pppos.o
    0x0800c860   0x0800c860   0x000000a8   Code   RO         8684    i.pppos_write       pppos.o
    0x0800c908   0x0800c908   0x00000070   Code   RO         4065    i.prvAddCurrentTaskToDelayedList  tasks.o
    0x0800c978   0x0800c978   0x000000d0   Code   RO         4066    i.prvAddNewTaskToReadyList  tasks.o
    0x0800ca48   0x0800ca48   0x00000026   Code   RO         3741    i.prvCopyDataFromQueue  queue.o
    0x0800ca6e   0x0800ca6e   0x0000006c   Code   RO         3742    i.prvCopyDataToQueue  queue.o
    0x0800cada   0x0800cada   0x00000034   Code   RO         4067    i.prvDeleteTCB      tasks.o
    0x0800cb0e   0x0800cb0e   0x00000002   PAD
    0x0800cb10   0x0800cb10   0x0000004c   Code   RO         4738    i.prvHeapInit       heap_4.o
    0x0800cb5c   0x0800cb5c   0x00000060   Code   RO         4068    i.prvIdleTask       tasks.o
    0x0800cbbc   0x0800cbbc   0x00000016   Code   RO         3743    i.prvInitialiseMutex  queue.o
    0x0800cbd2   0x0800cbd2   0x00000016   Code   RO         3744    i.prvInitialiseNewQueue  queue.o
    0x0800cbe8   0x0800cbe8   0x00000098   Code   RO         4069    i.prvInitialiseNewTask  tasks.o
    0x0800cc80   0x0800cc80   0x0000004c   Code   RO         4739    i.prvInsertBlockIntoFreeList  heap_4.o
    0x0800cccc   0x0800cccc   0x0000001c   Code   RO         3745    i.prvIsQueueEmpty   queue.o
    0x0800cce8   0x0800cce8   0x00000020   Code   RO         4070    i.prvResetNextTaskUnblockTime  tasks.o
    0x0800cd08   0x0800cd08   0x00000028   Code   RO         4801    i.prvTaskExitError  port.o
    0x0800cd30   0x0800cd30   0x0000006a   Code   RO         3746    i.prvUnlockQueue    queue.o
    0x0800cd9a   0x0800cd9a   0x00000002   PAD
    0x0800cd9c   0x0800cd9c   0x0000000c   Code   RO         6129    i.ptr_to_mem        mem.o
    0x0800cda8   0x0800cda8   0x0000004a   Code   RO         9288    i.pub_ack_rec_rel_response  mqtt.o
    0x0800cdf2   0x0800cdf2   0x00000002   PAD
    0x0800cdf4   0x0800cdf4   0x000000d8   Code   RO         4740    i.pvPortMalloc      heap_4.o
    0x0800cecc   0x0800cecc   0x00000018   Code   RO         4072    i.pvTaskIncrementMutexHeldCount  tasks.o
    0x0800cee4   0x0800cee4   0x0000002c   Code   RO         4802    i.pxPortInitialiseStack  port.o
    0x0800cf10   0x0800cf10   0x00000018   Code   RO         8370    i.sifaddr           ppp.o
    0x0800cf28   0x0800cf28   0x00000014   Code   RO         8371    i.sifdown           ppp.o
    0x0800cf3c   0x0800cf3c   0x00000028   Code   RO         8372    i.sifup             ppp.o
    0x0800cf64   0x0800cf64   0x00000016   Code   RO         8373    i.sifvjcomp         ppp.o
    0x0800cf7a   0x0800cf7a   0x00000014   Code   RO         9166    i.start_networks    auth.o
    0x0800cf8e   0x0800cf8e   0x00000002   Code   RO         6765    i.stats_init        stats.o
    0x0800cf90   0x0800cf90   0x000002e8   Code   RO          438    i.status_cb         pppapp.o
    0x0800d278   0x0800d278   0x00000044   Code   RO         8984    i.sys_arch_mbox_fetch  sys_arch.o
    0x0800d2bc   0x0800d2bc   0x00000018   Code   RO         8986    i.sys_arch_protect  sys_arch.o
    0x0800d2d4   0x0800d2d4   0x00000014   Code   RO         8988    i.sys_arch_unprotect  sys_arch.o
    0x0800d2e8   0x0800d2e8   0x00000044   Code   RO         7382    i.sys_check_timeouts  timeouts.o
    0x0800d32c   0x0800d32c   0x00000018   Code   RO         8989    i.sys_init          sys_arch.o
    0x0800d344   0x0800d344   0x00000004   Code   RO          257    i.sys_jiffies       lwip.o
    0x0800d348   0x0800d348   0x0000004c   Code   RO         8991    i.sys_mbox_new      sys_arch.o
    0x0800d394   0x0800d394   0x00000024   Code   RO         8994    i.sys_mbox_trypost  sys_arch.o
    0x0800d3b8   0x0800d3b8   0x0000000a   Code   RO         8996    i.sys_mbox_valid    sys_arch.o
    0x0800d3c2   0x0800d3c2   0x0000000a   Code   RO         8998    i.sys_mutex_lock    sys_arch.o
    0x0800d3cc   0x0800d3cc   0x00000044   Code   RO         8999    i.sys_mutex_new     sys_arch.o
    0x0800d410   0x0800d410   0x00000030   Code   RO         9000    i.sys_mutex_unlock  sys_arch.o
    0x0800d440   0x0800d440   0x00000004   Code   RO          258    i.sys_now           lwip.o
    0x0800d444   0x0800d444   0x00000030   Code   RO         9006    i.sys_thread_new    sys_arch.o
    0x0800d474   0x0800d474   0x000000c4   Code   RO         7384    i.sys_timeout       timeouts.o
    0x0800d538   0x0800d538   0x000000f8   Code   RO         7385    i.sys_timeout_abs   timeouts.o
    0x0800d630   0x0800d630   0x00000018   Code   RO         7386    i.sys_timeouts_init  timeouts.o
    0x0800d648   0x0800d648   0x00000028   Code   RO         7387    i.sys_timeouts_sleeptime  timeouts.o
    0x0800d670   0x0800d670   0x0000003c   Code   RO         7388    i.sys_untimeout     timeouts.o
    0x0800d6ac   0x0800d6ac   0x000001ac   Code   RO         6826    i.tcp_abandon       tcp.o
    0x0800d858   0x0800d858   0x00000006   Code   RO         6827    i.tcp_abort         tcp.o
    0x0800d85e   0x0800d85e   0x00000002   PAD
    0x0800d860   0x0800d860   0x00000158   Code   RO         6830    i.tcp_alloc         tcp.o
    0x0800d9b8   0x0800d9b8   0x00000008   Code   RO         6831    i.tcp_arg           tcp.o
    0x0800d9c0   0x0800d9c0   0x0000014c   Code   RO         6832    i.tcp_bind          tcp.o
    0x0800db0c   0x0800db0c   0x000000a0   Code   RO         6834    i.tcp_close         tcp.o
    0x0800dbac   0x0800dbac   0x000001dc   Code   RO         6835    i.tcp_close_shutdown  tcp.o
    0x0800dd88   0x0800dd88   0x000000c4   Code   RO         6836    i.tcp_close_shutdown_fin  tcp.o
    0x0800de4c   0x0800de4c   0x000001e0   Code   RO         6837    i.tcp_connect       tcp.o
    0x0800e02c   0x0800e02c   0x00000028   Code   RO          440    i.tcp_connect_init  pppapp.o
    0x0800e054   0x0800e054   0x00000190   Code   RO         7221    i.tcp_create_segment  tcp_out.o
    0x0800e1e4   0x0800e1e4   0x000000b8   Code   RO         6839    i.tcp_eff_send_mss_netif  tcp.o
    0x0800e29c   0x0800e29c   0x00000248   Code   RO         7222    i.tcp_enqueue_flags  tcp_out.o
    0x0800e4e4   0x0800e4e4   0x000000a4   Code   RO         6840    i.tcp_err           tcp.o
    0x0800e588   0x0800e588   0x0000006c   Code   RO         6841    i.tcp_fasttmr       tcp.o
    0x0800e5f4   0x0800e5f4   0x00000090   Code   RO         6842    i.tcp_free          tcp.o
    0x0800e684   0x0800e684   0x0000013c   Code   RO         7132    i.tcp_free_acked_segments  tcp_in.o
    0x0800e7c0   0x0800e7c0   0x00000014   Code   RO         6843    i.tcp_free_ooseq    tcp.o
    0x0800e7d4   0x0800e7d4   0x00000028   Code   RO         7133    i.tcp_get_next_optbyte  tcp_in.o
    0x0800e7fc   0x0800e7fc   0x00000018   Code   RO         6844    i.tcp_init          tcp.o
    0x0800e814   0x0800e814   0x000006f4   Code   RO         7134    i.tcp_input         tcp_in.o
    0x0800ef08   0x0800ef08   0x000000d4   Code   RO         7135    i.tcp_input_delayed_close  tcp_in.o
    0x0800efdc   0x0800efdc   0x000000cc   Code   RO         7223    i.tcp_keepalive     tcp_out.o
    0x0800f0a8   0x0800f0a8   0x000000bc   Code   RO         6845    i.tcp_kill_state    tcp.o
    0x0800f164   0x0800f164   0x00000070   Code   RO         6846    i.tcp_listen_closed  tcp.o
    0x0800f1d4   0x0800f1d4   0x000001a4   Code   RO         7136    i.tcp_listen_input  tcp_in.o
    0x0800f378   0x0800f378   0x0000004c   Code   RO         6849    i.tcp_netif_ip_addr_changed  tcp.o
    0x0800f3c4   0x0800f3c4   0x000000c0   Code   RO         6850    i.tcp_netif_ip_addr_changed_pcblist  tcp.o
    0x0800f484   0x0800f484   0x00000006   Code   RO         6851    i.tcp_new           tcp.o
    0x0800f48a   0x0800f48a   0x00000006   Code   RO         6852    i.tcp_new_ip_type   tcp.o
    0x0800f490   0x0800f490   0x00000060   Code   RO         6853    i.tcp_new_port      tcp.o
    0x0800f4f0   0x0800f4f0   0x00000098   Code   RO         6854    i.tcp_next_iss      tcp.o
    0x0800f588   0x0800f588   0x0000010c   Code   RO         7137    i.tcp_oos_insert_segment  tcp_in.o
    0x0800f694   0x0800f694   0x000002e0   Code   RO         7224    i.tcp_output        tcp_out.o
    0x0800f974   0x0800f974   0x000000cc   Code   RO         7225    i.tcp_output_alloc_header  tcp_out.o
    0x0800fa40   0x0800fa40   0x00000110   Code   RO         7226    i.tcp_output_alloc_header_common  tcp_out.o
    0x0800fb50   0x0800fb50   0x00000104   Code   RO         7227    i.tcp_output_control_segment  tcp_out.o
    0x0800fc54   0x0800fc54   0x000000d8   Code   RO         7228    i.tcp_output_fill_options  tcp_out.o
    0x0800fd2c   0x0800fd2c   0x00000200   Code   RO         7229    i.tcp_output_segment  tcp_out.o
    0x0800ff2c   0x0800ff2c   0x000000a8   Code   RO         7230    i.tcp_output_segment_busy  tcp_out.o
    0x0800ffd4   0x0800ffd4   0x000000fc   Code   RO         7138    i.tcp_parseopt      tcp_in.o
    0x080100d0   0x080100d0   0x00000150   Code   RO         7231    i.tcp_pbuf_prealloc  tcp_out.o
    0x08010220   0x08010220   0x000000cc   Code   RO         6855    i.tcp_pcb_purge     tcp.o
    0x080102ec   0x080102ec   0x00000190   Code   RO         6856    i.tcp_pcb_remove    tcp.o
    0x0801047c   0x0801047c   0x000000cc   Code   RO         6857    i.tcp_poll          tcp.o
    0x08010548   0x08010548   0x000004c2   Code   RO         7139    i.tcp_process       tcp_in.o
    0x08010a0a   0x08010a0a   0x00000002   PAD
    0x08010a0c   0x08010a0c   0x00000104   Code   RO         6858    i.tcp_process_refused_data  tcp.o
    0x08010b10   0x08010b10   0x00000904   Code   RO         7140    i.tcp_receive       tcp_in.o
    0x08011414   0x08011414   0x000000a4   Code   RO         6859    i.tcp_recv          tcp.o
    0x080114b8   0x080114b8   0x000000b0   Code   RO         6860    i.tcp_recv_null     tcp.o
    0x08011568   0x08011568   0x00000100   Code   RO         6861    i.tcp_recved        tcp.o
    0x08011668   0x08011668   0x00000058   Code   RO         6862    i.tcp_remove_listener  tcp.o
    0x080116c0   0x080116c0   0x000000ec   Code   RO         7232    i.tcp_rexmit        tcp_out.o
    0x080117ac   0x080117ac   0x000000e8   Code   RO         7233    i.tcp_rexmit_fast   tcp_out.o
    0x08011894   0x08011894   0x000000a4   Code   RO         7234    i.tcp_rexmit_rto    tcp_out.o
    0x08011938   0x08011938   0x000000ac   Code   RO         7235    i.tcp_rexmit_rto_commit  tcp_out.o
    0x080119e4   0x080119e4   0x000000f8   Code   RO         7236    i.tcp_rexmit_rto_prepare  tcp_out.o
    0x08011adc   0x08011adc   0x00000010   Code   RO         7237    i.tcp_route         tcp_out.o
    0x08011aec   0x08011aec   0x00000114   Code   RO         7238    i.tcp_rst           tcp_out.o
    0x08011c00   0x08011c00   0x000000ac   Code   RO         6863    i.tcp_seg_copy      tcp.o
    0x08011cac   0x08011cac   0x0000001c   Code   RO         6864    i.tcp_seg_free      tcp.o
    0x08011cc8   0x08011cc8   0x00000012   Code   RO         6865    i.tcp_segs_free     tcp.o
    0x08011cda   0x08011cda   0x00000002   PAD
    0x08011cdc   0x08011cdc   0x000000ec   Code   RO         7239    i.tcp_send_empty_ack  tcp_out.o
    0x08011dc8   0x08011dc8   0x000000cc   Code   RO         7240    i.tcp_send_fin      tcp_out.o
    0x08011e94   0x08011e94   0x000000a4   Code   RO         6866    i.tcp_sent          tcp.o
    0x08011f38   0x08011f38   0x000005d0   Code   RO         6869    i.tcp_slowtmr       tcp.o
    0x08012508   0x08012508   0x00000240   Code   RO         7241    i.tcp_split_unsent_seg  tcp_out.o
    0x08012748   0x08012748   0x00000034   Code   RO         7389    i.tcp_timer_needed  timeouts.o
    0x0801277c   0x0801277c   0x00000100   Code   RO         7141    i.tcp_timewait_input  tcp_in.o
    0x0801287c   0x0801287c   0x00000020   Code   RO         6871    i.tcp_tmr           tcp.o
    0x0801289c   0x0801289c   0x00000010   Code   RO         7142    i.tcp_trigger_input_pcb_close  tcp_in.o
    0x080128ac   0x080128ac   0x000000f4   Code   RO         6873    i.tcp_update_rcv_ann_wnd  tcp.o
    0x080129a0   0x080129a0   0x000006c8   Code   RO         7242    i.tcp_write         tcp_out.o
    0x08013068   0x08013068   0x00000180   Code   RO         7243    i.tcp_write_checks  tcp_out.o
    0x080131e8   0x080131e8   0x00000140   Code   RO         7244    i.tcp_zero_window_probe  tcp_out.o
    0x08013328   0x08013328   0x00000110   Code   RO         5757    i.tcpip_init        tcpip.o
    0x08013438   0x08013438   0x000000c0   Code   RO         5758    i.tcpip_inpkt       tcpip.o
    0x080134f8   0x080134f8   0x00000038   Code   RO         7390    i.tcpip_tcp_timer   timeouts.o
    0x08013530   0x08013530   0x000000f8   Code   RO         5761    i.tcpip_thread      tcpip.o
    0x08013628   0x08013628   0x000000cc   Code   RO         5762    i.tcpip_thread_handle_msg  tcpip.o
    0x080136f4   0x080136f4   0x000000bc   Code   RO         5763    i.tcpip_try_callback  tcpip.o
    0x080137b0   0x080137b0   0x00000088   Code   RO         7867    i.terminate_layer   fsm.o
    0x08013838   0x08013838   0x00000018   Code   RO         7474    i.udp_init          udp.o
    0x08013850   0x08013850   0x00000230   Code   RO         7475    i.udp_input         udp.o
    0x08013a80   0x08013a80   0x0000010c   Code   RO         7476    i.udp_input_local_match  udp.o
    0x08013b8c   0x08013b8c   0x00000034   Code   RO         7477    i.udp_netif_ip_addr_changed  udp.o
    0x08013bc0   0x08013bc0   0x00000058   Code   RO         9167    i.upper_layers_down  auth.o
    0x08013c18   0x08013c18   0x00000026   Code   RO         3701    i.uxListRemove      list.o
    0x08013c3e   0x08013c3e   0x00000002   PAD
    0x08013c40   0x08013c40   0x00000014   Code   RO          836    i.vApplicationGetIdleTaskMemory  freertos.o
    0x08013c54   0x08013c54   0x00000016   Code   RO         3702    i.vListInitialise   list.o
    0x08013c6a   0x08013c6a   0x00000006   Code   RO         3703    i.vListInitialiseItem  list.o
    0x08013c70   0x08013c70   0x00000030   Code   RO         3704    i.vListInsert       list.o
    0x08013ca0   0x08013ca0   0x00000018   Code   RO         3705    i.vListInsertEnd    list.o
    0x08013cb8   0x08013cb8   0x00000040   Code   RO         4804    i.vPortEnterCritical  port.o
    0x08013cf8   0x08013cf8   0x00000028   Code   RO         4805    i.vPortExitCritical  port.o
    0x08013d20   0x08013d20   0x0000005c   Code   RO         4741    i.vPortFree         heap_4.o
    0x08013d7c   0x08013d7c   0x00000024   Code   RO         4806    i.vPortSetupTimerInterrupt  port.o
    0x08013da0   0x08013da0   0x00000054   Code   RO         4807    i.vPortValidateInterruptPriority  port.o
    0x08013df4   0x08013df4   0x0000004c   Code   RO         4078    i.vTaskDelay        tasks.o
    0x08013e40   0x08013e40   0x000000ac   Code   RO         4079    i.vTaskDelete       tasks.o
    0x08013eec   0x08013eec   0x00000010   Code   RO         4081    i.vTaskInternalSetTimeOutState  tasks.o
    0x08013efc   0x08013efc   0x0000000c   Code   RO         4082    i.vTaskMissedYield  tasks.o
    0x08013f08   0x08013f08   0x00000030   Code   RO         4084    i.vTaskPlaceOnEventList  tasks.o
    0x08013f38   0x08013f38   0x000000a8   Code   RO         4086    i.vTaskPriorityDisinheritAfterTimeout  tasks.o
    0x08013fe0   0x08013fe0   0x0000006c   Code   RO         4091    i.vTaskStartScheduler  tasks.o
    0x0801404c   0x0801404c   0x00000010   Code   RO         4093    i.vTaskSuspendAll   tasks.o
    0x0801405c   0x0801405c   0x0000005c   Code   RO         4094    i.vTaskSwitchContext  tasks.o
    0x080140b8   0x080140b8   0x0000003e   Code   RO         8915    i.vj_compress_init  vj.o
    0x080140f6   0x080140f6   0x00000002   PAD
    0x080140f8   0x080140f8   0x00000494   Code   RO         8916    i.vj_compress_tcp   vj.o
    0x0801458c   0x0801458c   0x00000010   Code   RO         8917    i.vj_uncompress_err  vj.o
    0x0801459c   0x0801459c   0x0000040c   Code   RO         8918    i.vj_uncompress_tcp  vj.o
    0x080149a8   0x080149a8   0x0000007c   Code   RO         8919    i.vj_uncompress_uncomp  vj.o
    0x08014a24   0x08014a24   0x000000f4   Code   RO         4808    i.xPortStartScheduler  port.o
    0x08014b18   0x08014b18   0x00000016   Code   RO         3753    i.xQueueCreateMutex  queue.o
    0x08014b2e   0x08014b2e   0x0000001a   Code   RO         3754    i.xQueueCreateMutexStatic  queue.o
    0x08014b48   0x08014b48   0x00000048   Code   RO         3755    i.xQueueGenericCreate  queue.o
    0x08014b90   0x08014b90   0x00000066   Code   RO         3756    i.xQueueGenericCreateStatic  queue.o
    0x08014bf6   0x08014bf6   0x00000002   PAD
    0x08014bf8   0x08014bf8   0x00000088   Code   RO         3757    i.xQueueGenericReset  queue.o
    0x08014c80   0x08014c80   0x00000160   Code   RO         3758    i.xQueueGenericSend  queue.o
    0x08014de0   0x08014de0   0x000000bc   Code   RO         3759    i.xQueueGenericSendFromISR  queue.o
    0x08014e9c   0x08014e9c   0x0000009c   Code   RO         3760    i.xQueueGiveFromISR  queue.o
    0x08014f38   0x08014f38   0x00000138   Code   RO         3765    i.xQueueReceive     queue.o
    0x08015070   0x08015070   0x0000009a   Code   RO         3766    i.xQueueReceiveFromISR  queue.o
    0x0801510a   0x0801510a   0x00000002   PAD
    0x0801510c   0x0801510c   0x00000178   Code   RO         3767    i.xQueueSemaphoreTake  queue.o
    0x08015284   0x08015284   0x00000074   Code   RO         4095    i.xTaskCheckForTimeOut  tasks.o
    0x080152f8   0x080152f8   0x0000005a   Code   RO         4096    i.xTaskCreate       tasks.o
    0x08015352   0x08015352   0x00000056   Code   RO         4097    i.xTaskCreateStatic  tasks.o
    0x080153a8   0x080153a8   0x0000001c   Code   RO         4101    i.xTaskGetSchedulerState  tasks.o
    0x080153c4   0x080153c4   0x0000000c   Code   RO         4102    i.xTaskGetTickCount  tasks.o
    0x080153d0   0x080153d0   0x00000010   Code   RO         4103    i.xTaskGetTickCountFromISR  tasks.o
    0x080153e0   0x080153e0   0x000000c8   Code   RO         4104    i.xTaskIncrementTick  tasks.o
    0x080154a8   0x080154a8   0x00000098   Code   RO         4107    i.xTaskPriorityDisinherit  tasks.o
    0x08015540   0x08015540   0x00000094   Code   RO         4108    i.xTaskPriorityInherit  tasks.o
    0x080155d4   0x080155d4   0x00000074   Code   RO         4109    i.xTaskRemoveFromEventList  tasks.o
    0x08015648   0x08015648   0x000000c4   Code   RO         4110    i.xTaskResumeAll    tasks.o
    0x0801570c   0x0801570c   0x00000038   Data   RO          442    .constdata          pppapp.o
    0x08015744   0x08015744   0x00000038   Data   RO          741    .constdata          main.o
    0x0801577c   0x0801577c   0x00000190   Data   RO         1024    .constdata          test_http.o
    0x0801590c   0x0801590c   0x00000008   Data   RO         1620    .constdata          stm32f4xx_hal_dma.o
    0x08015914   0x08015914   0x00000010   Data   RO         3564    .constdata          system_stm32f4xx.o
    0x08015924   0x08015924   0x00000008   Data   RO         3565    .constdata          system_stm32f4xx.o
    0x0801592c   0x0801592c   0x00000010   Data   RO         6237    .constdata          memp.o
    0x0801593c   0x0801593c   0x00000010   Data   RO         6238    .constdata          memp.o
    0x0801594c   0x0801594c   0x00000010   Data   RO         6239    .constdata          memp.o
    0x0801595c   0x0801595c   0x00000010   Data   RO         6240    .constdata          memp.o
    0x0801596c   0x0801596c   0x00000010   Data   RO         6241    .constdata          memp.o
    0x0801597c   0x0801597c   0x00000010   Data   RO         6242    .constdata          memp.o
    0x0801598c   0x0801598c   0x00000010   Data   RO         6243    .constdata          memp.o
    0x0801599c   0x0801599c   0x00000010   Data   RO         6244    .constdata          memp.o
    0x080159ac   0x080159ac   0x00000010   Data   RO         6245    .constdata          memp.o
    0x080159bc   0x080159bc   0x00000010   Data   RO         6246    .constdata          memp.o
    0x080159cc   0x080159cc   0x00000010   Data   RO         6247    .constdata          memp.o
    0x080159dc   0x080159dc   0x00000010   Data   RO         6248    .constdata          memp.o
    0x080159ec   0x080159ec   0x00000010   Data   RO         6249    .constdata          memp.o
    0x080159fc   0x080159fc   0x00000034   Data   RO         6250    .constdata          memp.o
    0x08015a30   0x08015a30   0x00000054   Data   RO         6874    .constdata          tcp.o
    0x08015a84   0x08015a84   0x00000010   Data   RO         7391    .constdata          timeouts.o
    0x08015a94   0x08015a94   0x00000004   Data   RO         7719    .constdata          ip4_addr.o
    0x08015a98   0x08015a98   0x00000004   Data   RO         7720    .constdata          ip4_addr.o
    0x08015a9c   0x08015a9c   0x0000003c   Data   RO         7993    .constdata          ipcp.o
    0x08015ad8   0x08015ad8   0x00000020   Data   RO         7994    .constdata          ipcp.o
    0x08015af8   0x08015af8   0x0000003c   Data   RO         8127    .constdata          lcp.o
    0x08015b34   0x08015b34   0x00000020   Data   RO         8128    .constdata          lcp.o
    0x08015b54   0x08015b54   0x0000001c   Data   RO         8376    .constdata          ppp.o
    0x08015b70   0x08015b70   0x0000022c   Data   RO         8687    .constdata          pppos.o
    0x08015d9c   0x08015d9c   0x00000018   Data   RO         9007    .constdata          sys_arch.o
    0x08015db4   0x08015db4   0x00000081   Data   RO         9766    .constdata          mc_w.l(ctype_o.o)
    0x08015e35   0x08015e35   0x00000003   PAD
    0x08015e38   0x08015e38   0x00000004   Data   RO         9767    .constdata          mc_w.l(ctype_o.o)
    0x08015e3c   0x08015e3c   0x00000008   Data   RO          443    .conststring        pppapp.o
    0x08015e44   0x08015e44   0x00000018   Data   RO          742    .conststring        main.o
    0x08015e5c   0x08015e5c   0x000000ca   Data   RO         1025    .conststring        test_http.o
    0x08015f26   0x08015f26   0x00000002   PAD
    0x08015f28   0x08015f28   0x00000075   Data   RO         6875    .conststring        tcp.o
    0x08015f9d   0x08015f9d   0x00000003   PAD
    0x08015fa0   0x08015fa0   0x00000055   Data   RO         7245    .conststring        tcp_out.o
    0x08015ff5   0x08015ff5   0x00000003   PAD
    0x08015ff8   0x08015ff8   0x00000005   Data   RO         7995    .conststring        ipcp.o
    0x08015ffd   0x08015ffd   0x00000003   PAD
    0x08016000   0x08016000   0x00000004   Data   RO         8129    .conststring        lcp.o
    0x08016004   0x08016004   0x00000085   Data   RO         9289    .conststring        mqtt.o
    0x08016089   0x08016089   0x00000003   PAD
    0x0801608c   0x0801608c   0x0000015e   Data   RO         9477    .conststring        http_client.o
    0x080161ea   0x080161ea   0x00000002   PAD
    0x080161ec   0x080161ec   0x00000020   Data   RO        10136    Region$$Table       anon$$obj.o


    Execution Region RW_IRAM2 (Exec base: 0x10000000, Load base: 0x08016238, Size: 0x00000000, Max: 0x00010000, ABSOLUTE)

    **** No section assigned to this execution region ****


    Execution Region RW_IRAM1 (Exec base: 0x20000000, Load base: 0x0801620c, Size: 0x0000a058, Max: 0x00030000, ABSOLUTE, COMPRESSED[0x0000002c])

    Exec Addr    Load Addr    Size         Type   Attr      Idx    E Section Name        Object

    0x20000000   COMPRESSED   0x00000008   Data   RW           19    .data               uart_driver.o
    0x20000008   COMPRESSED   0x00000014   Data   RW          444    .data               pppapp.o
    0x2000001c   COMPRESSED   0x00000004   Data   RW          660    .data               test_mqtt.o
    0x20000020   COMPRESSED   0x0000000c   Data   RW          743    .data               main.o
    0x2000002c   COMPRESSED   0x0000000c   Data   RW         2067    .data               stm32f4xx_hal.o
    0x20000038   COMPRESSED   0x00000004   Data   RW         3566    .data               system_stm32f4xx.o
    0x2000003c   COMPRESSED   0x0000003c   Data   RW         4113    .data               tasks.o
    0x20000078   COMPRESSED   0x00000018   Data   RW         4746    .data               heap_4.o
    0x20000090   COMPRESSED   0x0000000c   Data   RW         4809    .data               port.o
    0x2000009c   COMPRESSED   0x00000010   Data   RW         5764    .data               tcpip.o
    0x200000ac   COMPRESSED   0x00000010   Data   RW         6131    .data               mem.o
    0x200000bc   COMPRESSED   0x00000004   Data   RW         6251    .data               memp.o
    0x200000c0   COMPRESSED   0x00000004   Data   RW         6252    .data               memp.o
    0x200000c4   COMPRESSED   0x00000004   Data   RW         6253    .data               memp.o
    0x200000c8   COMPRESSED   0x00000004   Data   RW         6254    .data               memp.o
    0x200000cc   COMPRESSED   0x00000004   Data   RW         6255    .data               memp.o
    0x200000d0   COMPRESSED   0x00000004   Data   RW         6256    .data               memp.o
    0x200000d4   COMPRESSED   0x00000004   Data   RW         6257    .data               memp.o
    0x200000d8   COMPRESSED   0x00000004   Data   RW         6258    .data               memp.o
    0x200000dc   COMPRESSED   0x00000004   Data   RW         6259    .data               memp.o
    0x200000e0   COMPRESSED   0x00000004   Data   RW         6260    .data               memp.o
    0x200000e4   COMPRESSED   0x00000004   Data   RW         6261    .data               memp.o
    0x200000e8   COMPRESSED   0x00000004   Data   RW         6262    .data               memp.o
    0x200000ec   COMPRESSED   0x00000004   Data   RW         6263    .data               memp.o
    0x200000f0   COMPRESSED   0x0000000c   Data   RW         6383    .data               netif.o
    0x200000fc   COMPRESSED   0x00000001   Data   RW         6576    .data               pbuf.o
    0x200000fd   COMPRESSED   0x00000003   PAD
    0x20000100   COMPRESSED   0x00000020   Data   RW         6876    .data               tcp.o
    0x20000120   COMPRESSED   0x00000024   Data   RW         7144    .data               tcp_in.o
    0x20000144   COMPRESSED   0x0000000c   Data   RW         7393    .data               timeouts.o
    0x20000150   COMPRESSED   0x00000008   Data   RW         7486    .data               udp.o
    0x20000158   COMPRESSED   0x00000002   Data   RW         7663    .data               ip4.o
    0x2000015a   COMPRESSED   0x00000002   PAD
    0x2000015c   COMPRESSED   0x00000008   Data   RW         7790    .data               ip4_frag.o
    0x20000164   COMPRESSED   0x00000004   Data   RW         8284    .data               magic.o
    0x20000168   COMPRESSED   0x00000004   Data   RW         8377    .data               ppp.o
    0x2000016c   COMPRESSED   0x00000004   Data   RW         8688    .data               pppos.o
    0x20000170   COMPRESSED   0x00000011   Data   RW         8819    .data               utils.o
    0x20000181   COMPRESSED   0x00000003   PAD
    0x20000184   COMPRESSED   0x00000004   Data   RW         9009    .data               sys_arch.o
    0x20000188   COMPRESSED   0x00000001   Data   RW         9478    .data               http_client.o
    0x20000189   COMPRESSED   0x00000003   PAD
    0x2000018c   COMPRESSED   0x00000004   Data   RW         9794    .data               mc_w.l(rand.o)
    0x20000190   COMPRESSED   0x00000004   Data   RW        10099    .data               mc_w.l(stdout.o)
    0x20000194   COMPRESSED   0x00000004   Data   RW        10109    .data               mc_w.l(errno.o)
    0x20000198        -       0x00000060   Zero   RW           17    .bss                uart_driver.o
    0x200001f8        -       0x00000c01   Zero   RW           18    .bss                uart_driver.o
    0x20000df9   COMPRESSED   0x00000003   PAD
    0x20000dfc        -       0x00000030   Zero   RW          441    .bss                pppapp.o
    0x20000e2c        -       0x000001f0   Zero   RW          659    .bss                test_mqtt.o
    0x2000101c        -       0x00000080   Zero   RW          738    .bss                main.o
    0x2000109c        -       0x00000060   Zero   RW          739    .bss                main.o
    0x200010fc        -       0x00000060   Zero   RW          740    .bss                main.o
    0x2000115c        -       0x00000254   Zero   RW          837    .bss                freertos.o
    0x200013b0        -       0x00000040   Zero   RW          984    .bss                stm32f4xx_hal_timebase_tim.o
    0x200013f0        -       0x000000f0   Zero   RW         4112    .bss                tasks.o
    0x200014e0        -       0x00003c00   Zero   RW         4745    .bss                heap_4.o
    0x200050e0        -       0x00000018   Zero   RW         6098    .bss                ip.o
    0x200050f8        -       0x00000653   Zero   RW         6130    .bss                mem.o
    0x2000574b        -       0x00000083   Zero   RW         6211    .bss                memp.o
    0x200057ce        -       0x0000000a   Zero   RW         6212    .bss                memp.o
    0x200057d8        -       0x0000030f   Zero   RW         6213    .bss                memp.o
    0x20005ae7   COMPRESSED   0x00000001   PAD
    0x20005ae8        -       0x0000000a   Zero   RW         6214    .bss                memp.o
    0x20005af2        -       0x000000e3   Zero   RW         6215    .bss                memp.o
    0x20005bd5   COMPRESSED   0x00000001   PAD
    0x20005bd6        -       0x0000000a   Zero   RW         6216    .bss                memp.o
    0x20005be0        -       0x00000103   Zero   RW         6217    .bss                memp.o
    0x20005ce3   COMPRESSED   0x00000001   PAD
    0x20005ce4        -       0x0000000a   Zero   RW         6218    .bss                memp.o
    0x20005cee        -       0x000000a3   Zero   RW         6219    .bss                memp.o
    0x20005d91   COMPRESSED   0x00000001   PAD
    0x20005d92        -       0x0000000a   Zero   RW         6220    .bss                memp.o
    0x20005d9c        -       0x0000016b   Zero   RW         6221    .bss                memp.o
    0x20005f07   COMPRESSED   0x00000001   PAD
    0x20005f08        -       0x0000000a   Zero   RW         6222    .bss                memp.o
    0x20005f12        -       0x00000023   Zero   RW         6223    .bss                memp.o
    0x20005f35   COMPRESSED   0x00000001   PAD
    0x20005f36        -       0x0000000a   Zero   RW         6224    .bss                memp.o
    0x20005f40        -       0x000000a3   Zero   RW         6225    .bss                memp.o
    0x20005fe3   COMPRESSED   0x00000001   PAD
    0x20005fe4        -       0x0000000a   Zero   RW         6226    .bss                memp.o
    0x20005fee        -       0x00000083   Zero   RW         6227    .bss                memp.o
    0x20006071   COMPRESSED   0x00000001   PAD
    0x20006072        -       0x0000000a   Zero   RW         6228    .bss                memp.o
    0x2000607c        -       0x00000083   Zero   RW         6229    .bss                memp.o
    0x200060ff   COMPRESSED   0x00000001   PAD
    0x20006100        -       0x0000000a   Zero   RW         6230    .bss                memp.o
    0x2000610a        -       0x00000043   Zero   RW         6231    .bss                memp.o
    0x2000614d   COMPRESSED   0x00000001   PAD
    0x2000614e        -       0x0000000a   Zero   RW         6232    .bss                memp.o
    0x20006158        -       0x00000103   Zero   RW         6233    .bss                memp.o
    0x2000625b   COMPRESSED   0x00000001   PAD
    0x2000625c        -       0x0000000a   Zero   RW         6234    .bss                memp.o
    0x20006266        -       0x00002603   Zero   RW         6235    .bss                memp.o
    0x20008869   COMPRESSED   0x00000001   PAD
    0x2000886a        -       0x0000000a   Zero   RW         6236    .bss                memp.o
    0x20008874        -       0x000000e4   Zero   RW         6766    .bss                stats.o
    0x20008958        -       0x00000010   Zero   RW         7143    .bss                tcp_in.o
    0x20008968        -       0x00000010   Zero   RW         7718    .bss                ip4_addr.o
    0x20008978        -       0x00001263   Zero   RW         8374    .bss                ppp.o
    0x20009bdb   COMPRESSED   0x00000001   PAD
    0x20009bdc        -       0x0000000a   Zero   RW         8375    .bss                ppp.o
    0x20009be6        -       0x00000063   Zero   RW         8685    .bss                pppos.o
    0x20009c49   COMPRESSED   0x00000001   PAD
    0x20009c4a        -       0x0000000a   Zero   RW         8686    .bss                pppos.o
    0x20009c54   COMPRESSED   0x00000004   PAD
    0x20009c58        -       0x00000400   Zero   RW            1    STACK               startup_stm32f429xx.o


==============================================================================

Image component sizes


      Code (inc. data)   RO Data    RW Data    ZI Data      Debug   Object Name

         0          0          0          0          0        516   api_lib.o
         0          0          0          0          0       4615   api_msg.o
       484        116          0          0          0      18415   auth.o
       630         20          0          0          0      35086   cmsis_os.o
       246          6          0          0          0       3994   cycle_queue.o
         8          0          0          0          0       1186   def.o
         0          0          0          0          0       4724   err.o
         0          0          0          0          0      19008   event_groups.o
        20          4          0          0        596       1368   freertos.o
      2546        488          0          0          0      25934   fsm.o
       460         24          0         24      15360       7611   heap_4.o
      2354        804        350          1          0      18231   http_client.o
       892        358          0          0          0       4922   icmp.o
       262          0          0          0          0       4829   inet_chksum.o
        42          0          0          0          0      12191   init.o
         0          0          0          0         24       3298   ip.o
      1138        194          0          2          0       6212   ip4.o
       178          4          8          0         16      10610   ip4_addr.o
      2996       1172          0          8          0      12234   ip4_frag.o
      3398        330         97          0          0      31685   ipcp.o
      4490        496         96          0          0      39109   lcp.o
       138          0          0          0          0      12926   list.o
         8          0          0          0          0      25424   lwip.o
        60         14          0          4          0       2507   magic.o
       754        142         80         12        320      11792   main.o
      2348       1060          0         16       1619       8649   mem.o
      1078        722        260         52      12573      13304   memp.o
      7054       3270        133          0          0      31276   mqtt.o
         0          0          0          0          0       8024   netbuf.o
      1374        752          0         12          0      14598   netif.o
      4352       2166          0          1          0      25925   pbuf.o
       786         82          0         12          0      12429   port.o
      1202        300         28          4       4717      29529   ppp.o
      1288        774         64         20         48      39790   pppapp.o
      1616         58        556          4        109      26552   pppos.o
      2220         18          0          0          0      23941   queue.o
        36          8        428          0       1024        876   startup_stm32f429xx.o
         2          0          0          0        228       5586   stats.o
        80         14          0         12          0       8478   stm32f4xx_hal.o
       158         14          0          0          0      33362   stm32f4xx_hal_cortex.o
      1080         16          8          0          0       7718   stm32f4xx_hal_dma.o
       478         54          0          0          0       2532   stm32f4xx_hal_gpio.o
       352         34          0          0          0       2033   stm32f4xx_hal_msp.o
       112         14          0          0          0       1368   stm32f4xx_hal_pwr_ex.o
      1392         82          0          0          0       6169   stm32f4xx_hal_rcc.o
       656         44          0          0          0       7660   stm32f4xx_hal_tim.o
         4          0          0          0          0       1721   stm32f4xx_hal_tim_ex.o
       116         16          0          0         64       1543   stm32f4xx_hal_timebase_tim.o
      1832         30          0          0          0      15928   stm32f4xx_hal_uart.o
        76         26          0          0          0       5156   stm32f4xx_it.o
         0          0          0          0          0        392   stream_buffer.o
       432         64         24          4          0      14240   sys_arch.o
        28          6         24          4          0       1275   system_stm32f4xx.o
      2544        196          0         60        240      31036   tasks.o
      7800       3788        201         32          0      42422   tcp.o
      7086       2044          0         36         16      23391   tcp_in.o
      8692       4092         85          0          0      36194   tcp_out.o
      1104        652          0         16          0      11373   tcpip.o
       248        114        602          0          0      12388   test_http.o
       884        544          0          4        496      12371   test_mqtt.o
       804        378         16         12          0       8783   timeouts.o
       200         18          0          8       3169     783695   uart_driver.o
       904        356          0          8          0       6292   udp.o
      1200         34          0         17          0      19364   utils.o
      2410        320          0          0          0       7760   vj.o

    ----------------------------------------------------------------------
     85236      26332       3108        396      40640    1663550   Object Totals
         0          0         32          0          0          0   (incl. Generated)
       104          0         16         11         21          0   (incl. Padding)

    ----------------------------------------------------------------------

      Code (inc. data)   RO Data    RW Data    ZI Data      Debug   Library Member Name

        86          0          0          0          0          0   __dczerorl2.o
        28          0          0          0          0         68   _chval.o
       158          0          0          0          0         92   _strtoul.o
        26          0          0          0          0         80   atoi.o
         8          4        133          0          0         68   ctype_o.o
         0          0          0          0          0          0   entry.o
         0          0          0          0          0          0   entry10a.o
         0          0          0          0          0          0   entry11a.o
         8          4          0          0          0          0   entry2.o
         4          0          0          0          0          0   entry5.o
         0          0          0          0          0          0   entry7b.o
         0          0          0          0          0          0   entry8b.o
         8          4          0          0          0          0   entry9a.o
         8          4          0          4          0         68   errno.o
        30          0          0          0          0          0   handlers.o
        36          8          0          0          0         68   init.o
        30          0          0          0          0         68   llshl.o
        32          0          0          0          0         68   llushr.o
        26          0          0          0          0         80   memcmp.o
        64          0          0          0          0         76   memmovea.o
        36          0          0          0          0        108   memseta.o
      1274         64          0          0          0        656   printf8.o
        36         10          0          4          0        136   rand.o
         0          0          0          4          0          0   stdout.o
        28          0          0          0          0         76   strcmp.o
        14          0          0          0          0         68   strlen.o
       112          0          0          0          0         88   strtol.o
        98          0          0          0          0         92   uldiv.o

    ----------------------------------------------------------------------
      2156         98        136         12          0       1960   Library Totals
         6          0          3          0          0          0   (incl. Padding)

    ----------------------------------------------------------------------

      Code (inc. data)   RO Data    RW Data    ZI Data      Debug   Library Name

      2150         98        133         12          0       1960   mc_w.l

    ----------------------------------------------------------------------
      2156         98        136         12          0       1960   Library Totals

    ----------------------------------------------------------------------

==============================================================================


      Code (inc. data)   RO Data    RW Data    ZI Data      Debug   

     87392      26430       3244        408      40640    1612106   Grand Totals
     87392      26430       3244         44      40640    1612106   ELF Image Totals (compressed)
     87392      26430       3244         44          0          0   ROM Totals

==============================================================================

    Total RO  Size (Code + RO Data)                90636 (  88.51kB)
    Total RW  Size (RW Data + ZI Data)             41048 (  40.09kB)
    Total ROM Size (Code + RO Data + RW Data)      90680 (  88.55kB)

==============================================================================

